avocado_missing.csv
Date,AveragePrice,Total Volume,4046,4225,4770,Total Bags,Small Bags,Large Bags,XLarge Bags,type,year,region
2015-12-13,1.12,1254805.29,15990.38,975504.52,1657.92,261652.47,222446.62,39205.85,,conventional,2015,NewYork
2017-11-05,1.41,1319642.14,61830.21,632293.37,600.5,624918.06,563910.07,60984.25,23.74,conventional,2017,NewYork
2016-08-21,1.47,1334937.86,15005.3,771413.01,4586.26,543933.29,487247.69,52652.56,4033.04,conventional,2016,NewYork
2018-02-04,1.28,2959541.38,96084.63,2250967.25,3253.28,609236.22,569361.35,38734.78,,conventional,2018,NewYork
2018-02-25,1.3,1615325.14,76602.52,841320.18,852.11,696550.33,632625.27,61658.39,,conventional,2018,NewYork
2016-04-03,1.31,1240608.2,15436.69,912292.57,1685.41,311193.53,269122.16,42071.37,0.0,conventional,2016,NewYork
2015-06-28,1.36,1284789.44,,917010.98,3347.48,346716.06,266450.36,80224.13,,conventional,2015,NewYork
2016-10-16,1.89,969846.54,15611.16,636341.88,1794.03,316099.47,279470.03,35805.83,,conventional,2016,NewYork
2017-01-08,1.29,1532074.69,18585.1,1207607.23,6403.22,299479.14,258470.17,40822.02,,conventional,2017,NewYork
2017-04-16,1.76,1222890.71,,775310.37,4900.16,403705.08,339953.84,55759.57,,conventional,2017,NewYork
2016-12-18,1.26,1241381.71,,954802.6,15428.57,256972.37,215851.19,39174.98,,conventional,2016,NewYork
2016-07-10,1.51,1266199.75,15424.35,700324.85,38821.41,511629.14,423617.35,84322.87,,conventional,2016,NewYork
2015-03-22,1.33,1192732.41,22713.33,884992.9,1650.73,283375.45,223369.68,60005.77,,conventional,2015,NewYork
2016-05-08,0.77,2740587.86,26384.21,2283465.22,21633.51,409104.92,349589.72,59095.76,419.44,conventional,2016,NewYork
2017-11-12,1.52,1122350.0,,667319.0,710.0,402660.0,369347.0,33312.0,0.0,conventional,2017,NewYork
2015-05-03,1.32,1679103.39,23447.41,1317970.18,4554.01,333131.79,257688.23,74835.23,,conventional,2015,NewYork
2015-11-22,1.14,1111803.12,15004.7,905344.06,1227.89,190226.47,156660.8,33558.6,,conventional,2015,NewYork
2016-04-10,1.09,987897.9,19209.79,588026.18,2136.66,378525.27,337797.27,38411.25,2316.75,conventional,2016,NewYork
2018-03-18,1.43,1564859.63,73760.49,911098.28,612.78,579388.08,552433.16,24302.69,,conventional,2018,NewYork
2015-09-06,1.22,1340925.56,19894.27,1074698.43,1295.45,245037.41,201210.17,43820.11,,conventional,2015,NewYork
2017-01-15,1.38,1384264.04,14301.61,995747.96,58355.49,315858.98,275101.56,38860.92,1896.5,conventional,2017,NewYork
2016-01-10,1.15,1364272.64,,1012218.12,1669.99,334219.35,278109.41,56109.94,,conventional,2016,NewYork
2016-04-17,1.08,1030786.84,,582843.38,4694.24,427037.1,350600.31,74702.17,,conventional,2016,NewYork
2016-03-27,1.32,1395562.08,,1008215.2,1438.13,368147.19,316529.29,51617.9,0.0,conventional,2016,NewYork
2016-09-25,1.62,1061132.87,121477.42,566149.9,2002.25,371503.3,333527.7,37136.71,,conventional,2016,NewYork
2017-04-09,1.75,1277721.97,37746.37,775729.89,2839.8,461405.91,407168.08,51164.8,,conventional,2017,NewYork
2015-06-07,1.32,1731061.12,24734.98,1347902.88,2235.54,356187.72,296939.83,59171.88,76.01,conventional,2015,NewYork
2016-03-06,1.24,1455656.4,18107.83,1074827.27,2066.31,360654.99,317977.04,42677.95,,conventional,2016,NewYork
2015-10-11,1.28,1099283.22,14859.09,792683.64,721.46,291019.03,214209.27,76809.76,,conventional,2015,NewYork
2015-07-26,1.28,1211731.19,,910716.77,1321.69,280464.51,233874.8,46589.71,0.0,conventional,2015,NewYork
2016-06-05,1.28,3011.11,55.96,2281.21,0.0,673.94,526.67,147.27,,organic,2016,GrandRapids
2016-02-07,1.46,2112.25,1353.88,561.7,0.0,196.67,196.67,0.0,,organic,2016,GrandRapids
2015-08-02,1.63,2807.04,14.18,2366.56,0.0,426.3,420.0,6.3,0.0,organic,2015,GrandRapids
2016-05-08,1.56,1750.18,50.8,1364.24,0.0,335.14,335.14,0.0,,organic,2016,GrandRapids
2015-03-01,1.84,849.44,,506.75,0.0,310.0,310.0,0.0,,organic,2015,GrandRapids
2016-12-11,1.97,1212.71,29.44,855.06,0.0,328.21,160.0,168.21,,organic,2016,GrandRapids
2015-08-16,1.64,2787.28,1152.32,1438.29,0.0,196.67,196.67,0.0,,organic,2015,GrandRapids
2015-07-05,1.84,1296.65,,923.24,0.0,366.23,356.66,9.57,0.0,organic,2015,GrandRapids
2017-04-23,2.13,2101.46,17.88,1363.66,0.0,719.92,716.61,3.31,,organic,2017,GrandRapids
2017-01-08,1.52,2650.61,,1992.56,0.0,550.0,550.0,0.0,0.0,organic,2017,GrandRapids
2015-05-10,1.22,4550.92,36.97,1045.22,0.0,3468.73,346.49,3122.24,,organic,2015,GrandRapids
2018-01-14,1.32,10308.41,14.16,1519.63,0.0,8774.62,8744.72,29.9,,organic,2018,GrandRapids
2015-10-04,1.69,1708.12,613.05,695.07,0.0,400.0,400.0,0.0,0.0,organic,2015,GrandRapids
2018-03-25,1.34,8539.23,73.78,1301.09,0.0,7164.36,7162.69,1.67,,organic,2018,GrandRapids
2015-10-11,1.74,1653.86,517.94,835.92,0.0,300.0,300.0,0.0,,organic,2015,GrandRapids
2015-03-08,1.78,1175.95,69.48,493.14,0.0,613.33,613.33,0.0,,organic,2015,GrandRapids
2016-07-31,1.86,1853.41,885.09,214.99,0.0,753.33,753.33,0.0,0.0,organic,2016,GrandRapids
2016-01-10,1.4,4134.61,2821.21,939.02,0.0,374.38,366.67,7.71,,organic,2016,GrandRapids
2015-06-28,1.92,1206.53,63.3,873.23,0.0,270.0,270.0,0.0,0.0,organic,2015,GrandRapids
2015-06-21,1.93,1235.29,47.51,954.58,0.0,233.2,230.0,3.2,,organic,2015,GrandRapids
2015-01-11,1.1,3067638.32,416900.3,1818618.04,316856.73,515263.25,412976.97,91214.54,11071.74,conventional,2015,GreatLakes
2016-04-24,0.96,3735389.44,624804.28,1787143.44,323412.26,1000029.46,759838.81,217342.89,,conventional,2016,GreatLakes
2016-08-28,1.27,3025330.44,456513.05,1330166.96,166364.88,1072285.55,841776.91,207892.75,22615.89,conventional,2016,GreatLakes
2015-05-17,1.09,3753201.03,787079.55,1939235.3,406338.23,620547.95,481046.82,110126.4,,conventional,2015,GreatLakes
2015-06-21,1.08,3720458.83,487936.68,1958437.1,493928.69,780156.36,611156.81,132172.82,,conventional,2015,GreatLakes
2015-02-01,0.91,4874124.41,,2948564.71,510153.65,646531.7,479453.25,126925.79,40152.66,conventional,2015,GreatLakes
2016-03-27,0.97,3557777.32,370933.32,1846740.22,464302.08,875801.7,541168.93,286623.54,,conventional,2016,GreatLakes
2017-03-12,1.38,2883466.63,460240.32,1259335.82,211090.34,952800.15,549146.17,358275.0,,conventional,2017,GreatLakes
2016-10-09,1.35,2624202.9,419930.06,1162528.89,129381.16,912362.79,571072.59,325870.37,,conventional,2016,GreatLakes
2015-10-18,1.03,2981549.94,,1695841.56,353741.96,535275.88,419558.97,92629.46,,conventional,2015,GreatLakes
2015-09-27,1.1,2770074.76,343271.52,1605775.14,344488.51,476539.59,327299.75,103091.55,46148.29,conventional,2015,GreatLakes
2017-12-24,1.3,2860693.26,507534.15,1076521.4,274898.24,1001739.47,812838.52,172058.17,,conventional,2017,GreatLakes
2018-01-14,1.31,3437563.27,778207.19,1040627.93,294793.29,1323934.86,1117531.11,183163.55,,conventional,2018,GreatLakes
2017-06-18,1.12,4668135.31,707122.82,1685604.76,403401.16,1872006.57,1345931.0,448086.41,77989.16,conventional,2017,GreatLakes
2016-07-31,1.34,3013426.04,,1374844.51,207792.14,982661.14,742994.62,212638.07,,conventional,2016,GreatLakes
2016-05-22,1.0,3705262.31,565308.46,1785951.31,285242.59,1068759.95,777740.27,252029.83,,conventional,2016,GreatLakes
2017-11-05,1.26,3225071.95,696600.38,1043530.21,144063.19,1340878.17,823843.88,510854.52,6179.77,conventional,2017,GreatLakes
2015-10-04,1.05,2814678.93,296032.66,1632488.05,381986.61,504171.61,354840.13,106127.86,,conventional,2015,GreatLakes
2016-06-12,1.15,3443333.94,,1519607.27,285261.84,1044685.79,858070.55,135926.11,,conventional,2016,GreatLakes
2017-02-26,1.08,3848715.52,,1692494.9,368973.25,1221964.62,756489.66,369884.9,95590.06,conventional,2017,GreatLakes
2017-06-04,1.33,3649478.04,559144.79,1336833.13,287895.63,1465604.49,858903.25,564981.58,,conventional,2017,GreatLakes
2017-06-11,1.27,3714237.95,596035.19,1338515.62,248948.07,1530739.07,867501.26,619111.8,,conventional,2017,GreatLakes
2016-02-07,0.85,4865296.26,652666.36,2644419.02,704466.56,863744.32,516542.03,238503.11,,conventional,2016,GreatLakes
2016-02-28,1.05,3419909.75,369566.69,1862761.88,427177.0,760404.18,512998.19,207221.18,40184.81,conventional,2016,GreatLakes
2017-05-21,1.25,628075.85,126440.43,172836.79,745.56,328053.07,327052.45,154.61,,conventional,2017,Seattle
2015-04-12,1.33,396728.35,134346.5,184720.11,11710.31,65951.43,65783.96,144.77,22.7,conventional,2015,Seattle
2017-08-20,1.67,496897.67,,145202.43,447.78,224970.12,168561.46,56032.06,,conventional,2017,Seattle
2015-07-12,1.14,597860.19,261870.98,204320.97,12664.42,119003.82,117906.6,980.83,,conventional,2015,Seattle
2015-09-20,1.02,590721.74,,242849.81,11283.42,178390.07,178374.58,8.85,,conventional,2015,Seattle
2016-02-14,0.98,593651.59,105339.16,152777.85,8215.67,327318.91,326841.0,284.73,,conventional,2016,Seattle
2015-08-02,1.18,519887.27,210529.13,181274.82,12790.08,115293.24,115288.63,2.95,,conventional,2015,Seattle
2015-08-23,1.13,551498.09,137390.97,265837.45,9738.82,138530.85,138486.18,26.47,,conventional,2015,Seattle
2015-01-04,0.97,634522.34,165839.16,341836.86,15291.36,111554.96,96695.27,14859.69,,conventional,2015,Seattle
2017-10-29,1.53,452358.05,109352.84,121941.84,14722.61,206340.76,169263.24,36815.75,,conventional,2017,Seattle
2018-02-11,1.4,468936.03,,129399.46,631.78,240742.98,136973.79,103420.83,348.36,conventional,2018,Seattle
2016-08-14,1.14,591638.12,103908.49,158811.63,2368.4,326549.6,326095.86,88.97,,conventional,2016,Seattle
2015-05-31,1.12,543908.18,244319.84,185303.96,14394.68,99889.7,99789.03,97.35,,conventional,2015,Seattle
2016-07-31,1.12,595856.48,93422.28,157723.11,2598.83,342112.26,341834.97,241.87,,conventional,2016,Seattle
2017-04-02,1.18,618377.56,,176357.55,319.02,338671.1,338015.92,310.82,,conventional,2017,Seattle
2015-06-21,1.19,577605.0,178641.03,272213.83,16161.24,110588.9,110537.43,31.33,20.14,conventional,2015,Seattle
2015-12-20,1.15,404862.32,88134.2,139794.19,6308.35,170625.58,170458.45,11.87,,conventional,2015,Seattle
2015-03-08,1.24,439846.35,,190973.9,8269.01,69966.25,69941.69,8.24,,conventional,2015,Seattle
2016-02-07,0.75,1040955.47,,347695.79,6322.02,576262.08,573866.81,1573.35,,conventional,2016,Seattle
2015-05-10,1.08,638696.86,263440.86,242012.13,9484.24,123759.63,111289.42,12415.67,,conventional,2015,Seattle
2017-12-24,1.46,394845.19,95687.95,123764.9,653.49,174738.85,120140.61,54232.27,,conventional,2017,Seattle
2017-07-16,1.68,473361.62,122341.72,165493.94,762.56,184763.4,107734.09,76671.75,,conventional,2017,Seattle
2017-08-13,1.81,438236.06,108558.45,159897.73,558.27,169221.61,104087.06,64712.1,,conventional,2017,Seattle
2017-10-22,1.48,468703.71,,168488.4,10445.22,174131.65,134104.55,39747.32,279.78,conventional,2017,Seattle
2016-11-06,1.43,446970.37,58648.4,130208.79,528.77,257584.41,256977.65,241.61,,conventional,2016,Seattle
2015-07-19,1.25,491653.57,197532.38,192075.86,11882.66,90162.67,90074.05,88.62,,conventional,2015,Seattle
2017-12-10,1.39,389912.46,85240.97,116349.02,706.43,187616.04,134944.06,51994.82,,conventional,2017,Seattle
2015-05-03,1.55,6372.85,45.29,5832.35,20.71,474.5,474.5,0.0,,organic,2015,HartfordSpringfield
2015-06-07,2.34,3478.25,,2787.48,1.32,413.07,413.07,0.0,,organic,2015,HartfordSpringfield
2015-08-09,2.31,5078.46,1941.88,2656.17,1.36,479.05,479.05,0.0,,organic,2015,HartfordSpringfield
2018-03-11,2.15,17722.27,147.46,8428.14,2.8,9143.87,9143.87,0.0,,organic,2018,HartfordSpringfield
2015-02-01,1.54,6084.48,88.08,5406.05,2.67,587.68,587.68,0.0,0.0,organic,2015,HartfordSpringfield
2016-12-18,2.36,8155.56,152.23,3987.7,4.11,4011.52,3904.85,106.67,0.0,organic,2016,HartfordSpringfield
2016-03-20,2.3,6407.43,160.54,3228.32,2.68,3015.89,3015.89,0.0,,organic,2016,HartfordSpringfield
2017-03-05,2.17,13783.11,255.27,7325.0,4.19,6198.65,6179.25,19.4,,organic,2017,HartfordSpringfield
2017-07-30,2.1,13864.42,72.64,4282.77,2.74,9506.27,9501.7,4.57,0.0,organic,2017,HartfordSpringfield
2016-07-03,2.33,9168.9,,3744.45,8.12,5248.47,5248.47,0.0,0.0,organic,2016,HartfordSpringfield
2016-11-13,2.68,5260.62,,3074.13,20.77,2150.49,2142.8,7.69,0.0,organic,2016,HartfordSpringfield
2015-09-13,2.36,2868.18,49.48,2509.01,2.75,306.94,306.94,0.0,,organic,2015,HartfordSpringfield
2017-05-14,2.58,12456.71,310.12,4316.89,4.13,7825.57,7825.57,0.0,,organic,2017,HartfordSpringfield
2016-12-04,2.42,8036.44,103.64,3639.96,2.74,4290.1,4290.1,0.0,,organic,2016,HartfordSpringfield
2015-05-31,2.24,3193.41,274.09,2489.29,18.36,411.67,411.67,0.0,,organic,2015,HartfordSpringfield
2015-11-22,2.31,2318.13,138.16,2079.91,1.38,98.68,83.07,15.61,,organic,2015,HartfordSpringfield
2016-11-27,2.67,7148.3,46.61,3046.39,2.74,4052.56,4006.86,45.7,0.0,organic,2016,HartfordSpringfield
2017-03-26,2.48,13053.93,173.46,6545.48,0.0,6334.99,6005.87,329.12,,organic,2017,HartfordSpringfield
2016-09-18,2.36,10644.73,83.96,3101.07,5.51,7454.19,7427.43,26.76,,organic,2016,HartfordSpringfield
2017-06-04,2.5,14985.11,340.2,6314.32,0.0,8330.59,8242.95,87.64,,organic,2017,HartfordSpringfield
2017-02-19,1.56,39978.99,849.87,32225.71,0.0,6903.41,6224.38,679.03,0.0,organic,2017,HartfordSpringfield
2016-07-10,2.33,9578.06,202.21,3689.57,1.36,5684.92,5684.92,0.0,,organic,2016,HartfordSpringfield
2015-01-11,2.28,3463.61,,3190.97,0.0,193.33,193.33,0.0,,organic,2015,HartfordSpringfield
2015-10-11,2.27,2819.11,97.26,2144.44,0.0,577.41,386.42,190.99,,organic,2015,HartfordSpringfield
2016-04-10,2.31,8039.96,33.34,2817.51,0.0,5189.11,5144.65,44.46,,organic,2016,HartfordSpringfield
2017-03-12,2.57,13395.7,,5604.12,1.4,7680.36,7680.36,0.0,,organic,2017,HartfordSpringfield
2015-06-28,2.31,2790.4,133.18,2522.05,0.0,135.17,135.17,0.0,,organic,2015,HartfordSpringfield
2017-12-24,1.54,5711.05,210.66,1517.29,0.0,3983.1,3652.57,330.53,0.0,organic,2017,Roanoke
2017-01-29,1.18,7932.55,339.58,3824.05,0.0,3768.92,1293.27,2475.65,,organic,2017,Roanoke
2017-07-16,1.64,6337.48,,2225.86,0.0,3869.43,3079.26,790.17,,organic,2017,Roanoke
2017-05-21,1.59,7576.78,336.52,2483.17,0.0,4757.09,2335.89,2421.2,,organic,2017,Roanoke
2017-04-16,1.24,10898.43,382.64,2457.06,0.0,8058.73,2881.64,5177.09,0.0,organic,2017,Roanoke
2015-07-26,1.34,7695.34,,4828.27,0.0,2752.05,53.33,2698.72,,organic,2015,Roanoke
2016-06-19,1.18,9331.05,156.67,4049.96,0.0,5124.42,1223.8,3900.62,,organic,2016,Roanoke
2017-03-12,1.13,8967.12,297.8,2537.83,0.0,6131.49,2334.33,3797.16,0.0,organic,2017,Roanoke
2016-03-27,0.99,9949.85,154.48,3073.28,0.0,6722.09,1330.24,5391.85,0.0,organic,2016,Roanoke
2015-12-27,1.41,4367.47,33.27,2525.8,0.0,1808.4,690.0,1118.4,0.0,organic,2015,Roanoke
2015-01-25,1.47,5411.77,,4133.72,0.0,1160.21,759.28,400.93,,organic,2015,Roanoke
2017-09-17,1.9,7847.81,,1598.3,0.0,6016.6,4434.42,1582.18,,organic,2017,Roanoke
2015-01-04,1.39,4414.29,56.21,2760.82,0.0,1597.26,1139.42,457.84,,organic,2015,Roanoke
2016-07-10,1.33,9499.39,118.72,5339.53,0.0,4041.14,1340.85,2700.29,,organic,2016,Roanoke
2015-12-20,1.59,3569.54,,3008.82,0.0,513.71,495.93,17.78,,organic,2015,Roanoke
2018-01-21,1.67,7935.53,219.52,1633.41,0.0,6082.6,3524.73,2557.87,,organic,2018,Roanoke
2017-12-31,1.5,5756.97,147.66,1513.56,0.0,4095.75,3747.09,348.66,0.0,organic,2017,Roanoke
2015-10-25,1.56,4336.41,,3016.52,0.0,1257.59,690.0,567.59,0.0,organic,2015,Roanoke
2015-02-08,1.44,5184.57,,3221.39,0.0,1881.27,1583.33,297.94,,organic,2015,Roanoke
2017-06-04,1.51,10058.68,,2674.54,0.0,7066.34,1765.07,5301.27,,organic,2017,Roanoke
2018-01-14,1.55,9598.35,187.7,2080.55,0.0,7330.1,5644.04,1686.06,,organic,2018,Roanoke
2015-07-05,1.37,7883.53,169.14,5367.15,0.0,2347.24,693.33,1653.91,,organic,2015,Roanoke
2017-01-08,1.61,5241.2,263.74,2764.44,0.0,2213.02,2213.02,0.0,,organic,2017,Roanoke
2016-02-21,1.38,4281.11,111.37,3060.73,0.0,1109.01,637.88,471.13,,organic,2016,Roanoke
2017-09-10,2.19,8032.49,258.82,1879.95,0.0,5893.72,3563.69,2330.03,,organic,2017,Roanoke
2015-09-20,1.85,4691.87,67.48,4246.85,0.0,377.54,350.0,27.54,,organic,2015,Roanoke
2018-03-11,1.54,8380.75,168.6,2237.27,0.0,5974.88,5479.54,495.34,,organic,2018,Roanoke
2017-10-01,1.83,7771.43,271.56,1683.7,0.0,5816.17,4753.12,1063.05,,organic,2017,Roanoke
2015-10-04,1.6,5828.18,54.08,4018.33,0.0,1755.77,583.33,1172.44,,organic,2015,Roanoke
2017-11-05,1.5,8255.71,163.9,1362.58,0.0,6729.23,6386.62,342.61,,organic,2017,Roanoke
2016-02-07,1.29,5897.89,80.15,3366.4,0.0,2451.34,657.14,1794.2,,organic,2016,Roanoke
2015-04-05,1.42,6849.71,92.13,5159.16,0.0,1598.42,953.33,645.09,,organic,2015,Roanoke
