avocado_missing.csv
Date,AveragePrice,Total Volume,4046,4225,4770,Total Bags,Small Bags,Large Bags,XLarge Bags,type,year,region
2016-05-22,0.91,113794.41,2002.85,77719.29,2243.57,31828.7,13628.45,17376.34,823.91,conventional,2016,Louisville
2017-11-19,1.18,79284.0,2182.0,33869.0,79.0,43155.0,12675.0,30480.0,,conventional,2017,Louisville
2016-06-12,1.16,84926.73,5365.6,50561.08,2495.61,26504.44,14528.1,9635.97,,conventional,2016,Louisville
2017-04-16,1.22,100089.52,2109.81,47637.85,213.91,50127.95,18406.86,31705.47,,conventional,2017,Louisville
2017-07-02,1.02,113658.98,2605.69,47985.11,340.48,62727.7,23991.67,38397.78,,conventional,2017,Louisville
2017-11-26,1.45,53796.0,,22808.0,107.0,29023.0,10221.0,18803.0,,conventional,2017,Louisville
2016-02-28,0.94,102196.72,2152.34,63256.87,5795.78,30991.73,11801.35,17869.01,,conventional,2016,Louisville
2016-01-10,0.89,99956.44,2088.41,63265.58,2594.82,32007.63,14248.08,17270.79,488.76,conventional,2016,Louisville
2015-04-12,0.97,88236.19,2761.77,61733.99,340.98,23399.45,19990.04,3351.93,,conventional,2015,Louisville
2016-09-18,1.26,87633.41,,48962.95,565.29,35990.23,13498.21,22492.02,0.0,conventional,2016,Louisville
2017-12-24,1.18,80024.09,6596.13,28324.6,217.35,44886.01,23837.75,21035.42,,conventional,2017,Louisville
2016-11-13,1.34,64958.65,,30443.81,215.13,32830.33,11501.96,21328.37,,conventional,2016,Louisville
2016-03-27,0.89,120080.36,1969.51,74446.68,6188.82,37475.35,12424.3,23482.95,,conventional,2016,Louisville
2017-04-23,1.17,93502.86,2091.62,42839.29,236.73,48335.22,16780.79,31343.12,,conventional,2017,Louisville
2015-09-20,1.05,71064.71,1645.41,40184.52,7294.86,21939.92,9084.99,10942.97,,conventional,2015,Louisville
2018-01-21,1.07,119167.18,9137.72,48370.29,699.18,60959.99,34517.5,26442.49,,conventional,2018,Louisville
2017-05-14,1.27,82244.67,2266.19,37229.4,247.88,42501.2,16236.09,26265.11,,conventional,2017,Louisville
2018-02-18,1.06,101522.07,,21287.42,197.27,58825.83,33930.79,24059.49,835.55,conventional,2018,Louisville
2018-01-28,1.18,96546.56,9754.12,34513.14,262.76,52016.54,31382.0,20628.88,,conventional,2018,Louisville
2015-07-12,1.13,72693.94,2051.9,43381.39,1678.98,25581.67,13950.77,11355.84,,conventional,2015,Louisville
2015-06-07,1.01,98865.51,8145.6,62401.26,4540.35,23778.3,12423.77,10432.41,,conventional,2015,Louisville
2015-05-03,1.03,95550.51,2031.68,66286.54,2641.74,24590.55,8761.52,15348.83,480.2,conventional,2015,Louisville
2017-06-04,1.06,121602.81,,48994.64,305.84,70111.13,16752.03,53317.46,,conventional,2017,Louisville
2017-01-08,0.86,118310.74,2489.41,55251.9,397.86,60171.57,17859.61,42296.4,15.56,conventional,2017,Louisville
2016-04-24,0.93,92553.22,2116.01,55939.9,3819.11,30678.2,14568.44,15363.33,,conventional,2016,Louisville
2015-05-17,1.2,73537.14,2114.98,48390.37,4737.13,18294.66,8983.07,8235.74,,conventional,2015,Louisville
2017-10-29,1.23,102915.21,3751.03,44115.78,56.48,54991.92,13041.14,41950.78,,conventional,2017,Louisville
2015-10-18,1.03,74092.73,1772.55,46436.42,2941.09,22942.67,12347.11,10100.74,494.82,conventional,2015,Louisville
2017-03-26,1.28,430467.52,,128683.21,20148.75,148387.88,147197.26,285.62,,conventional,2017,SanDiego
2015-09-06,1.02,502677.35,271640.29,165034.84,19961.19,46041.03,41719.29,4321.74,,conventional,2015,SanDiego
2017-04-16,1.29,465624.88,148202.16,137653.99,22572.45,157196.28,156168.83,122.45,,conventional,2017,SanDiego
2015-11-08,0.92,492385.15,255993.88,154270.39,16457.11,65663.77,58719.13,6944.64,,conventional,2015,SanDiego
2016-01-24,0.85,564637.66,104831.87,157896.39,21607.39,280302.01,238110.78,42191.23,0.0,conventional,2016,SanDiego
2016-02-28,0.8,585693.61,,144667.93,25138.48,272697.77,201892.8,70804.97,,conventional,2016,SanDiego
2015-02-22,0.92,516149.11,301983.87,151869.53,14484.65,47811.06,42234.77,5543.66,,conventional,2015,SanDiego
2015-09-13,1.08,464305.03,,199953.93,21645.98,51402.37,46655.35,4747.02,,conventional,2015,SanDiego
2017-01-01,0.93,560310.35,149666.2,206181.12,15014.45,189448.58,150517.04,37802.65,,conventional,2017,SanDiego
2017-08-27,1.79,356447.96,143124.9,120383.98,19739.14,73199.94,67689.01,4535.81,975.12,conventional,2017,SanDiego
2017-07-02,1.23,584480.72,200562.02,165727.23,23222.54,194968.93,191413.75,47.57,,conventional,2017,SanDiego
2017-03-12,1.24,445311.34,157513.94,139859.05,22386.0,125552.35,122585.47,1039.66,,conventional,2017,SanDiego
2015-12-20,0.94,420476.44,130565.46,119298.5,25052.93,145559.55,111019.22,34540.33,,conventional,2015,SanDiego
2016-07-31,1.16,522678.71,156893.23,167605.98,18152.4,180027.1,156662.69,23324.41,,conventional,2016,SanDiego
2016-03-20,0.76,649914.07,159593.34,189449.0,21444.94,279426.79,228122.01,51304.78,,conventional,2016,SanDiego
2016-09-04,1.06,550756.68,186260.68,164050.31,12126.32,188319.37,177175.95,10942.03,,conventional,2016,SanDiego
2015-11-29,0.91,385289.59,143861.4,140359.41,20206.16,80862.62,64857.94,16004.68,,conventional,2015,SanDiego
2017-01-22,0.74,695873.15,,174728.8,15139.2,192411.38,179361.27,13050.11,,conventional,2017,SanDiego
2016-06-12,0.88,596634.56,216162.48,144195.74,26931.15,209345.19,189261.8,19728.39,,conventional,2016,SanDiego
2017-11-12,1.16,433591.0,168076.0,140122.0,16004.0,109389.0,100528.0,5510.0,,conventional,2017,SanDiego
2015-12-06,0.67,565516.62,,209350.93,17406.01,142269.38,114044.25,28225.13,0.0,conventional,2015,SanDiego
2015-04-19,1.04,488094.98,270328.18,156651.22,13282.24,47833.34,25453.84,22379.5,0.0,conventional,2015,SanDiego
2015-12-13,0.84,462548.3,,118664.89,16726.87,172045.33,128053.44,43991.89,,conventional,2015,SanDiego
2015-03-22,0.96,515764.64,235106.15,221942.26,14165.05,44551.18,38487.7,6063.48,,conventional,2015,SanDiego
2016-12-18,0.9,437170.79,106000.4,161104.63,14145.04,155920.72,115858.84,38951.6,,conventional,2016,SanDiego
2016-06-19,0.98,573831.3,182110.33,160231.9,28933.99,202555.08,183995.42,17443.27,1116.39,conventional,2016,SanDiego
2017-06-11,1.17,522813.2,177782.46,134393.24,19857.93,190779.57,187655.1,160.56,,conventional,2017,SanDiego
2018-01-14,1.41,439652.12,160896.99,136499.29,21680.72,120575.12,113513.51,4689.39,2372.22,conventional,2018,SanDiego
2015-06-28,1.02,495309.23,295023.15,142348.73,15418.32,42519.03,37940.93,4578.1,,conventional,2015,SanDiego
2017-05-07,1.05,613046.52,221144.52,148033.96,20790.62,223077.42,221019.65,202.29,,conventional,2017,SanDiego
2016-10-09,0.91,27051.5,,8511.22,0.0,17862.17,1015.23,16846.94,0.0,organic,2016,Detroit
2015-11-08,1.74,6908.14,,4296.5,0.0,954.14,216.67,737.47,,organic,2015,Detroit
2017-06-11,0.92,38355.38,,4744.42,0.0,33163.0,646.06,32516.94,,organic,2017,Detroit
2017-03-19,1.32,11873.88,729.36,6016.85,0.0,5127.67,669.69,4457.98,,organic,2017,Detroit
2016-09-25,1.08,21564.13,,6839.89,0.0,13937.69,518.66,13419.03,,organic,2016,Detroit
2015-10-11,1.61,7509.74,1111.36,4593.51,0.0,1804.87,480.0,1324.87,,organic,2015,Detroit
2016-08-21,1.4,13662.27,751.81,7547.5,0.0,5362.96,802.78,4560.18,,organic,2016,Detroit
2017-03-05,0.48,50890.73,,4138.84,0.0,46034.32,1385.06,44649.26,,organic,2017,Detroit
2016-10-30,1.77,13787.12,687.53,10103.65,0.0,2995.94,826.9,2169.04,0.0,organic,2016,Detroit
2015-09-27,1.71,7891.05,1434.64,4977.0,0.0,1479.41,456.67,1022.74,,organic,2015,Detroit
2015-02-08,1.86,6499.18,509.02,4643.12,0.0,1347.04,913.33,433.71,,organic,2015,Detroit
2016-08-14,1.45,15193.49,,8921.36,0.0,5491.37,830.38,4660.99,,organic,2016,Detroit
2017-10-08,1.82,18553.99,552.98,3869.45,1.42,14053.35,14007.66,45.69,,organic,2017,Detroit
2015-07-12,1.01,14131.07,,5955.13,0.0,7694.22,436.67,7257.55,0.0,organic,2015,Detroit
2016-06-19,1.03,24427.82,,9121.58,0.0,14427.17,880.0,13547.17,0.0,organic,2016,Detroit
2016-12-04,1.36,12252.47,529.77,4890.87,0.0,6831.83,6310.2,521.63,,organic,2016,Detroit
2017-12-03,1.39,12104.37,403.08,2628.08,0.0,9035.92,8940.1,95.82,,organic,2017,Detroit
2016-09-04,1.03,20778.46,657.1,7977.82,0.0,12143.54,748.81,11394.73,,organic,2016,Detroit
2015-08-16,1.74,10631.12,615.83,8951.71,0.0,1063.58,332.59,730.99,,organic,2015,Detroit
2016-01-31,1.46,10303.61,,5379.14,0.0,3104.13,466.67,2637.46,,organic,2016,Detroit
2015-12-06,1.8,7059.51,,4788.95,0.0,981.28,300.0,681.28,,organic,2015,Detroit
2017-06-04,1.75,14124.57,512.91,4770.64,0.0,8841.02,920.66,7920.36,,organic,2017,Detroit
2016-05-08,1.28,16109.87,292.56,8066.75,0.0,7750.56,1453.52,6297.04,,organic,2016,Detroit
2016-07-31,1.35,17867.29,837.85,8580.22,0.0,8449.22,969.53,7479.69,0.0,organic,2016,Detroit
2015-08-09,1.85,5912.34,556.67,4367.33,0.0,988.34,636.67,351.67,0.0,organic,2015,Detroit
2016-02-14,1.13,154975.46,3573.23,98244.04,14048.13,39110.06,28771.2,6755.11,,conventional,2016,GrandRapids
2015-08-09,1.08,186733.16,,120579.39,8389.85,52956.51,49559.83,3294.27,102.41,conventional,2015,GrandRapids
2015-10-04,0.99,160322.48,3241.7,102316.58,18103.36,36660.84,29446.94,2198.98,5014.92,conventional,2015,GrandRapids
2016-04-10,1.17,155143.97,2129.18,95776.95,3412.42,53825.42,47307.77,5850.39,667.26,conventional,2016,GrandRapids
2015-03-15,1.35,123895.07,1621.03,69452.53,4214.32,48607.19,45347.61,3244.22,,conventional,2015,GrandRapids
2017-01-08,1.26,174079.23,1225.77,102134.85,3082.6,67636.01,60761.6,6851.61,,conventional,2017,GrandRapids
2017-08-13,1.7,125212.99,3912.7,48945.22,30208.75,42146.32,29466.86,3459.77,,conventional,2017,GrandRapids
2016-10-02,1.6,122091.54,1617.76,67660.2,4166.81,48646.77,43757.18,4868.96,,conventional,2016,GrandRapids
2015-12-27,1.13,147713.85,2992.62,101109.84,5754.75,37856.64,30738.09,2919.24,4199.31,conventional,2015,GrandRapids
2015-11-29,1.12,120552.43,3726.77,82760.11,3336.97,30728.58,27835.71,2816.43,,conventional,2015,GrandRapids
2015-09-06,1.09,170309.3,3673.53,111964.57,6016.37,48654.83,45108.48,3486.89,,conventional,2015,GrandRapids
2015-12-20,1.13,126262.26,2630.11,85259.91,3211.51,35160.73,30547.62,2288.36,,conventional,2015,GrandRapids
2016-05-08,1.04,272057.12,1949.46,201017.01,5353.11,63737.54,56652.84,6645.68,,conventional,2016,GrandRapids
2016-09-11,1.58,136492.43,1710.59,76987.54,6085.4,51708.9,46524.9,5159.92,,conventional,2016,GrandRapids
2017-08-20,1.7,124908.76,2503.59,47876.89,29038.08,45490.2,30576.74,5002.47,,conventional,2017,GrandRapids
2017-03-12,1.73,129820.93,1645.17,64057.69,21287.24,42830.83,26704.25,7110.17,9016.41,conventional,2017,GrandRapids
2017-02-12,1.13,176589.86,1277.43,107963.46,8309.17,59039.8,49076.31,6314.58,,conventional,2017,GrandRapids
2015-05-10,1.36,159642.82,7383.85,84947.73,3817.57,63493.67,59129.49,4335.74,,conventional,2015,GrandRapids
2015-04-12,1.13,147494.24,5875.73,66804.31,2717.16,72097.04,68693.55,3377.45,,conventional,2015,GrandRapids
2015-12-13,1.24,117645.69,3809.88,69582.68,3264.07,40989.06,38257.02,2231.37,,conventional,2015,GrandRapids
2015-12-06,0.93,217174.66,4026.57,165454.45,15635.86,32057.78,26570.4,1560.59,3926.79,conventional,2015,GrandRapids
2017-12-17,1.25,162923.49,2042.43,74185.34,48181.44,38514.28,21582.27,3918.17,,conventional,2017,GrandRapids
2016-01-03,0.92,258889.23,3985.19,191590.43,12294.17,51019.44,42961.74,2684.87,,conventional,2016,GrandRapids
2016-04-03,1.1,156883.18,2410.14,97646.19,3234.16,53592.69,47054.51,6427.73,,conventional,2016,GrandRapids
2016-05-15,0.88,295706.69,1673.41,211337.24,6471.52,76224.52,67998.45,7823.6,402.47,conventional,2016,GrandRapids
2016-08-28,1.45,143049.62,2477.85,68530.49,10744.95,61296.33,54347.32,4939.34,,conventional,2016,GrandRapids
2018-03-04,1.74,137419.7,2687.59,54299.89,29572.84,50859.38,33939.14,7138.74,,conventional,2018,GrandRapids
2016-11-13,1.59,118566.57,1340.96,62841.77,2934.42,51449.42,50551.78,892.44,5.2,conventional,2016,GrandRapids
2016-02-21,1.16,142681.62,3581.34,93603.59,4067.71,41428.98,36166.24,5150.74,,conventional,2016,GrandRapids
2015-05-31,1.31,167907.51,7097.0,90411.8,3360.05,67038.66,64208.38,2794.35,,conventional,2015,GrandRapids
2016-04-17,0.89,332191.52,1877.71,256399.93,8605.75,65308.13,58861.1,6229.98,217.05,conventional,2016,GrandRapids
2016-12-25,1.33,149348.88,1345.56,91323.33,3768.64,52911.35,47453.6,5227.71,230.04,conventional,2016,GrandRapids
2015-09-20,0.88,244696.01,,177686.12,9651.55,53745.61,51686.05,1815.57,,conventional,2015,GrandRapids
2017-02-19,0.76,869425.93,,176142.73,16930.22,524637.27,354510.94,169575.72,,conventional,2017,Portland
2017-08-06,1.58,540879.33,125451.64,146938.76,16332.57,252156.36,162070.46,89822.94,,conventional,2017,Portland
2017-10-29,1.29,520629.7,,128666.04,15431.79,223927.25,175517.41,47898.67,511.17,conventional,2017,Portland
2016-05-01,0.76,852118.86,148329.79,219777.04,18792.26,465219.77,461966.02,2894.07,,conventional,2016,Portland
2016-10-23,1.12,568596.03,77057.58,127808.18,12872.16,350858.11,349205.42,1375.66,,conventional,2016,Portland
2017-07-02,0.99,767074.64,138050.07,193657.22,15389.61,419977.74,417909.15,1832.24,,conventional,2017,Portland
2015-11-29,1.04,353818.15,78566.84,113850.46,13672.29,147728.56,147268.25,89.0,371.31,conventional,2015,Portland
2017-05-14,0.95,765147.43,162605.72,154258.39,20830.86,427452.46,412487.49,14659.64,,conventional,2017,Portland
2015-06-21,1.08,579558.0,170388.26,284787.85,32660.15,91721.74,89830.23,14.83,,conventional,2015,Portland
2015-12-27,1.01,417190.47,87748.64,131201.91,16182.87,182057.05,181763.3,44.65,249.1,conventional,2015,Portland
2015-02-15,1.23,363889.04,140491.93,153003.62,16459.01,53934.48,51454.09,2472.63,7.76,conventional,2015,Portland
2017-07-30,1.34,575652.16,145857.23,211102.06,14356.83,204336.04,116878.48,87177.01,,conventional,2017,Portland
2017-06-11,1.0,718937.65,128990.56,168571.5,18215.43,403160.16,401672.14,1316.91,,conventional,2017,Portland
2015-03-22,1.1,426180.78,153885.51,213514.26,16449.01,42332.0,42292.09,37.97,,conventional,2015,Portland
2015-08-16,1.17,465897.27,180693.46,190950.32,15332.72,78920.77,78821.71,94.95,4.11,conventional,2015,Portland
2016-12-11,0.7,923022.14,97136.34,256730.42,11762.18,557393.2,554442.99,1653.04,,conventional,2016,Portland
2015-09-13,1.0,535519.29,222536.88,181246.81,15103.06,116632.54,116569.24,22.02,41.28,conventional,2015,Portland
2018-01-21,1.17,608159.45,,271528.75,18147.81,241678.14,150749.79,90544.14,384.21,conventional,2018,Portland
2015-10-11,0.79,657656.23,84270.47,324386.38,31627.53,217371.85,211701.25,3997.36,1673.24,conventional,2015,Portland
2018-02-11,1.25,507333.47,87666.45,146006.56,17712.54,255947.92,156038.59,99378.83,,conventional,2018,Portland
2017-09-03,1.76,415130.61,113711.41,118369.81,14533.01,168516.38,106243.97,61915.21,,conventional,2017,Portland
2015-08-30,1.14,427776.92,154462.2,186124.73,13235.52,73954.47,73781.04,138.56,34.87,conventional,2015,Portland
2017-01-22,0.87,711564.14,,194199.57,16169.54,393543.44,331105.98,62282.17,,conventional,2017,Portland
2016-01-17,0.87,731385.02,91788.6,249094.94,16915.12,373586.36,366756.26,6677.6,,conventional,2016,Portland
2016-02-14,0.87,567176.93,98599.11,169228.62,15639.48,283709.72,283183.03,392.08,,conventional,2016,Portland
2017-12-03,0.88,777430.0,260954.0,168336.0,12318.0,335821.0,295944.0,39575.0,,conventional,2017,Portland
2015-08-02,1.14,501106.6,,217474.07,20132.68,69771.31,69761.93,7.32,,conventional,2015,Portland
2016-11-20,1.23,455618.12,80040.96,114101.18,13948.69,247527.29,246808.48,500.84,217.97,conventional,2016,Portland
2018-01-07,1.22,567488.01,107127.71,220686.01,14535.35,225138.94,156850.43,67977.85,310.66,conventional,2018,Portland
2017-02-12,0.77,724514.73,159697.86,113321.3,15145.03,436350.54,397601.08,38270.41,,conventional,2017,Portland
2015-01-25,1.09,432770.06,,229573.27,13384.3,58282.2,40428.06,17854.14,,conventional,2015,Portland
2015-11-08,1.04,406548.16,100419.74,152265.41,15085.38,138777.63,136935.61,236.07,1605.95,conventional,2015,Portland
