avocado_missing.csv
Date,AveragePrice,Total Volume,4046,4225,4770,Total Bags,Small Bags,Large Bags,XLarge Bags,type,year,region
2016-05-08,0.64,3942054.31,1416928.16,929683.64,107683.95,1487758.56,1104179.23,362931.85,20647.48,conventional,2016,LosAngeles
2017-09-03,1.61,2176974.29,1050438.58,441327.04,112400.98,572807.69,521219.23,15575.83,,conventional,2017,LosAngeles
2017-03-05,0.99,2768930.88,897311.08,518369.51,83307.14,1269943.15,1214991.2,6376.28,,conventional,2017,LosAngeles
2016-06-12,0.83,3248769.26,,529969.99,105646.55,1173633.32,1064384.25,84760.03,24489.04,conventional,2016,LosAngeles
2017-07-09,1.12,3382974.98,1520215.45,437585.1,87693.03,1337481.4,1285980.32,788.55,,conventional,2017,LosAngeles
2016-02-14,0.65,3664088.6,931605.09,837742.21,90043.21,1804698.09,1567442.4,222150.04,,conventional,2016,LosAngeles
2015-03-22,1.01,2466735.33,1423482.89,679696.81,68607.44,294948.19,275797.37,17691.29,,conventional,2015,LosAngeles
2015-04-26,1.02,2355703.98,1567937.53,427885.78,62487.28,297393.39,280321.62,15427.14,,conventional,2015,LosAngeles
2017-03-26,1.12,2583323.58,861802.43,418362.3,83244.93,1219913.92,1168719.39,1177.9,,conventional,2017,LosAngeles
2017-05-28,1.13,3243908.89,1296066.67,466479.64,102414.38,1378948.2,1324066.55,300.84,,conventional,2017,LosAngeles
2017-10-15,1.67,1779831.36,741758.67,385402.67,94134.88,558535.14,509468.27,15849.71,,conventional,2017,LosAngeles
2016-02-28,0.72,3332578.34,812808.39,750266.34,95505.05,1673998.56,1459896.71,196813.37,,conventional,2016,LosAngeles
2015-09-06,0.92,2983163.34,1809743.28,738938.41,90624.69,343856.96,312763.93,26701.71,,conventional,2015,LosAngeles
2016-08-21,0.93,3086167.04,1264167.99,480926.04,57962.68,1283110.33,1204789.47,43207.72,,conventional,2016,LosAngeles
2016-05-22,0.76,3134305.39,1084784.88,782144.64,89228.29,1178147.58,1068850.13,87973.45,21324.0,conventional,2016,LosAngeles
2015-12-20,0.85,2149872.45,870581.1,396515.66,96111.9,786663.79,681332.22,94921.87,,conventional,2015,LosAngeles
2017-04-09,1.01,2993246.61,,408516.09,106825.66,1520464.82,1460394.98,10162.56,,conventional,2017,LosAngeles
2017-09-17,1.73,1865690.48,837463.16,357662.06,84556.11,586009.15,543636.79,13163.62,,conventional,2017,LosAngeles
2016-07-10,0.93,3293224.51,1217453.35,678995.34,81637.45,1315138.37,1201242.48,85231.86,,conventional,2016,LosAngeles
2017-06-25,0.92,3655667.22,1609002.4,414532.82,90801.1,1541330.9,1496630.45,696.59,,conventional,2017,LosAngeles
2017-09-10,1.74,1969051.97,898753.94,359807.34,94971.16,615519.53,568315.4,14394.75,32809.38,conventional,2017,LosAngeles
2016-07-03,0.95,3449361.49,1317678.72,746045.11,107625.85,1278011.81,1147086.62,96717.6,,conventional,2016,LosAngeles
2017-10-01,1.77,1697028.59,725653.31,335816.39,78098.02,557460.87,510568.78,17512.89,,conventional,2017,LosAngeles
2016-08-14,1.03,1114834.28,266260.92,757100.85,31009.27,60463.24,58400.39,900.35,,conventional,2016,SanFrancisco
2016-02-14,1.34,696959.32,200199.01,357790.26,39859.46,99110.59,98394.37,688.22,28.0,conventional,2016,SanFrancisco
2016-09-04,1.47,850104.12,203090.38,552428.86,10836.96,83747.92,82334.2,962.33,,conventional,2016,SanFrancisco
2016-09-25,1.43,860546.65,210602.19,549378.28,7878.79,92687.39,89785.42,1571.69,,conventional,2016,SanFrancisco
2017-04-30,1.93,612104.34,151929.31,369058.38,4331.73,86784.92,84446.16,671.26,1667.5,conventional,2017,SanFrancisco
2017-01-22,0.94,1089513.11,297208.6,722757.78,5364.85,64181.88,59393.11,3290.16,,conventional,2017,SanFrancisco
2015-07-12,1.39,680351.84,149802.29,430540.93,10213.51,89795.11,88477.64,893.86,,conventional,2015,SanFrancisco
2016-04-10,1.38,765652.36,216993.87,399403.75,61241.91,88012.83,85683.08,894.49,1435.26,conventional,2016,SanFrancisco
2015-02-01,0.91,1352027.64,369580.89,896514.3,20587.92,65344.53,64393.44,832.23,,conventional,2015,SanFrancisco
2016-02-28,1.29,824092.61,,445285.06,39537.9,100727.2,99966.0,745.56,,conventional,2016,SanFrancisco
2015-11-08,1.4,599884.32,165981.13,319176.32,36598.97,78127.9,77364.54,693.33,,conventional,2015,SanFrancisco
2017-03-19,1.79,639050.82,,358216.27,6446.38,89047.99,87289.79,342.06,1416.14,conventional,2017,SanFrancisco
2016-06-19,1.44,800921.02,,459979.37,43427.34,87198.76,85053.17,1080.31,,conventional,2016,SanFrancisco
2016-08-07,1.49,753570.45,189861.8,463372.96,28987.5,71348.19,70181.66,869.31,297.22,conventional,2016,SanFrancisco
2016-05-29,1.34,891069.03,,462079.65,52673.73,72034.18,70154.87,676.56,,conventional,2016,SanFrancisco
2018-01-21,1.01,1301932.95,259497.05,919666.37,2578.69,120190.84,117863.67,80.08,,conventional,2018,SanFrancisco
2017-09-17,1.81,648318.59,129172.57,428254.49,3490.1,87401.43,86891.91,163.49,,conventional,2017,SanFrancisco
2017-11-12,1.27,875104.0,289970.0,496390.0,2439.0,86306.0,84463.0,73.0,,conventional,2017,SanFrancisco
2016-09-18,1.5,813575.88,173635.07,549722.44,9254.46,80963.91,75829.93,3098.42,,conventional,2016,SanFrancisco
2015-01-04,0.99,907795.89,179507.69,637000.1,8803.79,82484.31,82033.71,444.44,,conventional,2015,SanFrancisco
2016-07-03,1.41,891917.15,202576.49,546096.5,54358.08,88886.08,86921.08,945.56,,conventional,2016,SanFrancisco
2015-06-21,1.52,673720.54,161726.05,396191.28,29789.01,86014.2,84970.33,1043.87,,conventional,2015,SanFrancisco
2015-08-16,1.59,618237.58,145519.47,364968.69,27530.5,80218.92,79372.32,846.6,,conventional,2015,SanFrancisco
2016-03-13,1.41,714002.3,192002.8,383557.6,52459.24,85982.66,85202.82,726.43,53.41,conventional,2016,SanFrancisco
2016-11-20,1.89,510752.32,120582.11,308963.91,2239.28,78967.02,74502.41,1192.67,,conventional,2016,SanFrancisco
2015-05-03,1.0,1310364.67,,975141.69,32834.29,65327.99,64042.6,971.5,,conventional,2015,SanFrancisco
2015-11-22,1.06,354986.48,83984.24,218912.41,12684.6,39405.23,39405.23,0.0,0.0,conventional,2015,Sacramento
2017-11-12,1.23,442150.0,120349.0,268009.0,984.0,52808.0,48720.0,546.0,,conventional,2017,Sacramento
2015-12-20,1.0,385518.03,,224843.47,15917.28,45152.67,45138.23,8.66,5.78,conventional,2015,Sacramento
2017-09-24,1.7,314818.19,89050.27,187831.17,962.78,36973.97,34708.41,2069.24,,conventional,2017,Sacramento
2017-02-26,1.08,499261.3,163501.3,282428.66,6156.19,47175.15,45582.62,242.71,1349.82,conventional,2017,Sacramento
2016-06-19,1.2,508036.18,,276855.96,18508.95,55316.35,54341.35,0.0,,conventional,2016,Sacramento
2016-03-20,1.18,404736.39,128297.4,203155.49,19762.52,53520.98,53491.92,26.15,2.91,conventional,2016,Sacramento
2015-06-28,1.26,423984.04,143118.33,210343.54,13590.1,56932.07,56932.07,0.0,0.0,conventional,2015,Sacramento
2016-12-25,1.07,428247.63,119611.9,263467.16,811.18,44357.39,39136.56,2868.61,,conventional,2016,Sacramento
2016-05-29,1.18,489338.25,166777.3,252374.66,18823.94,51362.35,51287.11,4.39,70.85,conventional,2016,Sacramento
2017-05-14,1.56,410450.05,152535.19,199991.54,1396.48,56526.84,54722.49,509.35,,conventional,2017,Sacramento
2016-10-30,1.79,238699.3,97713.53,118831.23,1177.31,20977.23,20196.46,435.77,345.0,conventional,2016,Sacramento
2016-04-03,1.05,488547.76,128563.45,284764.63,21875.92,53343.76,53306.03,37.73,,conventional,2016,Sacramento
2017-03-26,1.57,375225.76,136446.55,190537.19,1187.45,47054.57,44746.86,95.41,2212.3,conventional,2017,Sacramento
2015-07-05,1.26,550810.62,,305122.62,17131.92,67335.82,67335.82,0.0,,conventional,2015,Sacramento
2017-10-15,1.68,342218.56,89884.18,208158.38,800.92,43375.08,42344.65,833.74,,conventional,2017,Sacramento
2017-10-22,1.58,337225.47,93869.48,204224.61,851.79,38279.59,37630.79,468.16,180.64,conventional,2017,Sacramento
2017-06-25,1.5,492249.41,166509.01,261622.93,9937.63,54179.84,52113.51,561.33,1505.0,conventional,2017,Sacramento
2015-12-27,0.98,403741.62,98482.89,249362.94,13805.3,42090.49,42084.71,5.78,,conventional,2015,Sacramento
2015-06-07,1.18,435087.17,143063.59,224039.06,14288.77,53695.75,53695.75,0.0,,conventional,2015,Sacramento
2015-07-26,1.32,395471.89,130034.73,200668.51,13184.96,51583.69,51550.15,33.54,,conventional,2015,Sacramento
2015-07-19,1.29,404604.85,130412.82,210334.54,9285.1,54572.39,54572.39,0.0,0.0,conventional,2015,Sacramento
2016-11-06,1.78,266345.33,,137695.34,1450.27,33681.11,33675.22,5.89,0.0,conventional,2016,Sacramento
2018-02-11,1.07,554598.15,193066.47,282308.93,1180.54,78042.21,70403.14,1800.9,5838.17,conventional,2018,Sacramento
2017-04-23,1.6,370499.27,140311.55,183045.02,1050.45,46092.25,44010.19,117.06,,conventional,2017,Sacramento
2015-05-03,1.05,662034.34,,458178.77,13261.84,41485.92,41281.75,0.0,204.17,conventional,2015,Sacramento
2017-11-19,1.45,331472.0,107079.0,174514.0,696.0,49184.0,43875.0,822.0,,conventional,2017,Sacramento
2015-02-22,1.14,405013.16,137425.32,216791.05,11561.59,39235.2,39235.2,0.0,,conventional,2015,Sacramento
2015-08-23,1.26,405274.71,112710.34,233164.62,12415.75,46984.0,46984.0,0.0,,conventional,2015,Sacramento
2016-12-18,1.04,384448.27,125324.05,218206.45,887.61,40030.16,32583.06,5207.1,,conventional,2016,Sacramento
2017-01-15,1.2,469431.68,147645.88,275717.97,670.73,45397.1,42762.25,2404.85,230.0,conventional,2017,Sacramento
2016-06-12,1.15,501159.1,,263137.09,22373.0,57049.82,56671.26,13.14,,conventional,2016,Sacramento
2015-08-09,1.25,731125.01,18237.36,526303.06,104796.41,81788.18,79510.48,1904.8,372.9,conventional,2015,Chicago
2015-04-26,1.24,779868.01,46749.43,543002.3,97410.38,92705.9,88341.96,3573.83,,conventional,2015,Chicago
2018-02-04,0.88,1802646.35,257095.68,1235325.42,158735.41,151489.84,91953.59,59112.77,,conventional,2018,Chicago
2015-11-29,1.11,602481.22,,422479.32,74988.97,62161.46,61862.57,298.89,,conventional,2015,Chicago
2015-02-22,1.18,773078.09,39072.26,533387.47,106178.47,94439.89,90447.44,3976.51,,conventional,2015,Chicago
2015-06-21,1.24,804902.52,34715.08,536926.08,122239.65,111021.71,107242.86,1658.76,,conventional,2015,Chicago
2018-01-07,1.5,842141.42,132853.21,475772.58,139314.8,94200.83,85019.84,9161.86,19.13,conventional,2018,Chicago
2018-02-18,1.53,736317.26,67207.4,403149.52,131732.99,134227.35,98803.7,35146.84,276.81,conventional,2018,Chicago
2015-10-11,1.08,708914.17,,503813.92,119996.31,68648.48,65144.93,528.99,,conventional,2015,Chicago
2016-07-24,1.66,658913.69,42452.5,386821.79,109032.48,120606.92,113683.42,1819.86,,conventional,2016,Chicago
2016-01-31,1.12,774091.49,,512608.82,132958.04,93310.7,92124.35,1186.35,,conventional,2016,Chicago
2016-05-22,1.11,903864.9,,592064.53,145104.44,130127.26,121785.52,6544.59,,conventional,2016,Chicago
2016-07-10,1.53,712080.66,,381030.54,150963.07,127546.22,118624.54,1894.09,,conventional,2016,Chicago
2017-12-17,1.49,620053.78,113959.92,275986.91,99248.93,130858.02,77380.8,53445.77,,conventional,2017,Chicago
2015-06-07,1.24,824216.23,51410.51,544663.98,122929.34,105212.4,99942.37,4693.09,,conventional,2015,Chicago
2015-08-16,1.16,817690.89,19193.94,609692.45,104997.44,83807.06,80018.54,3447.81,,conventional,2015,Chicago
2017-12-10,1.13,1021445.27,,277789.3,90891.04,510679.1,87489.87,423185.75,3.48,conventional,2017,Chicago
2017-07-30,1.62,735265.55,76110.93,447892.34,134637.19,76625.09,66465.51,7716.18,2443.4,conventional,2017,Chicago
2015-09-20,1.19,729117.42,16477.56,534644.45,103103.75,74891.66,71195.89,3316.58,,conventional,2015,Chicago
2018-03-18,1.42,841171.24,85185.29,435552.05,174149.72,146284.18,110035.76,34764.91,,conventional,2018,Chicago
2017-01-29,1.1,830499.38,86213.34,511365.64,135946.07,96974.33,85615.7,1691.15,,conventional,2017,Chicago
2016-06-12,1.3,770843.17,50498.4,478335.91,140924.68,101084.18,98096.94,2213.29,,conventional,2016,Chicago
2016-07-31,1.68,614939.39,38275.52,373205.75,97843.18,105614.94,104111.58,317.97,,conventional,2016,Chicago
2015-05-03,1.04,978376.13,64798.64,690167.81,129694.01,93715.67,89297.42,4414.64,3.61,conventional,2015,Chicago
2018-01-21,1.42,951648.11,,473797.46,154585.97,212505.15,79124.15,133370.44,,conventional,2018,Chicago
2016-03-20,1.11,770557.34,36017.62,514604.02,122807.96,97127.74,93973.32,3147.06,,conventional,2016,Chicago
2016-01-03,0.93,1009667.15,77301.31,656386.69,162054.24,113924.91,80769.55,21615.36,11540.0,conventional,2016,Chicago
2017-01-01,1.15,803348.87,87695.7,531287.44,114647.36,69718.37,63550.62,1078.38,,conventional,2017,Chicago
2018-02-25,1.51,794925.31,,452448.67,131640.53,136370.48,91023.86,44466.75,,conventional,2018,Chicago
2018-02-11,1.75,7732.34,1448.4,752.88,1.75,5529.31,3018.89,2510.42,,organic,2018,StLouis
2015-06-21,1.83,3485.49,2154.15,1059.48,0.0,271.86,125.2,146.66,,organic,2015,StLouis
2015-06-07,1.92,3892.36,1910.2,1704.54,0.0,277.62,103.33,174.29,0.0,organic,2015,StLouis
2016-07-17,2.0,5499.33,,2535.31,0.0,1523.22,1523.22,0.0,,organic,2016,StLouis
2017-03-19,1.19,10420.76,1187.88,489.0,0.0,8743.88,1218.56,7525.32,0.0,organic,2017,StLouis
2018-02-04,1.69,6493.79,1328.38,666.47,0.0,4498.94,2696.67,1802.27,,organic,2018,StLouis
2017-03-05,1.23,8150.41,1233.15,462.58,0.0,6454.68,382.99,6071.69,0.0,organic,2017,StLouis
2017-10-29,1.8,6098.89,14.42,924.45,0.0,5160.02,3222.62,1937.4,,organic,2017,StLouis
2016-09-25,1.5,5873.36,1707.38,708.57,0.0,3457.41,1017.25,2440.16,,organic,2016,StLouis
2017-10-08,2.27,6086.65,,733.82,0.0,5333.8,2024.86,3308.94,,organic,2017,StLouis
2016-06-26,1.74,7231.64,1646.65,1916.95,21.42,3646.62,3646.62,0.0,,organic,2016,StLouis
2016-11-20,1.04,10510.27,,537.0,0.0,8595.91,1375.01,7220.9,,organic,2016,StLouis
2016-05-15,1.69,6797.21,2767.39,1279.65,0.0,2750.17,315.53,2434.64,0.0,organic,2016,StLouis
2015-05-10,2.0,3593.05,1577.96,1820.99,0.0,194.1,80.0,114.1,,organic,2015,StLouis
2015-04-05,2.13,3420.17,1254.85,2065.32,0.0,100.0,100.0,0.0,0.0,organic,2015,StLouis
2016-01-03,0.86,10026.13,1303.08,932.82,5.29,7784.94,83.92,7701.02,,organic,2016,StLouis
2016-10-16,1.6,8973.5,2383.54,1980.2,0.0,4609.76,836.11,3773.65,0.0,organic,2016,StLouis
2018-03-18,1.8,7105.79,1052.26,2821.98,7.09,3224.46,3207.79,16.67,0.0,organic,2018,StLouis
2016-07-10,1.74,5055.17,,1915.03,0.0,2716.16,2716.16,0.0,,organic,2016,StLouis
2016-11-13,1.49,6840.22,1944.42,545.57,0.0,4350.23,1526.66,2823.57,,organic,2016,StLouis
2017-06-11,2.05,7973.35,2393.62,2139.09,12.2,3428.44,2034.3,1394.14,0.0,organic,2017,StLouis
2015-10-18,1.26,7031.45,,1798.19,0.0,3415.29,56.67,3358.62,,organic,2015,StLouis
2015-01-11,1.84,3762.18,,1590.15,0.0,263.33,263.33,0.0,,organic,2015,StLouis
2016-12-25,1.36,4173.63,,349.44,0.0,2333.84,1183.98,1149.86,,organic,2016,StLouis
2017-09-10,2.69,5157.52,101.21,1107.34,0.0,3948.97,101.11,3847.86,,organic,2017,StLouis
2015-01-25,1.93,4131.86,1526.97,2031.56,0.0,573.33,573.33,0.0,,organic,2015,StLouis
2015-11-08,1.48,4963.92,1709.66,1279.12,194.73,1780.41,388.94,1391.47,0.0,organic,2015,StLouis
2017-06-04,1.56,5718.65,,1976.71,0.0,3283.87,46.67,3237.2,0.0,organic,2017,Spokane
2016-09-18,1.51,2714.12,549.78,263.49,0.0,1900.85,360.0,1540.85,,organic,2016,Spokane
2015-10-11,1.8,2180.46,242.52,1442.16,0.0,495.78,8.42,487.36,0.0,organic,2015,Spokane
2017-11-12,2.17,3113.68,276.49,1165.5,0.0,1671.69,506.66,1165.03,,organic,2017,Spokane
2016-11-13,2.35,1795.08,38.49,1229.53,1.01,526.05,43.33,482.72,,organic,2016,Spokane
2015-08-02,2.11,2184.03,331.81,1800.15,0.0,52.07,0.0,52.07,0.0,organic,2015,Spokane
2016-10-30,2.89,1043.41,105.07,907.25,3.03,28.06,0.0,28.06,,organic,2016,Spokane
2015-08-23,2.11,1553.92,315.82,1027.34,9.34,201.42,0.0,201.42,0.0,organic,2015,Spokane
2015-11-08,1.73,1837.88,118.46,1392.66,0.0,326.76,16.67,310.09,0.0,organic,2015,Spokane
2015-05-03,1.62,4147.44,1380.54,2400.14,3.79,362.97,0.0,362.97,,organic,2015,Spokane
2015-02-22,1.41,4655.86,2067.41,2588.45,0.0,0.0,0.0,0.0,,organic,2015,Spokane
2016-10-09,2.26,1792.53,123.09,853.68,192.57,623.19,123.53,499.66,,organic,2016,Spokane
2015-07-05,1.85,3162.45,799.67,2362.78,0.0,0.0,0.0,0.0,,organic,2015,Spokane
2016-03-27,1.45,2927.32,59.51,1996.63,1.92,869.26,0.0,869.26,,organic,2016,Spokane
2016-01-10,1.2,3528.15,44.29,1435.6,3.85,2044.41,0.0,2044.41,,organic,2016,Spokane
2015-11-29,1.8,1180.38,,825.93,0.0,312.12,0.0,312.12,,organic,2015,Spokane
2015-05-24,1.76,2882.1,,1617.67,3.78,309.41,0.0,309.41,0.0,organic,2015,Spokane
2016-09-04,1.93,2088.07,645.19,996.54,0.0,446.34,22.53,423.81,,organic,2016,Spokane
2015-10-04,1.92,2887.52,283.25,2418.74,3.78,181.75,12.59,169.16,,organic,2015,Spokane
2015-12-13,1.32,2568.24,38.55,1587.44,0.0,942.25,0.0,942.25,0.0,organic,2015,Spokane
2017-04-23,1.77,4478.9,322.84,1586.56,8.5,2561.0,30.0,2531.0,,organic,2017,Spokane
2017-10-29,2.48,2797.66,272.0,946.72,0.0,1578.94,520.0,1058.94,,organic,2017,Spokane
2016-07-03,1.69,3136.55,403.35,1599.9,0.0,1133.3,7.51,1125.79,,organic,2016,Spokane
2015-01-18,1.44,4363.13,582.64,3132.56,0.0,647.93,146.67,501.26,,organic,2015,Spokane
2016-05-15,1.61,3399.86,77.0,2582.47,0.0,740.39,0.0,740.39,0.0,organic,2016,Spokane
2015-09-06,2.12,1815.62,368.32,1198.78,0.0,248.52,0.0,248.52,0.0,organic,2015,Spokane
2016-11-27,1.33,3169.8,,645.56,0.0,2485.67,23.68,2461.99,,organic,2016,Spokane
