avocado_missing.csv
Date,AveragePrice,Total Volume,4046,4225,4770,Total Bags,Small Bags,Large Bags,XLarge Bags,type,year,region
2017-06-25,1.17,25446.92,4521.58,3679.04,27.25,17219.05,3967.53,13251.52,,organic,2017,Denver
2015-09-20,1.36,25808.98,,3509.31,13.7,16176.25,356.67,15819.58,,organic,2015,Denver
2016-12-11,0.98,34903.11,,1601.73,16.07,19193.0,379.52,18813.48,0.0,organic,2016,Denver
2016-07-24,1.47,28452.22,14466.93,3103.21,53.93,10828.15,10778.15,50.0,,organic,2016,Denver
2015-11-29,0.88,56722.58,5178.73,11715.12,15.54,39813.19,385.54,39427.65,,organic,2015,Denver
2017-01-15,0.73,50686.37,18780.82,3010.21,270.75,28624.59,15918.63,12705.96,,organic,2017,Denver
2017-03-05,0.94,62976.43,23363.47,3586.2,23.18,36003.58,34708.32,1295.26,,organic,2017,Denver
2015-02-08,1.4,22798.51,3017.93,7175.41,9.63,12595.54,2293.33,10302.21,,organic,2015,Denver
2017-01-29,1.49,18341.33,13842.27,3182.83,13.72,1302.51,1226.26,76.25,,organic,2017,Denver
2017-11-12,1.99,16859.85,4294.35,411.81,20.71,12132.98,12014.56,118.42,,organic,2017,Denver
2015-04-19,1.44,23563.42,6897.03,4706.9,65.71,11893.78,683.33,11210.45,,organic,2015,Denver
2015-02-01,1.29,27527.63,4823.79,10709.5,104.48,11889.86,1323.33,10566.53,,organic,2015,Denver
2015-11-15,1.33,23789.01,11293.76,3356.13,29.19,9109.93,1068.24,8041.69,,organic,2015,Denver
2016-02-21,1.07,33868.46,5720.97,2259.38,4.41,25883.7,15546.79,10336.91,,organic,2016,Denver
2017-02-26,0.78,64041.86,12233.34,2065.58,39.34,49703.6,26967.75,22735.85,0.0,organic,2017,Denver
2015-12-27,1.43,23728.62,9299.54,2853.98,12.14,11562.96,330.31,11232.65,,organic,2015,Denver
2017-12-24,1.61,29466.81,6227.29,528.01,30.11,22681.4,22304.32,377.08,,organic,2017,Denver
2017-02-05,1.38,17713.66,,1335.07,20.82,7292.15,105.6,7186.55,,organic,2017,Denver
2017-03-26,0.85,67657.35,10129.43,1677.51,36.31,55814.1,55592.7,221.4,,organic,2017,Denver
2016-12-25,0.93,23425.81,5412.78,884.75,75.54,17052.74,14897.14,2155.6,,organic,2016,Denver
2016-03-13,0.74,100571.11,,12791.08,53.1,70102.71,16189.63,53913.08,,organic,2016,Denver
2015-10-18,1.3,25827.35,2156.55,5707.23,26.07,17937.5,434.23,17503.27,0.0,organic,2015,Denver
2017-08-13,2.08,22375.66,7525.31,864.59,58.85,13926.91,13825.94,100.97,,organic,2017,Denver
2015-09-06,1.43,27271.95,,5153.61,11.45,18285.92,185.09,18100.83,0.0,organic,2015,Denver
2015-11-22,1.39,23094.34,6643.41,5729.32,30.25,10691.36,523.98,10167.38,,organic,2015,Denver
2016-03-27,1.24,30425.9,8689.45,2179.12,25.57,19531.76,659.66,18872.1,,organic,2016,Denver
2017-05-28,1.69,28877.5,25873.17,2438.11,165.37,400.85,303.23,97.62,,organic,2017,Denver
2016-05-01,0.86,182067.69,,40808.35,142.93,55697.89,25142.95,30554.94,0.0,organic,2016,Denver
2017-06-04,1.49,687913.86,449727.4,85907.47,238.92,152040.07,84992.72,64412.35,,conventional,2017,MiamiFtLauderdale
2016-01-03,1.13,502583.68,,44399.13,40.78,108151.02,64404.45,43746.57,,conventional,2016,MiamiFtLauderdale
2015-04-05,1.11,510738.88,370549.02,48767.27,91.39,91331.2,49707.36,41286.34,337.5,conventional,2015,MiamiFtLauderdale
2016-07-03,0.96,868986.46,,184172.52,129.62,204708.68,95020.96,92318.0,17369.72,conventional,2016,MiamiFtLauderdale
2015-12-06,1.25,340513.61,247061.97,34861.19,83.27,58507.18,25297.27,33209.91,0.0,conventional,2015,MiamiFtLauderdale
2016-02-28,0.83,822403.21,428974.24,169811.82,702.82,222914.33,56123.39,166790.94,0.0,conventional,2016,MiamiFtLauderdale
2018-01-28,1.4,661212.22,,54463.83,2465.91,163876.04,95377.39,68491.98,,conventional,2018,MiamiFtLauderdale
2015-07-05,0.98,718152.22,,101119.61,193.76,132960.51,72566.19,60394.32,0.0,conventional,2015,MiamiFtLauderdale
2018-03-11,1.19,888615.09,603091.72,74717.78,2009.9,208795.69,97893.87,110561.82,,conventional,2018,MiamiFtLauderdale
2016-11-06,1.51,426159.64,176243.94,96964.16,232.81,152718.73,53017.4,99149.94,,conventional,2016,MiamiFtLauderdale
2015-03-29,1.25,370065.74,261045.75,32977.11,87.26,75955.62,47569.63,28385.99,,conventional,2015,MiamiFtLauderdale
2016-08-21,1.23,565825.46,296954.65,128877.47,95.35,139897.99,82057.39,51085.6,6755.0,conventional,2016,MiamiFtLauderdale
2017-07-16,1.48,523617.87,367930.59,65180.09,301.98,90205.21,38434.8,41978.19,,conventional,2017,MiamiFtLauderdale
2015-08-30,1.24,362232.28,212188.58,66569.74,73.73,83400.23,59815.95,23581.37,,conventional,2015,MiamiFtLauderdale
2017-07-09,1.43,550195.13,371243.58,67379.1,239.94,111332.51,44355.87,55317.47,11659.17,conventional,2017,MiamiFtLauderdale
2017-02-19,1.35,468266.51,262617.9,89037.77,253.62,116357.22,58634.83,57722.39,,conventional,2017,MiamiFtLauderdale
2016-01-31,1.11,492691.03,287032.09,79763.12,168.96,125726.86,59045.69,66681.17,,conventional,2016,MiamiFtLauderdale
2018-02-11,1.0,856022.49,580099.01,76468.67,2153.49,197301.32,106427.69,90813.63,,conventional,2018,MiamiFtLauderdale
2017-04-09,1.54,494093.73,312737.23,74502.99,242.38,106611.13,66358.64,40164.99,,conventional,2017,MiamiFtLauderdale
2015-06-21,0.96,669409.29,445033.36,90433.46,5433.8,128508.67,74032.13,54476.54,,conventional,2015,MiamiFtLauderdale
2017-01-29,1.3,609721.18,,128996.33,519.69,208308.68,99039.03,108598.82,,conventional,2017,MiamiFtLauderdale
2018-01-07,1.22,746903.16,513398.84,68558.71,1946.21,162999.4,75200.98,87798.42,,conventional,2018,MiamiFtLauderdale
2017-10-22,1.86,14482.57,265.15,3671.03,0.0,10546.39,5671.95,4874.44,0.0,organic,2017,CincinnatiDayton
2016-02-21,1.33,10563.94,529.0,7783.07,0.0,2251.87,348.67,1903.2,,organic,2016,CincinnatiDayton
2016-05-15,1.4,15206.47,,8892.58,0.0,5954.87,1681.91,4272.96,,organic,2016,CincinnatiDayton
2015-08-02,1.62,15286.4,198.92,14035.28,0.0,1052.2,123.34,928.86,,organic,2015,CincinnatiDayton
2016-04-03,1.3,12140.52,348.81,8344.35,0.0,3447.36,580.0,2867.36,0.0,organic,2016,CincinnatiDayton
2015-02-08,1.24,10351.99,225.93,8949.13,0.0,1176.93,963.33,213.6,0.0,organic,2015,CincinnatiDayton
2015-10-04,1.54,10231.74,341.89,8519.0,0.0,1370.85,303.33,1067.52,,organic,2015,CincinnatiDayton
2016-09-25,1.35,16032.03,468.89,7138.63,0.0,8424.51,781.74,7642.77,,organic,2016,CincinnatiDayton
2015-07-19,1.66,14741.72,230.06,11663.77,0.0,2847.89,96.67,2751.22,0.0,organic,2015,CincinnatiDayton
2016-09-18,1.32,15776.76,577.58,8538.43,0.0,6660.75,736.94,5923.81,0.0,organic,2016,CincinnatiDayton
2017-10-15,1.81,10382.51,258.44,4239.94,0.0,5884.13,5540.93,343.2,,organic,2017,CincinnatiDayton
2015-06-28,1.49,12523.04,313.32,11312.15,0.0,897.57,303.33,594.24,,organic,2015,CincinnatiDayton
2017-03-12,0.64,29680.14,325.53,5300.47,0.0,24054.14,687.41,23366.73,,organic,2017,CincinnatiDayton
2018-03-04,1.68,11250.57,810.62,4420.73,0.0,6019.22,4449.27,1569.95,0.0,organic,2018,CincinnatiDayton
2018-03-25,1.66,15502.38,728.9,4308.74,0.0,10464.74,7398.87,3065.87,0.0,organic,2018,CincinnatiDayton
2017-07-09,1.29,21313.42,172.45,4678.2,0.0,16462.77,250.82,16211.95,0.0,organic,2017,CincinnatiDayton
2017-01-29,0.8,15828.0,241.14,4263.69,0.0,11323.17,446.01,10877.16,0.0,organic,2017,CincinnatiDayton
2016-06-19,1.04,21910.54,699.16,10546.16,0.0,10665.22,710.57,9954.65,0.0,organic,2016,CincinnatiDayton
2017-04-30,1.66,13924.31,243.48,4877.17,0.0,8803.66,882.46,7921.2,,organic,2017,CincinnatiDayton
2015-11-29,1.5,7189.95,284.13,6272.44,0.0,633.38,263.33,370.05,0.0,organic,2015,CincinnatiDayton
2018-01-28,1.51,15027.47,702.32,4805.49,0.0,9519.66,3133.44,6386.22,0.0,organic,2018,CincinnatiDayton
2015-01-11,1.32,11313.77,209.52,10352.17,0.0,752.08,310.62,441.46,,organic,2015,CincinnatiDayton
2016-03-27,1.17,17750.82,347.47,9168.31,0.0,8235.04,533.33,7701.71,,organic,2016,CincinnatiDayton
2017-09-24,2.2,16058.2,351.12,3638.62,0.0,12068.46,2048.66,10019.8,,organic,2017,CincinnatiDayton
2017-07-30,1.85,14874.38,,6566.23,0.0,7882.3,2278.78,5603.52,0.0,organic,2017,CincinnatiDayton
2016-09-11,1.13,21710.38,531.09,9471.98,0.0,11707.31,875.67,10831.64,,organic,2016,CincinnatiDayton
2018-03-18,0.99,7254940.65,,1707752.84,115997.93,3332107.22,1333247.05,1982086.02,,conventional,2018,West
2016-01-17,0.81,7221572.36,2091961.92,2079267.92,181519.92,2868822.6,1515056.35,1352291.24,1475.01,conventional,2016,West
2017-06-25,1.05,6929193.97,,1201234.39,128253.56,3197991.29,1956121.79,1236850.44,,conventional,2017,West
2018-01-14,1.05,7577456.14,2249412.86,2028819.77,113257.03,3185966.48,1152416.21,2017353.32,,conventional,2018,West
2016-12-11,0.84,6648833.68,1687192.84,1545122.38,86234.32,3330284.14,2543800.78,778604.87,,conventional,2016,West
2016-05-01,0.79,7158300.84,2324813.13,2013820.54,131269.35,2688397.82,1975170.33,706418.43,6809.06,conventional,2016,West
2016-06-26,0.87,6862241.03,2645564.44,1532440.38,135483.56,2548752.65,1853714.65,687801.75,7236.25,conventional,2016,West
2015-08-30,1.03,5138256.91,2163511.05,1986059.01,124657.84,864029.01,624782.63,239195.91,50.47,conventional,2015,West
2016-10-30,1.26,3852439.62,1398732.86,762970.93,113342.82,1577393.01,1029899.7,545279.86,2213.45,conventional,2016,West
2016-03-20,0.78,6938294.62,2557843.72,1955450.63,167407.21,2257593.06,1216115.26,1040865.95,611.85,conventional,2016,West
2015-02-15,0.98,5026688.71,2483265.25,1840716.14,91125.41,611581.91,542973.12,68521.88,,conventional,2015,West
2016-06-19,0.86,6964845.92,,1600273.86,140268.18,2419020.89,1643598.7,767883.69,,conventional,2016,West
2016-05-29,0.79,7568132.39,,1834685.24,164102.2,2898450.92,1761129.51,1132669.37,,conventional,2016,West
2016-04-10,0.79,7275842.54,2750665.83,1941317.22,177612.73,2406246.76,1619230.76,780038.56,6977.44,conventional,2016,West
2016-10-16,1.15,5308225.44,1613263.25,1052993.06,102563.1,2539406.03,1566289.88,970943.65,2172.5,conventional,2016,West
2016-07-31,1.1,5463799.79,,1254400.92,95280.92,2239890.63,1730972.57,505626.06,,conventional,2016,West
2017-06-18,1.02,7187200.64,2511913.67,1422660.4,123827.42,3128799.15,1938407.82,1187663.27,,conventional,2017,West
2015-05-10,0.94,6323724.8,3050014.63,2260890.88,115290.95,897528.34,678316.72,218968.93,,conventional,2015,West
2015-03-15,0.94,5572582.45,3034104.48,1829868.35,85831.16,622778.46,535269.21,87496.38,,conventional,2015,West
2015-09-27,0.97,4792868.29,1601971.34,2116029.65,98925.79,975941.51,669128.89,306758.91,53.71,conventional,2015,West
2015-04-12,0.98,5609471.36,,2267855.21,103110.58,676640.15,469624.9,206981.28,33.97,conventional,2015,West
2015-10-04,1.0,4895485.63,1369449.86,2378441.26,179192.02,968402.49,630337.33,336994.14,,conventional,2015,West
2016-11-06,1.26,4245702.35,1493574.72,867974.26,119469.87,1764683.5,1168746.58,593225.94,,conventional,2016,West
2016-11-20,1.1,4944373.81,,913021.63,105452.1,1920546.84,1357080.6,562175.85,,conventional,2016,West
2018-01-28,1.01,7007265.31,2718390.81,1664995.75,93165.88,2530712.87,1254504.07,1260049.46,,conventional,2018,West
2017-02-19,0.88,6852304.51,2322985.0,1405482.21,134519.85,2989317.45,1880874.95,1100783.31,7659.19,conventional,2017,West
2015-07-12,1.01,5791508.96,,1950436.22,133097.0,1019569.43,731843.74,286270.91,,conventional,2015,West
2015-01-25,0.94,5461313.9,2695157.56,2031937.97,71550.57,662667.8,521877.7,140735.66,,conventional,2015,West
2016-07-03,0.97,6817643.13,2313258.79,1738562.93,137804.75,2628016.66,2009090.39,606174.1,12752.17,conventional,2016,West
2015-08-30,1.74,33530.11,9183.16,8692.14,802.48,14852.33,12185.97,2666.36,0.0,organic,2015,Southeast
2017-01-08,1.41,61788.03,5147.21,14914.5,341.38,41384.94,20688.4,20696.54,0.0,organic,2017,Southeast
2016-05-15,1.44,63876.47,,10954.62,341.16,38479.75,32194.5,6285.25,,organic,2016,Southeast
2016-07-24,1.67,68443.21,15723.85,15761.64,968.77,35988.95,33725.71,2263.24,,organic,2016,Southeast
2016-07-31,1.62,67427.23,13672.33,15899.54,1036.72,36818.64,29716.26,7102.38,,organic,2016,Southeast
2018-03-18,1.43,119853.94,2557.74,20398.98,133.09,96764.13,82917.28,13846.85,,organic,2018,Southeast
2018-03-25,1.45,121917.39,,18391.86,110.05,101486.09,85313.41,16172.68,,organic,2018,Southeast
2015-04-19,1.69,34095.71,11389.9,9302.64,879.8,12523.37,12329.29,194.08,,organic,2015,Southeast
2017-10-01,2.29,83783.04,,18485.31,135.54,63141.43,52500.31,10641.12,,organic,2017,Southeast
2017-10-22,1.91,90426.45,1696.37,17846.02,107.66,70776.4,57692.92,13083.48,,organic,2017,Southeast
2018-02-04,1.44,96702.5,1589.03,16827.96,118.89,78166.62,72587.74,5578.88,0.0,organic,2018,Southeast
2018-01-07,1.4,103034.09,1359.47,16209.36,194.07,85271.19,78886.47,6384.72,,organic,2018,Southeast
2015-09-13,1.95,25470.62,8641.1,8109.19,712.41,8007.92,7672.74,335.18,,organic,2015,Southeast
2017-07-16,1.78,70097.22,,21752.43,156.17,46957.9,40900.26,6057.64,,organic,2017,Southeast
2017-10-29,1.84,92281.1,,15386.24,96.43,75497.94,58528.26,16969.68,,organic,2017,Southeast
2015-08-02,1.88,28234.61,9411.45,7533.08,820.16,10469.92,8399.35,2070.57,,organic,2015,Southeast
2016-03-20,1.46,49153.27,15483.39,8830.51,452.71,24386.66,21785.79,2600.87,0.0,organic,2016,Southeast
2018-02-11,1.46,103704.87,1583.44,17086.95,134.96,84899.52,73615.54,11283.98,,organic,2018,Southeast
2015-03-22,1.73,33825.57,,9572.05,746.1,11147.69,10338.9,808.79,,organic,2015,Southeast
2016-05-29,1.41,64136.98,,11346.0,407.65,36320.0,32373.57,3946.43,,organic,2016,Southeast
2015-11-22,1.81,23612.0,9892.99,6161.04,574.58,6983.39,6649.37,334.02,0.0,organic,2015,Southeast
2017-03-12,1.41,63661.35,10628.05,13728.81,279.09,39025.4,9399.84,29625.56,,organic,2017,Southeast
2017-08-06,1.78,64344.45,1389.06,16770.11,186.56,45998.72,42780.02,3218.7,,organic,2017,Southeast
2017-08-20,1.96,89270.61,2949.29,23183.75,129.31,63008.26,59685.26,3323.0,,organic,2017,Southeast
2017-11-12,1.73,81645.24,1041.38,16284.96,53.27,64265.63,59724.74,4540.89,,organic,2017,Southeast
2015-07-05,1.72,27947.09,10367.86,6913.73,931.33,9734.17,6809.6,2924.57,,organic,2015,Southeast
2017-01-22,1.36,58686.47,4163.56,12655.77,353.2,41513.94,21717.79,19796.15,0.0,organic,2017,Southeast
2018-02-25,1.46,115509.8,2796.03,20114.88,105.74,92493.15,85039.04,7454.11,,organic,2018,Southeast
2017-06-11,1.62,114081.68,1737.4,75551.59,78.57,36714.12,30261.23,1937.89,,conventional,2017,BuffaloRochester
2015-04-19,1.42,139612.52,1021.72,52954.82,59.18,85576.8,85056.94,519.86,,conventional,2015,BuffaloRochester
2016-08-14,1.41,114328.4,2645.81,72836.99,71.45,38774.15,37629.15,0.0,,conventional,2016,BuffaloRochester
2015-07-26,1.39,91825.07,,45615.48,741.77,43788.54,43788.54,0.0,,conventional,2015,BuffaloRochester
2016-12-04,1.66,72203.16,960.31,54243.42,22.85,16976.58,15683.05,1256.03,,conventional,2016,BuffaloRochester
2016-11-06,1.64,81691.65,1321.66,56677.66,79.68,23612.65,23400.15,0.0,,conventional,2016,BuffaloRochester
2018-01-07,1.28,161876.76,8645.3,92302.56,56.67,60872.23,12248.04,48624.19,0.0,conventional,2018,BuffaloRochester
2016-09-18,1.54,122908.68,2692.89,70019.45,52.12,50144.22,49337.59,806.63,0.0,conventional,2016,BuffaloRochester
2015-12-13,1.35,98473.23,1421.12,40783.22,66.45,56202.44,56202.44,0.0,,conventional,2015,BuffaloRochester
2015-04-12,1.42,118172.53,884.02,45443.61,92.75,71752.15,70938.4,813.75,0.0,conventional,2015,BuffaloRochester
2015-01-04,1.4,116253.44,3267.97,55693.04,109.55,57182.88,57182.88,0.0,,conventional,2015,BuffaloRochester
2018-02-04,1.32,188654.47,13478.37,99364.48,84.19,75727.43,14935.4,60228.7,,conventional,2018,BuffaloRochester
2017-01-29,1.37,163136.7,1541.69,72000.86,111.33,89482.82,87723.55,1253.71,505.56,conventional,2017,BuffaloRochester
2016-07-24,1.44,104126.3,1156.82,63920.78,61.8,38986.9,34596.9,0.0,4390.0,conventional,2016,BuffaloRochester
2017-10-15,1.5,86880.78,26274.97,40394.56,32.89,20178.36,14836.88,5341.48,0.0,conventional,2017,BuffaloRochester
2018-02-11,1.27,151057.53,12749.59,74595.11,84.21,63628.62,41236.05,21391.46,,conventional,2018,BuffaloRochester
2016-07-10,1.25,183741.31,,88105.93,46.25,94164.01,89911.51,0.0,4252.5,conventional,2016,BuffaloRochester
2015-03-22,1.4,119902.96,3090.55,45420.06,48.2,71344.15,71288.59,55.56,,conventional,2015,BuffaloRochester
2017-03-12,1.48,165974.96,,85677.37,28.0,78812.28,56757.21,22055.07,,conventional,2017,BuffaloRochester
2017-12-24,1.28,127375.45,7430.89,72517.2,27.0,47400.36,43236.49,4163.87,0.0,conventional,2017,BuffaloRochester
2015-10-25,1.36,99554.55,1545.57,36645.91,79.64,61283.43,59381.21,1902.22,,conventional,2015,BuffaloRochester
