avocado_missing.csv
Date,AveragePrice,Total Volume,4046,4225,4770,Total Bags,Small Bags,Large Bags,XLarge Bags,type,year,region
2017-07-09,1.49,6879.0,103.67,3658.81,0.0,3116.52,1833.89,1282.63,,organic,2017,Nashville
2018-02-04,1.58,5109.24,54.15,2042.32,0.0,3012.77,2310.41,702.36,0.0,organic,2018,Nashville
2017-07-02,1.2,12497.92,163.03,3207.0,0.0,9127.89,1961.11,7166.78,0.0,organic,2017,Nashville
2017-04-30,1.14,11100.24,387.36,2926.48,0.0,7786.4,192.66,7593.74,,organic,2017,Nashville
2016-01-10,1.53,4746.74,684.01,2558.51,0.0,1504.22,594.98,909.24,,organic,2016,Nashville
2017-11-05,1.71,6330.44,72.89,1957.67,0.0,4299.88,3131.99,1167.89,,organic,2017,Nashville
2017-10-29,1.76,7350.15,,2571.96,0.0,4702.58,2957.01,1745.57,0.0,organic,2017,Nashville
2015-11-29,1.21,5143.41,,2589.7,0.0,2180.43,436.67,1743.76,,organic,2015,Nashville
2017-12-03,1.59,4984.55,49.22,1937.45,0.0,2997.88,2230.29,767.59,,organic,2017,Nashville
2015-06-07,1.25,6725.04,316.05,3217.52,0.0,3191.47,498.8,2692.67,,organic,2015,Nashville
2017-01-15,1.54,2962.13,238.89,2018.46,0.0,704.78,73.89,630.89,,organic,2017,Nashville
2016-03-13,1.32,12819.92,705.97,7430.23,0.0,4683.72,2220.0,2463.72,0.0,organic,2016,Nashville
2016-01-03,1.42,5741.19,939.13,2479.3,0.0,2322.76,1508.21,814.55,,organic,2016,Nashville
2015-05-10,1.13,9466.36,369.96,4669.91,18.16,4408.33,750.0,3658.33,,organic,2015,Nashville
2017-06-25,1.27,11077.27,,2957.15,0.0,8025.82,2124.45,5901.37,,organic,2017,Nashville
2016-05-01,1.45,8547.72,715.39,4309.09,0.0,3523.24,1476.65,2046.59,,organic,2016,Nashville
2017-12-24,1.56,7151.34,70.46,2170.79,0.0,4910.09,3146.85,1763.24,0.0,organic,2017,Nashville
2017-01-01,1.53,3749.48,210.85,3088.93,0.0,449.7,62.22,387.48,,organic,2017,Nashville
2016-03-27,1.46,7913.84,795.99,4082.73,0.0,3035.12,1350.0,1685.12,,organic,2016,Nashville
2018-03-11,1.32,10160.96,,2553.36,0.0,7569.28,5132.05,2437.23,,organic,2018,Nashville
2016-09-18,1.5,6309.42,,3478.97,0.0,2353.09,1242.78,1110.31,,organic,2016,Nashville
2015-04-05,1.66,5251.04,261.25,3354.35,116.49,1518.95,938.41,580.54,,organic,2015,Nashville
2017-09-24,2.24,8917.5,104.37,2500.14,0.0,6312.99,1601.56,4711.43,,organic,2017,Nashville
2016-02-14,1.42,5590.9,593.08,2791.92,0.0,2205.9,1606.67,599.23,,organic,2016,Nashville
2015-08-02,1.43,8082.85,428.12,6058.21,0.0,1596.52,694.27,902.25,,organic,2015,Nashville
2017-09-03,2.04,8629.45,166.84,2919.13,0.0,5543.48,1630.5,3912.98,,organic,2017,Nashville
2017-01-29,1.41,3254.87,296.39,1977.1,0.0,981.38,78.33,903.05,0.0,organic,2017,Nashville
2015-08-30,1.45,7100.18,378.58,5319.3,0.0,1402.3,1074.18,328.12,0.0,organic,2015,Nashville
2017-09-10,2.15,9103.32,94.38,2782.28,0.0,6226.66,2482.62,3744.04,,organic,2017,Nashville
2016-07-17,1.2,11534.1,,4624.57,0.0,6018.42,350.09,5668.33,,organic,2016,Nashville
2017-10-15,1.96,7545.78,,2947.41,0.0,4531.14,2567.53,1963.61,,organic,2017,Nashville
2016-07-10,1.35,10013.26,728.76,5646.02,0.0,3638.48,137.63,3500.85,,organic,2016,Nashville
2016-02-07,1.4,5805.78,579.26,2809.35,0.0,2417.17,1650.0,767.17,,organic,2016,Nashville
2016-07-10,1.29,111914.65,,57549.45,1294.98,51533.28,37858.19,10065.09,,conventional,2016,Pittsburgh
2017-05-21,1.02,207645.24,105432.3,48642.87,3875.28,49694.79,34916.3,14778.49,,conventional,2017,Pittsburgh
2015-11-01,1.16,81573.97,,60507.97,1706.56,17835.82,12000.07,5835.75,,conventional,2015,Pittsburgh
2015-08-02,1.43,74680.7,1309.11,42703.28,1151.93,29516.38,23664.27,5852.11,,conventional,2015,Pittsburgh
2015-11-22,1.3,63345.59,,42392.76,1119.61,18248.33,12552.12,5696.21,0.0,conventional,2015,Pittsburgh
2016-06-19,1.42,104127.89,2063.55,59252.92,1172.76,41638.66,27767.25,12371.41,1500.0,conventional,2016,Pittsburgh
2016-03-20,1.17,87881.33,1457.19,50816.15,1224.55,34383.44,23273.12,11110.32,0.0,conventional,2016,Pittsburgh
2018-03-11,1.23,134625.32,40798.11,15527.17,1089.04,77211.0,48023.13,29181.2,,conventional,2018,Pittsburgh
2016-05-22,1.17,113857.64,1083.05,68958.85,1536.78,42278.96,21961.82,19066.58,,conventional,2016,Pittsburgh
2015-06-07,1.33,84556.54,1734.03,43816.5,1482.9,37523.11,28434.19,9081.46,7.46,conventional,2015,Pittsburgh
2017-02-26,1.33,103906.0,37871.78,26478.19,1492.92,38063.11,31339.0,6724.11,,conventional,2017,Pittsburgh
2016-01-31,1.22,88551.72,2259.16,61619.09,1456.3,23217.17,17454.05,5763.12,,conventional,2016,Pittsburgh
2016-12-25,1.26,80688.76,21519.08,23868.08,961.58,34340.02,30455.29,3884.73,,conventional,2016,Pittsburgh
2017-02-19,1.33,91579.18,32493.94,24711.08,1212.1,33162.06,27745.1,5416.96,,conventional,2017,Pittsburgh
2015-09-06,1.12,114216.62,1158.99,78578.82,2074.97,32403.84,23118.99,9284.85,,conventional,2015,Pittsburgh
2015-07-05,1.23,115579.5,1635.6,67122.02,5316.06,41505.82,31488.54,10017.28,0.0,conventional,2015,Pittsburgh
2017-10-15,1.56,97962.05,34869.71,21509.86,1142.62,40439.86,32424.63,8015.23,0.0,conventional,2017,Pittsburgh
2016-02-07,1.18,105805.21,3398.51,72083.75,1740.09,28582.86,21916.83,6666.03,,conventional,2016,Pittsburgh
2015-10-18,1.23,70132.85,,43226.31,1465.61,23740.41,13949.01,9791.4,,conventional,2015,Pittsburgh
2017-10-22,1.54,99922.23,35800.8,22216.67,1088.38,40816.38,34330.46,6485.92,,conventional,2017,Pittsburgh
2017-03-19,1.34,110278.1,37849.42,28735.05,1151.02,42542.61,35408.71,7133.9,,conventional,2017,Pittsburgh
2015-01-11,1.54,54644.32,1491.88,33759.12,1325.17,18068.15,12165.94,5902.21,0.0,conventional,2015,Pittsburgh
2018-01-07,1.3,110929.77,,24117.63,1241.27,44991.47,36998.3,7993.17,,conventional,2018,Pittsburgh
2015-05-31,1.32,83007.91,1472.2,45514.38,1439.62,34581.71,24083.06,10498.65,0.0,conventional,2015,Pittsburgh
2016-05-29,1.4,117486.96,,68421.33,1567.32,46161.89,29242.9,16522.32,,conventional,2016,Pittsburgh
2017-02-12,1.28,100215.44,31075.53,28242.44,1114.29,39783.18,34235.6,5547.58,0.0,conventional,2017,Pittsburgh
2016-11-13,1.26,86306.22,22929.76,26629.2,1041.38,35705.88,31047.93,4657.95,,conventional,2016,Pittsburgh
2015-05-10,1.46,82110.05,2099.7,48280.34,1279.05,30450.96,23419.51,7031.45,,conventional,2015,Pittsburgh
2017-04-16,2.24,10247.33,,6574.76,531.29,2938.79,2488.55,450.24,,organic,2017,RaleighGreensboro
2017-02-12,1.54,9911.34,239.38,4073.5,292.17,5306.29,4476.52,829.77,,organic,2017,RaleighGreensboro
2017-06-04,2.38,9283.58,278.47,5303.7,280.8,3420.61,2204.98,1215.63,,organic,2017,RaleighGreensboro
2017-03-05,1.54,7644.87,310.11,3737.67,220.26,3376.83,1772.87,1603.96,0.0,organic,2017,RaleighGreensboro
2015-09-27,1.81,6250.05,78.13,2446.9,686.6,3038.42,2796.4,242.02,,organic,2015,RaleighGreensboro
2015-04-26,1.51,8109.67,89.77,4454.61,919.05,2646.24,1748.63,897.61,,organic,2015,RaleighGreensboro
2015-02-08,1.73,5749.75,56.66,2117.25,855.4,2720.44,2635.69,84.75,0.0,organic,2015,RaleighGreensboro
2017-07-02,2.05,8342.87,,5019.56,219.17,2964.45,2841.94,122.51,,organic,2017,RaleighGreensboro
2016-03-06,1.79,3720.67,155.88,2740.17,376.34,448.28,443.33,4.95,0.0,organic,2016,RaleighGreensboro
2015-06-14,1.75,6913.18,203.17,2924.84,1010.38,2774.79,2179.92,594.87,,organic,2015,RaleighGreensboro
2016-01-17,1.66,4137.6,147.2,2088.92,436.7,1464.78,1260.66,204.12,,organic,2016,RaleighGreensboro
2016-04-17,1.49,6440.23,211.2,2959.0,321.24,2948.79,2501.42,447.37,,organic,2016,RaleighGreensboro
2017-08-27,3.04,12656.32,419.06,4851.9,145.09,7240.27,6960.97,279.3,0.0,organic,2017,RaleighGreensboro
2016-08-21,1.83,15042.9,392.74,5555.08,665.32,8429.76,7972.64,457.12,0.0,organic,2016,RaleighGreensboro
2015-03-22,1.85,4249.61,83.02,2618.03,902.2,646.36,485.59,160.77,0.0,organic,2015,RaleighGreensboro
2015-09-06,1.95,5552.08,73.34,2705.46,821.09,1952.19,1931.19,21.0,,organic,2015,RaleighGreensboro
2016-09-11,1.77,15909.84,217.23,5379.34,518.49,9794.78,8919.3,875.48,,organic,2016,RaleighGreensboro
2015-04-19,1.68,7895.99,79.37,4244.69,1260.14,2311.79,2248.97,62.82,,organic,2015,RaleighGreensboro
2017-02-26,1.56,8608.11,241.98,4059.23,328.88,3978.02,2617.49,1360.53,,organic,2017,RaleighGreensboro
2017-09-17,2.92,10297.07,89.79,4298.97,161.11,5747.2,5319.2,428.0,,organic,2017,RaleighGreensboro
2017-12-10,2.12,11025.4,59.16,4370.67,158.91,6436.66,6323.78,112.88,0.0,organic,2017,RaleighGreensboro
2015-11-22,1.79,4163.25,,2164.98,531.25,1325.78,1302.93,22.85,0.0,organic,2015,RaleighGreensboro
2017-05-28,2.55,10273.69,315.52,5326.02,364.99,4267.16,2844.43,1422.73,0.0,organic,2017,RaleighGreensboro
2016-11-13,1.85,10276.83,180.62,3018.43,418.35,6659.43,5476.23,1183.2,,organic,2016,RaleighGreensboro
2017-11-26,2.18,10080.77,143.37,3621.34,107.53,6208.53,6069.78,138.75,,organic,2017,RaleighGreensboro
2015-05-24,1.0,195410.86,139484.96,13258.26,1049.26,41618.38,20782.4,20835.98,0.0,conventional,2015,Jacksonville
2016-01-24,0.93,192194.31,116713.78,18557.48,473.07,56449.98,27533.11,28916.87,,conventional,2016,Jacksonville
2016-07-03,0.93,272150.68,137102.4,48698.98,1134.71,85214.59,37396.58,41823.01,,conventional,2016,Jacksonville
2017-06-25,1.36,180199.86,99600.41,16687.42,75.35,63836.68,33088.12,28278.56,,conventional,2017,Jacksonville
2016-03-13,0.81,241653.71,103139.77,47856.7,316.39,90340.85,18010.95,72329.9,,conventional,2016,Jacksonville
2017-12-03,1.26,152697.0,87017.0,9779.0,273.0,55628.0,41484.0,13951.0,193.0,conventional,2017,Jacksonville
2016-01-17,1.21,118230.86,73496.53,9811.14,302.25,34620.94,21732.66,12888.28,,conventional,2016,Jacksonville
2016-05-01,0.68,370646.01,169412.4,70592.24,248.56,130392.81,37625.8,92767.01,,conventional,2016,Jacksonville
2015-08-23,1.25,111825.39,60641.9,19269.77,731.09,31182.63,20588.04,10594.59,,conventional,2015,Jacksonville
2016-04-03,1.01,181662.16,84765.99,27201.22,149.61,69545.34,27121.05,42424.29,,conventional,2016,Jacksonville
2017-02-19,1.23,139949.65,72634.25,18683.75,89.88,48541.77,19864.06,28137.71,,conventional,2017,Jacksonville
2017-05-28,1.43,181588.22,96509.06,15848.55,115.43,69115.18,35449.21,33245.97,,conventional,2017,Jacksonville
2017-03-12,1.55,146196.96,,17190.82,85.68,50663.78,23969.51,26579.27,,conventional,2017,Jacksonville
2018-01-07,1.2,197919.4,116008.83,13934.03,395.16,67581.38,26811.45,40448.82,,conventional,2018,Jacksonville
2015-07-12,1.22,110964.6,62590.29,18465.56,584.22,29324.53,19289.35,10035.18,,conventional,2015,Jacksonville
2017-01-22,0.91,246514.81,75808.7,50763.51,376.72,119565.88,28445.81,91120.07,0.0,conventional,2017,Jacksonville
2017-12-31,1.12,206562.78,115793.69,14230.19,277.37,76261.53,29166.63,46858.23,236.67,conventional,2017,Jacksonville
2018-03-18,1.12,234236.46,125894.69,13198.7,449.65,94693.42,38854.51,55768.91,70.0,conventional,2018,Jacksonville
2016-07-31,1.23,152777.16,,31854.3,440.28,53079.47,25243.34,23054.74,,conventional,2016,Jacksonville
2017-12-10,1.01,181425.66,95942.65,11557.82,257.6,73667.59,33265.86,40251.73,,conventional,2017,Jacksonville
2015-11-29,0.96,121236.54,85341.93,7840.61,266.31,27787.69,7638.25,20149.44,0.0,conventional,2015,Jacksonville
2015-11-01,0.97,162559.72,110439.42,11892.01,995.43,39232.86,14379.48,24853.38,,conventional,2015,Jacksonville
2018-03-11,1.16,227714.5,126052.23,12557.63,439.09,88665.55,37739.81,50845.74,,conventional,2018,Jacksonville
2017-04-23,1.47,156137.58,85993.83,16104.95,78.16,53960.64,25194.97,28670.67,,conventional,2017,Jacksonville
2017-02-12,0.9,216367.38,,33548.36,348.06,75274.47,28073.99,47170.48,30.0,conventional,2017,Jacksonville
2017-03-05,1.39,3078856.36,1616582.26,446313.48,6013.44,1009947.18,636964.49,368181.02,,conventional,2017,Southeast
2017-07-02,1.33,3979264.02,2219034.51,549006.94,4778.63,1206443.94,676830.5,437058.12,,conventional,2017,Southeast
2015-04-26,1.16,3011225.49,2170188.85,220781.47,23844.72,596410.45,461692.75,133263.53,,conventional,2015,Southeast
2016-01-24,0.9,3895844.89,2092736.34,663827.91,16838.16,1122442.48,570260.95,552166.44,,conventional,2016,Southeast
2018-02-18,1.23,4082887.98,2267185.54,315802.19,16241.89,1483658.36,996473.57,475690.59,11494.2,conventional,2018,Southeast
2015-08-23,1.16,2580705.47,1423075.89,477975.75,35514.75,644139.08,520131.23,123968.56,,conventional,2015,Southeast
2016-01-31,1.02,3318109.53,1774273.7,625042.37,15260.7,903532.76,485345.67,418187.09,0.0,conventional,2016,Southeast
2016-07-24,1.17,3381732.73,1485492.18,845297.22,21369.68,1029573.65,657021.42,314632.79,,conventional,2016,Southeast
2016-12-04,0.99,3941512.2,1481392.35,851643.42,5133.86,1603342.57,644607.27,957516.13,1219.17,conventional,2016,Southeast
2018-01-14,1.31,4198992.14,2371136.88,403224.01,17012.38,1407618.87,845928.49,540110.99,,conventional,2018,Southeast
2015-09-20,0.96,3496412.09,2000380.63,663554.32,27931.94,804545.2,382666.89,421701.4,,conventional,2015,Southeast
2016-05-29,0.92,4829487.03,2562669.53,971082.67,23769.9,1271964.93,531132.05,696042.61,,conventional,2016,Southeast
2015-05-24,1.0,4298514.96,3209533.78,311176.56,30510.18,747294.44,457338.88,289932.34,23.22,conventional,2015,Southeast
2017-12-10,1.02,4091257.98,2353835.77,373395.29,17836.02,1346190.9,817967.19,511116.18,,conventional,2017,Southeast
2016-04-10,0.86,4792907.32,,1116066.82,10186.67,1539555.11,519721.11,1017680.35,,conventional,2016,Southeast
2016-08-07,1.18,3419326.48,1628428.39,687208.05,18597.99,1085092.05,710559.72,328992.05,,conventional,2016,Southeast
2017-01-08,1.17,3512131.09,1510770.18,635042.26,5892.48,1360426.17,818150.8,540435.37,1840.0,conventional,2017,Southeast
2016-12-11,1.21,2648135.47,1055827.38,463050.84,4655.77,1124601.48,630163.97,492521.95,,conventional,2016,Southeast
2017-02-26,1.09,3780081.91,2009302.02,536981.39,6635.9,1227162.6,876737.08,337642.19,,conventional,2017,Southeast
2015-11-15,1.16,2242688.2,,294620.08,20815.34,472050.5,313845.53,158186.8,,conventional,2015,Southeast
2017-01-22,0.97,4992701.64,1897606.32,1188251.05,11258.47,1895585.8,834407.94,1059745.36,,conventional,2017,Southeast
2017-02-12,0.91,4584245.6,,806769.91,5419.77,1327439.92,800309.01,522265.71,,conventional,2017,Southeast
2015-06-07,0.99,4003121.77,,294519.59,26236.45,819542.15,551432.71,268100.73,,conventional,2015,Southeast
2015-07-05,0.99,4295280.16,2713600.49,592279.23,97111.62,892288.82,621425.86,270807.26,,conventional,2015,Southeast
2016-09-11,1.08,3431698.41,1673305.36,497550.12,10177.7,1250665.23,791919.62,455458.67,,conventional,2016,Southeast
2015-10-25,1.16,2211716.76,1278660.6,393459.25,28828.13,510768.78,329672.2,181063.12,33.46,conventional,2015,Southeast
2016-02-28,0.99,135623.05,52420.43,48195.34,149.25,34858.03,33709.28,1148.75,,conventional,2016,Roanoke
2016-09-11,1.02,156833.09,59141.58,38349.72,164.15,59177.64,52831.12,6321.52,,conventional,2016,Roanoke
2018-01-28,1.14,159289.18,,49375.92,283.44,78370.09,61701.01,16669.08,,conventional,2018,Roanoke
2016-10-16,1.22,121791.92,42680.86,32596.5,130.07,46384.49,43935.83,2448.66,0.0,conventional,2016,Roanoke
2018-03-04,1.07,178885.9,43252.27,37048.49,245.11,98340.03,73252.51,24594.18,,conventional,2018,Roanoke
2016-02-07,0.91,198011.31,60920.14,79535.27,179.28,57376.62,53859.35,3517.27,,conventional,2016,Roanoke
2016-12-04,1.17,105733.4,,26047.67,160.98,36290.1,35680.66,486.67,,conventional,2016,Roanoke
2015-05-10,1.09,141860.18,52698.39,52242.5,146.1,36773.19,34415.41,2357.78,0.0,conventional,2015,Roanoke
2016-09-04,1.01,162357.83,51973.15,42949.04,107.02,67328.62,64633.66,2359.96,,conventional,2016,Roanoke
2016-07-10,1.01,158961.77,46152.7,54601.35,140.66,58067.06,47150.09,5153.64,,conventional,2016,Roanoke
2015-08-09,1.09,116317.58,45164.18,40962.84,76.24,30114.32,30114.32,0.0,0.0,conventional,2015,Roanoke
2017-07-23,1.17,141148.36,36513.08,40395.65,320.79,63918.84,58375.34,3505.26,,conventional,2017,Roanoke
2017-12-31,0.81,194627.58,63533.54,44810.59,99.22,86184.23,64304.28,21865.75,14.2,conventional,2017,Roanoke
2017-08-13,1.38,109713.0,,40274.6,137.22,43060.56,36751.94,4721.95,,conventional,2017,Roanoke
2015-09-27,1.01,109274.98,44983.72,44626.23,84.32,19580.71,19577.65,0.0,,conventional,2015,Roanoke
2017-02-26,1.13,153568.21,33526.51,62461.07,176.82,57403.81,56665.14,738.67,0.0,conventional,2017,Roanoke
2016-07-31,1.07,143067.18,44288.47,43886.04,92.05,54800.62,49803.99,4396.63,,conventional,2016,Roanoke
2016-10-09,1.23,118935.46,,34296.85,198.7,38336.47,35482.55,2853.92,,conventional,2016,Roanoke
2017-09-10,1.53,110081.14,25756.54,28947.04,95.06,55282.5,48825.07,4896.36,,conventional,2017,Roanoke
2017-11-12,1.19,126496.0,43121.0,31995.0,173.0,51207.0,46960.0,4235.0,,conventional,2017,Roanoke
2017-06-18,1.16,152802.24,,47417.92,97.56,74741.05,69630.36,2860.69,,conventional,2017,Roanoke
2015-02-08,1.02,145648.4,,38763.75,134.25,28554.64,25981.67,2572.97,0.0,conventional,2015,Roanoke
2017-12-10,1.05,137960.99,38481.95,36370.51,73.18,63035.35,57738.32,5284.43,,conventional,2017,Roanoke
2016-04-17,0.93,150910.0,38226.66,59221.75,100.98,53360.61,51084.2,2273.38,,conventional,2016,Roanoke
2016-07-24,1.04,150126.91,45204.04,41843.9,61.47,63017.5,49239.71,9662.79,,conventional,2016,Roanoke
2015-02-01,1.0,168217.72,71867.81,65784.29,93.81,30471.81,27117.84,3353.97,,conventional,2015,Roanoke
2017-04-23,1.24,146324.59,27263.3,41988.7,75.47,76997.12,73624.88,3372.24,,conventional,2017,Roanoke
