avocado_missing.csv
Date,AveragePrice,Total Volume,4046,4225,4770,Total Bags,Small Bags,Large Bags,XLarge Bags,type,year,region
2017-02-05,1.2,486542.38,52460.96,356398.62,23027.59,54655.21,49803.73,3869.41,,conventional,2017,HartfordSpringfield
2015-01-11,1.38,232640.15,4365.27,143001.84,223.15,85049.89,83319.8,1730.09,,conventional,2015,HartfordSpringfield
2016-07-31,1.72,255025.51,3820.18,170920.7,200.04,80084.59,78539.51,340.08,,conventional,2016,HartfordSpringfield
2015-01-18,1.39,229216.05,,160683.8,286.52,64898.32,62671.58,2226.74,0.0,conventional,2015,HartfordSpringfield
2015-02-15,1.39,223170.31,3681.09,138690.77,216.75,80581.7,79026.53,1555.17,,conventional,2015,HartfordSpringfield
2017-12-03,1.55,231210.0,,166828.0,171.0,58495.0,47328.0,11166.0,0.0,conventional,2017,HartfordSpringfield
2015-07-19,1.32,258239.1,3759.04,189919.51,5496.69,59063.86,56769.39,2294.47,,conventional,2015,HartfordSpringfield
2016-12-25,1.49,238100.22,,178949.08,7914.45,48259.12,47076.21,865.63,,conventional,2016,HartfordSpringfield
2017-09-24,1.59,228615.67,,181192.01,81.52,42532.33,41353.71,1178.62,0.0,conventional,2017,HartfordSpringfield
2015-03-22,1.11,292821.36,5900.6,230143.88,139.93,56636.95,53990.12,2646.83,,conventional,2015,HartfordSpringfield
2018-01-28,1.18,432600.1,7854.32,360244.35,237.31,64264.12,60495.46,3601.99,,conventional,2018,HartfordSpringfield
2016-10-23,1.78,213547.17,4201.36,152903.95,194.14,56247.72,56074.0,104.28,69.44,conventional,2016,HartfordSpringfield
2015-08-16,1.12,351074.46,4402.25,292976.9,886.72,52808.59,51496.76,1311.83,,conventional,2015,HartfordSpringfield
2015-12-20,1.18,264155.74,4806.75,212205.34,184.96,46958.69,45981.69,977.0,0.0,conventional,2015,HartfordSpringfield
2015-01-04,1.06,332208.14,6387.6,267593.62,165.35,58061.57,55401.31,2660.26,,conventional,2015,HartfordSpringfield
2017-12-31,1.42,245203.25,4805.09,183945.55,178.97,56273.64,48824.63,7447.45,1.56,conventional,2017,HartfordSpringfield
2016-07-03,1.47,309896.68,3261.81,212724.95,1330.76,92579.16,88150.04,547.51,,conventional,2016,HartfordSpringfield
2015-11-08,1.16,309186.06,5048.2,260745.71,171.88,43220.27,37770.33,5449.94,0.0,conventional,2015,HartfordSpringfield
2015-08-09,1.12,354490.75,4619.78,292318.39,706.64,56845.94,55625.9,1220.04,0.0,conventional,2015,HartfordSpringfield
2015-01-25,1.35,241174.11,4305.86,150044.76,231.99,86591.5,79402.42,7189.08,,conventional,2015,HartfordSpringfield
2017-03-19,1.66,253838.3,5615.33,195073.06,691.53,52458.38,46606.3,5852.08,,conventional,2017,HartfordSpringfield
2016-08-14,1.46,298015.34,6429.23,186844.14,655.42,104086.55,100492.24,2318.75,,conventional,2016,HartfordSpringfield
2015-03-29,1.22,241495.12,3980.5,184277.87,217.08,53019.67,50509.85,2509.82,,conventional,2015,HartfordSpringfield
2015-11-01,1.16,326067.03,4471.3,271817.93,288.44,49489.36,44831.2,4658.16,,conventional,2015,HartfordSpringfield
2017-10-15,1.58,236604.19,7043.32,177668.62,73.0,51819.25,49691.8,2127.45,,conventional,2017,HartfordSpringfield
2015-10-04,1.3,262638.61,,205512.49,287.31,51469.03,46352.66,5116.37,,conventional,2015,HartfordSpringfield
2015-03-01,1.12,314917.55,,250129.65,271.71,59968.22,57600.88,2367.34,,conventional,2015,HartfordSpringfield
2016-10-02,1.69,216818.99,17695.92,145719.43,620.47,52783.17,52592.82,190.35,0.0,conventional,2016,HartfordSpringfield
2017-12-31,1.79,26040.03,142.0,16241.0,0.0,9657.03,9650.37,6.66,0.0,organic,2017,Chicago
2016-12-11,1.32,54112.89,63.34,50779.13,0.0,3270.42,3270.42,0.0,0.0,organic,2016,Chicago
2018-02-18,1.66,33678.58,,24314.04,0.0,9105.36,9095.36,10.0,,organic,2018,Chicago
2017-08-27,2.11,26530.32,91.53,18593.95,0.0,7844.84,7844.84,0.0,,organic,2017,Chicago
2015-07-12,1.66,18945.72,253.02,18087.09,0.0,605.61,566.67,38.94,,organic,2015,Chicago
2015-01-11,1.79,12915.74,1426.75,10900.1,0.0,588.89,588.89,0.0,,organic,2015,Chicago
2017-09-03,2.05,20131.27,,11896.8,0.0,8127.03,8127.03,0.0,,organic,2017,Chicago
2018-01-07,1.83,41573.25,118.84,29600.36,0.0,11854.05,11850.72,3.33,0.0,organic,2018,Chicago
2017-02-19,1.6,36645.7,324.96,28155.69,0.0,8165.05,8165.05,0.0,,organic,2017,Chicago
2015-12-13,1.59,24059.71,876.48,23109.9,0.0,73.33,73.33,0.0,0.0,organic,2015,Chicago
2017-03-26,1.67,48330.46,1252.26,43428.38,0.0,3649.82,3645.38,4.44,0.0,organic,2017,Chicago
2015-10-25,1.61,22648.93,1033.01,21495.92,0.0,120.0,120.0,0.0,,organic,2015,Chicago
2015-07-19,1.65,19677.2,,18741.42,0.0,373.73,263.33,110.4,,organic,2015,Chicago
2015-05-24,1.86,20871.17,552.15,19632.59,0.0,686.43,680.0,6.43,,organic,2015,Chicago
2018-03-11,1.66,41969.83,583.18,32382.95,0.0,9003.7,8990.36,13.34,0.0,organic,2018,Chicago
2016-08-14,2.09,27655.2,84.15,26189.38,0.0,1381.67,1381.67,0.0,,organic,2016,Chicago
2017-12-24,1.81,32444.19,,21629.94,0.0,10490.02,10483.35,6.67,,organic,2017,Chicago
2015-11-22,1.57,24095.66,716.68,23255.65,0.0,123.33,120.0,3.33,,organic,2015,Chicago
2017-01-15,1.85,38542.5,78.31,34378.08,0.0,4086.11,4086.11,0.0,,organic,2017,Chicago
2017-11-26,1.73,28513.37,35.72,19019.1,0.0,9458.55,9427.44,31.11,0.0,organic,2017,Chicago
2015-02-22,1.83,10235.09,511.72,8648.92,0.0,1074.45,1074.45,0.0,,organic,2015,Chicago
2016-06-12,1.53,40535.05,162.25,38677.24,0.0,1695.56,1695.56,0.0,,organic,2016,Chicago
2016-02-21,1.55,32492.15,945.63,28552.71,0.0,2993.81,2993.81,0.0,0.0,organic,2016,Chicago
2017-02-12,1.53,35870.49,49.0,32792.61,0.0,3028.88,3028.88,0.0,0.0,organic,2017,Chicago
2017-12-17,1.39,44435.16,946.46,21147.93,0.0,22340.77,22340.77,0.0,,organic,2017,Chicago
2016-12-04,1.25,21047.85,6160.17,124.16,0.0,14763.52,14743.93,19.59,,organic,2016,DallasFtWorth
2017-07-02,1.02,32953.66,8791.93,475.31,0.0,23686.42,23602.46,83.96,0.0,organic,2017,DallasFtWorth
2017-02-26,1.05,28944.94,7437.63,210.19,0.0,21297.12,21167.36,129.76,,organic,2017,DallasFtWorth
2016-11-20,1.37,19634.24,5461.76,130.12,0.0,14042.36,13745.95,296.41,,organic,2016,DallasFtWorth
2016-01-10,1.34,11624.41,5332.87,389.96,0.0,5901.58,5843.94,57.64,,organic,2016,DallasFtWorth
2015-10-11,1.48,10647.39,6628.99,378.41,0.0,3639.99,3636.66,3.33,0.0,organic,2015,DallasFtWorth
2018-03-04,1.38,28406.76,,618.5,0.0,22178.07,20545.89,1632.18,,organic,2018,DallasFtWorth
2015-08-09,1.4,16702.43,8961.35,999.37,0.0,6741.71,6741.71,0.0,,organic,2015,DallasFtWorth
2015-11-29,1.46,9412.9,5706.47,278.7,0.0,3427.73,3427.73,0.0,,organic,2015,DallasFtWorth
2015-10-18,1.39,11010.45,,253.39,0.0,3100.0,3070.0,30.0,,organic,2015,DallasFtWorth
2018-01-28,1.45,26069.14,4936.84,476.06,0.0,20656.24,19613.2,1043.04,,organic,2018,DallasFtWorth
2018-03-25,1.46,31489.27,5372.35,1047.92,0.0,25069.0,23054.17,2014.83,,organic,2018,DallasFtWorth
2017-10-29,1.67,20558.95,4525.31,322.02,0.0,15711.62,15694.95,16.67,,organic,2017,DallasFtWorth
2016-05-29,1.0,27580.57,,341.12,0.0,17222.52,12248.06,4974.46,,organic,2016,DallasFtWorth
2015-02-15,1.41,10958.57,7081.47,827.1,0.0,3050.0,3050.0,0.0,,organic,2015,DallasFtWorth
2017-04-02,1.41,23747.19,12593.83,1272.81,0.0,9880.55,9589.23,291.32,,organic,2017,DallasFtWorth
2017-01-15,1.04,19472.79,3979.48,1535.52,0.0,13957.79,13871.35,86.44,,organic,2017,DallasFtWorth
2015-05-31,1.38,9882.68,7376.1,398.95,0.0,2107.63,2107.63,0.0,,organic,2015,DallasFtWorth
2016-05-08,1.04,26837.25,,601.13,0.0,18089.11,12168.76,5920.35,0.0,organic,2016,DallasFtWorth
2015-11-15,1.36,11640.14,7099.89,416.6,0.0,4123.65,4123.65,0.0,0.0,organic,2015,DallasFtWorth
2015-11-08,1.46,11147.93,,441.15,0.0,3899.69,3899.69,0.0,,organic,2015,DallasFtWorth
2017-06-18,1.44,26885.4,9426.95,1997.32,0.0,15461.13,15370.96,90.17,0.0,organic,2017,DallasFtWorth
2015-11-22,1.46,10812.09,,271.59,0.0,4350.81,4350.81,0.0,0.0,organic,2015,DallasFtWorth
2016-12-18,1.11,21071.85,5025.9,286.6,0.0,15759.35,15746.18,13.17,,organic,2016,DallasFtWorth
2017-08-06,1.63,21766.05,6944.17,440.45,0.0,14381.43,14378.1,3.33,0.0,organic,2017,DallasFtWorth
2015-10-25,1.48,13258.61,7509.17,329.44,0.0,5420.0,5410.0,10.0,,organic,2015,DallasFtWorth
2015-08-02,1.31,12992.93,10686.21,522.44,36.97,1747.31,1733.98,13.33,0.0,organic,2015,DallasFtWorth
2016-10-09,1.25,28837.82,13182.39,267.34,0.0,15388.09,6930.0,8458.09,0.0,organic,2016,DallasFtWorth
2017-04-30,1.28,27768.13,11119.74,1806.22,0.0,14842.17,14724.98,117.19,,organic,2017,DallasFtWorth
2015-03-29,1.36,9162.06,6160.98,467.75,0.0,2533.33,2533.33,0.0,,organic,2015,DallasFtWorth
2018-02-25,1.6,10821.89,652.89,894.42,0.0,9274.58,7767.78,1506.8,,organic,2018,MiamiFtLauderdale
2015-05-24,1.77,1811.7,,16.06,0.0,759.6,751.37,8.23,,organic,2015,MiamiFtLauderdale
2017-05-14,1.42,5883.23,279.85,84.9,0.0,5518.48,3846.67,1671.81,,organic,2017,MiamiFtLauderdale
2015-10-11,1.51,1780.24,12.93,3.98,0.0,1763.33,1763.33,0.0,,organic,2015,MiamiFtLauderdale
2017-04-09,2.32,3748.67,,25.8,0.0,3405.36,1365.56,2039.8,,organic,2017,MiamiFtLauderdale
2016-08-21,1.34,5381.19,38.45,22.74,0.0,5320.0,5260.0,60.0,,organic,2016,MiamiFtLauderdale
2017-02-12,1.29,5966.83,,8.03,0.0,5663.53,4157.77,1505.76,,organic,2017,MiamiFtLauderdale
2015-10-18,1.51,901.53,6.97,14.56,0.0,880.0,880.0,0.0,0.0,organic,2015,MiamiFtLauderdale
2017-07-16,1.44,5473.09,6.65,14.62,0.0,5451.82,5448.49,3.33,,organic,2017,MiamiFtLauderdale
2016-04-24,1.39,6498.57,1393.96,52.58,0.0,5052.03,5048.7,3.33,0.0,organic,2016,MiamiFtLauderdale
2015-02-15,1.75,1791.51,908.96,2.55,0.0,880.0,880.0,0.0,,organic,2015,MiamiFtLauderdale
2016-01-24,1.42,3020.48,843.92,9.03,0.0,2167.53,2167.53,0.0,,organic,2016,MiamiFtLauderdale
2018-03-04,1.56,11549.64,420.45,893.13,0.0,10236.06,8935.54,1300.52,,organic,2018,MiamiFtLauderdale
2016-02-14,1.45,3336.03,1074.21,5.16,0.0,2256.66,2253.33,3.33,0.0,organic,2016,MiamiFtLauderdale
2017-10-08,1.97,3758.3,98.7,435.16,0.0,3224.44,3221.11,3.33,,organic,2017,MiamiFtLauderdale
2017-12-17,1.59,8486.81,232.71,636.22,0.0,7617.88,7027.76,590.12,,organic,2017,MiamiFtLauderdale
2016-10-23,1.58,542.85,,81.38,0.0,453.33,450.0,3.33,,organic,2016,MiamiFtLauderdale
2016-09-11,1.36,3994.86,,25.63,0.0,3916.67,3893.34,23.33,,organic,2016,MiamiFtLauderdale
2016-02-28,1.51,2199.14,845.57,11.64,0.0,1341.93,1305.26,36.67,,organic,2016,MiamiFtLauderdale
2015-11-08,1.59,84.56,3.95,3.95,0.0,76.66,73.33,3.33,,organic,2015,MiamiFtLauderdale
2015-11-01,1.5,1955.27,3.95,1.32,0.0,1950.0,1946.67,3.33,0.0,organic,2015,MiamiFtLauderdale
2016-12-11,1.37,3471.8,13.41,28.39,0.0,3430.0,3430.0,0.0,0.0,organic,2016,MiamiFtLauderdale
2017-05-21,1.58,6177.03,515.52,81.14,0.0,5580.37,4806.82,773.55,,organic,2017,MiamiFtLauderdale
2017-07-09,1.76,4404.15,89.08,521.03,0.0,3794.04,3790.71,3.33,0.0,organic,2017,MiamiFtLauderdale
2017-08-13,1.47,4136.64,16.34,29.2,0.0,4091.1,4087.77,3.33,0.0,organic,2017,MiamiFtLauderdale
2016-01-31,1.54,1844.79,804.36,0.0,0.0,1040.43,1040.43,0.0,,organic,2016,MiamiFtLauderdale
2017-09-03,1.67,2647.99,36.32,2.78,0.0,2608.89,2602.23,6.66,,organic,2017,MiamiFtLauderdale
2015-03-08,1.69,2708.59,1060.0,15.26,0.0,1633.33,1633.33,0.0,,organic,2015,MiamiFtLauderdale
2016-02-21,1.4,2774.54,726.48,2.58,0.0,2045.48,2042.15,3.33,,organic,2016,MiamiFtLauderdale
2015-01-25,1.84,1648.84,1091.95,26.89,0.0,530.0,530.0,0.0,,organic,2015,MiamiFtLauderdale
2015-11-22,1.11,657.96,4.62,7.87,0.0,645.47,642.14,3.33,,organic,2015,MiamiFtLauderdale
2017-10-15,2.62,1100.1,24.83,384.79,0.0,690.48,657.77,32.71,0.0,organic,2017,MiamiFtLauderdale
2016-01-03,1.41,10975.51,1991.55,5916.03,0.0,3067.93,614.85,2453.08,,organic,2016,SanDiego
2015-08-16,1.82,9064.11,,5555.73,0.0,745.58,745.58,0.0,,organic,2015,SanDiego
2016-07-03,1.49,21506.43,,11972.74,0.0,7638.42,7634.78,3.64,0.0,organic,2016,SanDiego
2018-03-04,1.65,24614.51,1558.03,10118.36,0.0,12938.12,12934.79,3.33,,organic,2018,SanDiego
2015-04-26,1.48,10698.67,2780.48,6603.33,0.0,1314.86,1314.86,0.0,,organic,2015,SanDiego
2017-11-12,2.13,11498.28,770.92,6108.74,0.0,4618.62,4618.62,0.0,0.0,organic,2017,SanDiego
2016-04-10,1.23,19988.34,1574.7,9821.03,0.0,8592.61,6862.17,1730.44,,organic,2016,SanDiego
2016-01-10,1.32,12435.43,1414.85,5266.26,0.0,5754.32,515.58,5238.74,,organic,2016,SanDiego
2015-07-05,1.55,16352.08,3011.64,12801.71,0.0,538.73,538.73,0.0,,organic,2015,SanDiego
2017-10-22,2.15,13012.35,951.67,6964.44,0.0,5096.24,5096.24,0.0,0.0,organic,2017,SanDiego
2017-12-17,1.54,14047.41,1020.5,8775.1,0.0,4251.81,4251.81,0.0,0.0,organic,2017,SanDiego
2017-03-26,2.06,14388.05,2883.71,10030.37,0.0,1473.97,686.67,787.3,,organic,2017,SanDiego
2017-12-10,2.05,13284.31,,6895.21,0.0,3952.54,3952.54,0.0,,organic,2017,SanDiego
2016-08-28,1.89,14359.34,2605.56,8258.88,0.0,3494.9,3283.42,211.48,0.0,organic,2016,SanDiego
2016-10-23,2.73,8533.85,653.46,6987.25,0.0,893.14,893.14,0.0,,organic,2016,SanDiego
2015-12-06,1.83,5564.87,1256.25,3763.92,0.0,544.7,541.37,3.33,0.0,organic,2015,SanDiego
2015-08-09,1.82,8902.03,2628.99,5592.09,0.0,680.95,680.95,0.0,,organic,2015,SanDiego
2016-06-12,1.45,18898.31,,11757.61,3.23,4273.61,4270.02,3.59,0.0,organic,2016,SanDiego
2016-06-05,1.52,17431.92,3340.24,8893.38,0.0,5198.3,5022.86,175.44,,organic,2016,SanDiego
2016-10-09,2.22,10499.71,908.41,7917.99,0.0,1673.31,1673.31,0.0,,organic,2016,SanDiego
2017-11-05,1.6,16452.21,,10819.54,0.0,4870.94,4870.94,0.0,,organic,2017,SanDiego
2017-06-25,1.73,17744.03,,8290.7,0.0,8478.24,8478.24,0.0,0.0,organic,2017,SanDiego
2017-08-06,2.37,12981.7,1047.77,6973.51,0.0,4960.42,4960.42,0.0,,organic,2017,SanDiego
2017-08-20,2.42,14113.65,1007.89,7203.91,0.0,5901.85,5871.85,30.0,,organic,2017,SanDiego
2016-01-24,1.31,15316.04,1368.36,8300.29,0.0,5647.39,756.65,4890.74,,organic,2016,SanDiego
2017-09-03,2.01,15165.11,1139.04,10923.85,0.0,3102.22,3102.22,0.0,,organic,2017,SanDiego
2016-01-31,1.4,11694.11,1123.3,7131.28,12.78,3426.75,444.06,2982.69,,organic,2016,SanDiego
2017-12-31,2.0,14150.95,,7973.65,0.0,3455.52,3455.52,0.0,,organic,2017,SanDiego
2015-07-19,1.85,9159.44,2480.07,6332.4,0.0,346.97,346.97,0.0,0.0,organic,2015,SanDiego
2015-06-07,1.51,10372.71,2793.72,6690.16,0.0,888.83,888.83,0.0,0.0,organic,2015,SanDiego
2015-08-23,1.74,10817.27,2433.22,7936.29,0.0,447.76,447.76,0.0,,organic,2015,SanDiego
2017-02-12,1.66,9082.88,1014.35,7049.67,0.0,1018.86,856.72,162.14,0.0,organic,2017,SanDiego
2015-03-29,1.53,8962.77,3207.2,5150.91,0.0,604.66,604.66,0.0,,organic,2015,SanDiego
2018-01-21,1.95,18676.37,1088.49,9282.37,0.0,8305.51,8305.51,0.0,0.0,organic,2018,SanDiego
2015-02-08,1.29,15054.25,13016.65,926.02,0.0,1111.58,1111.58,0.0,0.0,organic,2015,SanDiego
2015-02-22,1.44,11764.76,10994.31,483.78,0.0,286.67,286.67,0.0,,organic,2015,SanDiego
2015-11-29,1.87,7022.99,1232.37,5300.75,0.0,489.87,489.87,0.0,,organic,2015,SanDiego
2016-12-04,2.06,9419.21,1464.73,6546.16,0.0,1408.32,540.0,868.32,,organic,2016,SanDiego
2018-02-11,1.88,18517.54,1101.05,8243.72,0.0,9172.77,9172.77,0.0,,organic,2018,SanDiego
2017-01-22,1.73,10842.77,2019.23,6869.87,0.0,1953.67,626.78,1326.89,,organic,2017,SanDiego
2016-09-11,0.98,83096.19,25160.86,14719.48,1572.45,41643.4,41633.69,0.0,,conventional,2016,Spokane
2015-06-28,1.2,81276.47,,26660.48,6367.68,9944.71,9944.71,0.0,,conventional,2015,Spokane
2017-05-28,1.15,102536.61,20265.31,31394.11,156.08,50721.11,50674.3,33.81,13.0,conventional,2017,Spokane
2017-02-12,0.77,110492.2,21706.17,27884.97,42.58,60858.48,44301.52,16496.0,,conventional,2017,Spokane
2016-02-07,0.74,154732.54,,56113.16,1283.73,72325.97,72052.59,91.48,181.9,conventional,2016,Spokane
2017-11-26,1.49,48850.0,,15594.0,252.0,20016.0,14612.0,5404.0,0.0,conventional,2017,Spokane
2015-03-22,1.1,74725.33,32960.85,28457.8,2400.38,10906.3,10906.3,0.0,,conventional,2015,Spokane
2016-06-26,1.02,90301.82,24210.14,18081.59,3974.43,44035.66,44033.23,0.0,,conventional,2016,Spokane
2015-12-13,0.99,67431.18,22229.24,20738.68,2189.59,22273.67,22269.39,4.28,,conventional,2015,Spokane
2017-04-16,1.09,101877.38,22310.41,24057.81,131.98,55377.18,55362.83,6.28,,conventional,2017,Spokane
2016-10-23,1.23,79477.96,8981.32,34481.19,19.05,35996.4,35886.49,44.63,65.28,conventional,2016,Spokane
2017-08-20,1.65,72084.39,19604.56,23704.67,189.66,28585.5,19888.67,8696.83,,conventional,2017,Spokane
2017-08-06,1.55,77832.62,20501.08,29823.74,121.9,27385.9,17489.63,9861.3,,conventional,2017,Spokane
2017-12-17,1.34,61276.15,16166.42,17749.69,328.0,27032.04,20076.59,6919.35,,conventional,2017,Spokane
2017-08-13,1.67,68140.75,,26112.53,100.27,25631.31,16335.62,9284.42,,conventional,2017,Spokane
2016-08-14,1.14,83933.43,24615.83,16234.66,2321.26,40761.68,40759.3,0.0,,conventional,2016,Spokane
2015-09-27,1.09,63902.9,25431.53,23735.71,2196.24,12539.42,12539.42,0.0,,conventional,2015,Spokane
2017-05-14,1.08,108411.15,23815.87,31405.86,68.52,53120.9,53015.54,18.68,86.68,conventional,2017,Spokane
2016-05-15,0.85,111993.65,24776.24,22868.96,3401.0,60947.45,60819.71,32.08,95.66,conventional,2016,Spokane
