avocado_missing.csv
Date,AveragePrice,Total Volume,4046,4225,4770,Total Bags,Small Bags,Large Bags,XLarge Bags,type,year,region
2016-06-19,1.37,4509.52,248.19,1839.21,0.0,2422.12,1186.19,1235.93,0.0,organic,2016,Indianapolis
2018-02-25,1.45,9345.93,256.43,1278.39,0.0,7761.04,4655.23,3105.81,0.0,organic,2018,Indianapolis
2017-04-09,1.06,7728.45,301.9,1339.32,0.0,6087.23,1287.81,4799.42,,organic,2017,Indianapolis
2015-06-14,1.57,2144.0,74.98,917.96,0.0,1151.06,780.41,370.65,0.0,organic,2015,Indianapolis
2016-01-17,1.51,2169.25,315.5,1240.35,8.83,604.57,283.33,321.24,0.0,organic,2016,Indianapolis
2017-08-06,1.45,8573.19,132.01,1644.3,0.0,6770.01,3840.62,2929.39,0.0,organic,2017,Indianapolis
2016-12-18,1.45,3202.84,110.89,1166.65,0.0,1925.3,704.82,1220.48,,organic,2016,Indianapolis
2016-03-20,1.26,3222.83,124.06,1194.0,0.0,1904.77,856.67,1048.1,0.0,organic,2016,Indianapolis
2015-02-01,1.69,1565.24,45.17,805.09,0.0,714.98,496.67,218.31,,organic,2015,Indianapolis
2016-09-18,1.96,2874.38,,1484.61,0.0,1147.15,514.7,632.45,0.0,organic,2016,Indianapolis
2018-01-21,1.48,9495.46,281.81,1266.88,0.0,7884.46,4149.72,3734.74,,organic,2018,Indianapolis
2016-05-01,1.38,4413.98,144.42,1825.03,0.0,2444.53,1424.01,1020.52,0.0,organic,2016,Indianapolis
2016-05-22,1.36,3722.4,106.92,1841.73,0.0,1773.75,864.81,908.94,,organic,2016,Indianapolis
2017-01-08,1.6,2916.96,189.89,1297.6,0.0,1429.47,1278.26,151.21,,organic,2017,Indianapolis
2017-06-04,1.25,8668.35,152.13,1385.07,0.0,7131.15,1178.64,5952.51,0.0,organic,2017,Indianapolis
2017-05-21,0.92,8759.49,76.82,1259.86,0.0,7422.81,2038.26,5384.55,,organic,2017,Indianapolis
2016-10-23,1.58,3929.64,145.73,1419.02,0.0,2364.89,581.97,1782.92,0.0,organic,2016,Indianapolis
2016-01-03,1.53,2057.45,229.67,1187.16,0.0,640.62,304.07,336.55,,organic,2016,Indianapolis
2016-08-07,1.7,4430.65,,1188.49,0.0,2775.33,1296.76,1478.57,,organic,2016,Indianapolis
2017-03-12,0.93,8510.89,156.05,1233.41,0.0,7121.43,1404.44,5716.99,,organic,2017,Indianapolis
2017-10-29,1.54,6531.55,,1167.86,0.0,5191.42,3953.63,1237.79,0.0,organic,2017,Indianapolis
2015-05-17,1.19,2363.41,,870.72,0.0,1380.96,258.1,1122.86,,organic,2015,Indianapolis
2016-01-24,1.13,3585.33,334.99,1406.09,9.92,1834.33,553.33,1281.0,,organic,2016,Indianapolis
2015-02-22,1.87,1563.5,104.69,1018.76,0.0,440.05,360.0,80.05,0.0,organic,2015,Indianapolis
2016-11-06,1.81,4057.85,203.83,1663.45,0.0,2190.57,1264.44,926.13,,organic,2016,Indianapolis
2018-01-07,1.46,9885.05,205.23,1460.83,0.0,8204.03,5889.7,2314.33,,organic,2018,Indianapolis
2017-02-26,0.9,6549.33,107.56,1165.45,0.0,5276.32,972.23,4304.09,0.0,organic,2017,Indianapolis
2016-03-13,1.39,2555.93,134.82,1110.28,0.0,1310.83,813.33,497.5,0.0,organic,2016,Indianapolis
2017-08-27,1.62,8228.93,106.71,1378.46,0.0,6743.76,4350.93,2392.83,0.0,organic,2017,Indianapolis
2017-04-30,1.77,2897.1,,1505.98,0.0,1221.98,851.69,370.29,0.0,organic,2017,Indianapolis
2016-10-16,1.48,3492.62,161.89,1522.71,0.0,1808.02,737.01,1071.01,,organic,2016,Indianapolis
2015-08-23,1.69,2858.31,482.02,1602.7,0.0,773.59,470.0,303.59,,organic,2015,Indianapolis
2015-04-05,1.49,2029.52,66.72,1068.47,0.0,894.33,420.96,473.37,,organic,2015,Indianapolis
2015-11-22,1.57,1767.58,239.76,1157.11,0.0,370.71,193.33,177.38,0.0,organic,2015,Indianapolis
2015-03-01,1.79,1625.01,54.96,948.84,0.0,621.21,580.0,41.21,,organic,2015,Indianapolis
2017-10-01,1.68,7780.31,154.85,1188.01,0.0,6376.61,4453.01,1923.6,,organic,2017,Indianapolis
2015-08-02,1.07,67763.91,51151.27,5140.89,5435.36,6036.39,5987.5,48.89,,conventional,2015,Boise
2017-04-02,1.2,94905.4,41043.29,3616.58,9919.67,40325.86,40187.35,115.56,,conventional,2017,Boise
2016-08-21,0.9,84013.04,40944.28,2078.24,4694.68,36295.84,34718.06,1577.78,,conventional,2016,Boise
2016-05-29,0.63,82549.14,29694.73,4570.07,6.61,48277.73,47343.36,926.1,,conventional,2016,Boise
2017-03-12,0.98,112776.1,33062.31,9415.52,9975.45,60322.82,58419.56,1777.12,126.14,conventional,2017,Boise
2015-11-22,1.09,52875.58,25408.86,3255.97,6662.8,17547.95,17530.67,4.32,,conventional,2015,Boise
2017-06-04,1.19,98460.27,42302.58,3757.52,7950.05,44450.12,44427.36,11.47,,conventional,2017,Boise
2015-02-01,0.91,113578.24,67496.3,36532.33,2904.77,6644.84,4867.26,1777.58,,conventional,2015,Boise
2016-07-03,0.77,136377.55,36208.26,6421.9,12.16,93735.23,93645.45,20.52,,conventional,2016,Boise
2015-05-31,0.97,76689.38,,7421.36,4028.3,7866.15,7860.31,5.84,,conventional,2015,Boise
2016-11-20,1.27,62526.51,28834.32,2463.45,7123.14,24105.6,24091.47,2.86,11.27,conventional,2016,Boise
2016-12-25,1.03,71168.92,27464.22,2892.64,6681.19,34130.87,33449.4,662.22,19.25,conventional,2016,Boise
2016-10-23,1.17,70652.14,27935.7,3769.48,6919.11,32027.85,30914.91,1098.42,,conventional,2016,Boise
2017-08-06,1.54,73710.09,37252.55,3802.7,7644.86,25009.98,16530.36,8380.66,,conventional,2017,Boise
2017-12-17,1.29,65090.38,31969.34,1752.04,6655.62,24713.38,18837.14,5849.25,26.99,conventional,2017,Boise
2015-02-15,1.14,61221.98,,7840.31,6492.94,5340.86,3647.52,1693.34,,conventional,2015,Boise
2015-11-15,1.01,68648.22,24424.72,12085.72,6502.37,25635.41,25200.25,8.65,,conventional,2015,Boise
2016-07-17,0.7,69052.66,27671.07,1614.16,6.29,39761.14,37729.96,799.61,,conventional,2016,Boise
2017-04-30,1.03,109119.0,,2195.12,9316.9,56279.92,56263.68,2.95,,conventional,2017,Boise
2015-12-27,0.98,625475.1,93034.2,246747.13,19103.69,266590.08,38620.02,227884.21,,conventional,2015,Denver
2015-08-02,1.05,727916.83,153498.68,423519.88,16711.0,134187.27,45644.8,88542.47,0.0,conventional,2015,Denver
2015-11-29,1.12,429109.64,85241.45,179982.42,14146.28,149739.49,31920.41,117819.08,,conventional,2015,Denver
2018-01-14,1.1,1003142.47,178992.28,323916.08,11963.62,488270.49,121454.8,366815.69,,conventional,2018,Denver
2017-12-24,1.19,675592.64,,171218.36,11713.7,350633.26,104300.12,246332.03,,conventional,2017,Denver
2016-02-07,0.63,1365558.26,230721.51,557897.36,18935.14,558004.25,50217.97,507786.28,,conventional,2016,Denver
2017-11-26,1.36,543243.0,,171383.0,12038.0,233907.0,93132.0,140775.0,,conventional,2017,Denver
2015-12-06,0.76,838225.19,111259.34,378124.28,8807.96,340033.61,35086.04,304844.07,,conventional,2015,Denver
2018-01-07,1.01,963849.75,184830.15,292349.16,14102.19,472568.25,112396.9,360171.35,,conventional,2018,Denver
2016-02-21,0.73,955582.65,155250.0,331998.14,14973.1,453361.41,43379.59,409969.42,12.4,conventional,2016,Denver
2017-07-16,1.46,642837.36,,207831.49,14610.86,312011.12,114962.78,196568.34,480.0,conventional,2017,Denver
2016-08-21,1.22,603007.72,150776.14,190694.58,13732.79,247804.21,119819.7,127269.23,,conventional,2016,Denver
2016-05-01,0.87,819111.24,,261525.49,15299.33,389134.75,155354.69,231175.89,2604.17,conventional,2016,Denver
2018-02-25,0.99,1018614.31,166753.37,254657.74,14153.31,583049.89,137052.52,445944.87,,conventional,2018,Denver
2015-04-19,1.08,797021.22,129744.18,544167.43,6231.67,116877.94,44279.02,72598.92,,conventional,2015,Denver
2017-09-24,1.6,499761.73,125319.71,161435.81,191.97,212814.24,75919.39,136894.85,,conventional,2017,Denver
2016-08-07,1.14,695116.3,168010.47,183568.83,18624.73,324912.27,151220.54,172079.23,,conventional,2016,Denver
2016-10-30,1.13,576353.94,,239345.04,16411.08,221228.08,76674.6,144255.79,297.69,conventional,2016,Denver
2016-01-03,0.6,1295246.27,114121.88,526048.62,10374.52,644701.25,33033.97,611655.03,12.25,conventional,2016,Denver
2016-12-04,0.91,855989.02,129940.92,277374.59,11512.69,437160.82,141279.5,295881.32,,conventional,2016,Denver
2017-11-05,1.07,934570.7,122060.91,320967.57,8617.99,482924.23,89816.96,393106.16,1.11,conventional,2017,Denver
2015-08-16,1.17,648148.15,157630.43,348863.51,18154.64,123499.57,46710.57,76789.0,,conventional,2015,Denver
2017-11-19,1.13,701022.0,132242.0,196662.0,15425.0,356693.0,97734.0,258959.0,0.0,conventional,2017,Denver
2015-10-04,1.02,678935.84,101712.18,364774.25,27621.71,184827.7,41345.58,143474.53,,conventional,2015,Denver
2016-05-22,0.9,932146.56,160299.04,266856.24,17526.17,487465.11,79603.12,407238.98,,conventional,2016,Denver
2016-02-28,0.74,1058089.41,118099.68,300335.55,62908.07,576746.11,43136.98,533591.97,,conventional,2016,Denver
2017-04-09,1.31,704360.11,136193.81,164298.89,23358.01,380509.4,117825.21,262684.19,0.0,conventional,2017,Denver
2018-03-11,1.16,788107.23,159389.01,205340.23,16598.6,406779.39,156327.39,250452.0,,conventional,2018,Denver
2017-02-05,0.77,1258952.81,239163.63,502457.31,14680.91,502650.96,249329.75,253122.6,198.61,conventional,2017,Denver
2018-03-18,1.58,69790.75,5124.88,20091.33,14.68,44559.86,32906.16,11653.7,,organic,2018,Plains
2015-05-03,1.92,27541.24,3463.32,16891.72,18.52,7167.68,5360.43,1807.25,0.0,organic,2015,Plains
2017-04-23,1.67,70584.97,4057.02,23962.95,307.19,42257.81,26018.54,16239.27,0.0,organic,2017,Plains
2016-07-31,1.72,53685.87,4040.29,21221.96,2115.7,26307.92,16898.32,9409.6,,organic,2016,Plains
2016-01-24,1.33,56919.22,4015.88,16269.58,8256.41,28377.35,11379.03,16998.32,,organic,2016,Plains
2017-03-05,1.39,79590.74,,25452.37,464.44,46944.19,19928.87,27015.32,,organic,2017,Plains
2015-06-14,1.79,33795.51,4749.1,20882.01,41.97,8122.43,5857.07,2265.36,,organic,2015,Plains
2017-05-28,1.63,71551.35,3682.02,22151.54,194.47,45523.32,24299.08,21224.24,0.0,organic,2017,Plains
2017-12-24,1.73,53663.33,2437.98,17137.62,29.27,34058.46,22547.68,11499.94,,organic,2017,Plains
2016-07-17,1.76,46645.35,3982.86,22440.03,886.04,19336.42,13280.84,6055.58,0.0,organic,2016,Plains
2015-10-25,1.64,30717.28,3595.24,13212.07,311.49,13598.48,7405.56,6192.92,,organic,2015,Plains
2017-03-26,1.51,81982.77,5449.39,23565.89,1102.12,51865.37,21163.88,30701.49,,organic,2017,Plains
2017-09-10,2.09,56583.1,1504.55,16919.57,24.03,38117.92,19391.33,18726.59,0.0,organic,2017,Plains
2015-03-22,1.8,34244.34,3811.27,19130.46,22.89,11279.72,10549.2,730.52,,organic,2015,Plains
2016-10-09,1.55,45120.49,,10631.11,606.81,31196.93,18265.83,12931.1,,organic,2016,Plains
2016-11-06,1.76,43201.25,5866.3,10066.67,1872.81,25395.47,18106.52,7288.95,,organic,2016,Plains
2016-11-27,1.69,45636.25,4255.17,11988.69,1072.74,28319.65,16698.74,11620.91,,organic,2016,Plains
2016-04-10,1.36,57602.01,4047.05,22065.88,7333.68,24155.4,7182.87,16972.53,,organic,2016,Plains
2016-10-16,1.67,33832.86,,5664.25,1040.32,21832.88,16796.31,5036.57,,organic,2016,Plains
2016-05-29,1.76,40907.26,4923.5,24223.73,1387.7,10372.33,7022.27,3350.06,,organic,2016,Plains
2015-11-01,1.55,34437.74,,13357.17,448.11,16819.08,8910.32,7908.76,,organic,2015,Plains
2015-11-08,1.73,32097.19,4531.87,14489.94,328.59,12746.79,8602.73,4144.06,0.0,organic,2015,Plains
2015-06-07,1.9,30028.0,4282.27,17080.62,41.89,8623.22,6108.64,2514.58,,organic,2015,Plains
2017-07-16,1.56,3525.61,22.61,39.69,0.0,3463.31,3459.98,3.33,,organic,2017,Tampa
2016-08-21,1.36,4345.97,,65.81,0.0,4230.0,4170.0,60.0,0.0,organic,2016,Tampa
2017-03-12,2.56,2856.05,1233.55,97.2,0.0,1525.3,853.33,671.97,,organic,2017,Tampa
2016-06-26,1.5,5867.74,2331.84,142.57,0.0,3393.33,3370.0,23.33,0.0,organic,2016,Tampa
2016-12-04,1.45,4668.39,306.82,50.0,0.0,4311.57,2263.33,2048.24,0.0,organic,2016,Tampa
2017-10-29,1.94,6320.26,92.65,741.78,0.0,5485.83,4392.21,1093.62,,organic,2017,Tampa
2016-01-10,1.6,3428.28,1487.74,16.13,0.0,1924.41,1770.0,154.41,0.0,organic,2016,Tampa
2015-09-13,1.43,1254.81,9.64,5.09,0.0,1240.08,1240.08,0.0,0.0,organic,2015,Tampa
2015-01-18,1.73,1751.2,,23.95,0.0,916.67,916.67,0.0,,organic,2015,Tampa
2016-06-12,1.42,5150.78,1653.86,56.92,0.0,3440.0,3390.0,50.0,,organic,2016,Tampa
2015-11-29,1.73,1685.8,791.5,8.85,0.0,885.45,885.45,0.0,,organic,2015,Tampa
2018-03-18,1.5,10311.24,190.28,901.77,0.0,9219.19,7687.03,1532.16,0.0,organic,2018,Tampa
2015-12-06,1.76,1739.62,919.89,16.4,0.0,803.33,803.33,0.0,,organic,2015,Tampa
2015-08-23,1.5,998.28,7.02,1.26,0.0,990.0,990.0,0.0,0.0,organic,2015,Tampa
2015-04-19,1.48,3118.18,907.45,22.51,0.0,2188.22,2188.22,0.0,,organic,2015,Tampa
2016-11-20,1.5,5122.16,351.78,41.08,0.0,4729.3,2454.44,2274.86,,organic,2016,Tampa
2015-06-14,1.73,2026.74,934.18,5.89,0.0,1086.67,1086.67,0.0,0.0,organic,2015,Tampa
2017-01-22,1.2,6939.71,,33.77,0.0,6653.83,4266.66,2387.17,,organic,2017,Tampa
2018-02-18,1.5,8534.53,131.47,781.0,0.0,7622.06,6452.23,1169.83,,organic,2018,Tampa
2016-05-15,1.5,5009.34,1207.48,64.79,0.0,3737.07,3737.07,0.0,,organic,2016,Tampa
2018-01-07,1.51,7370.53,42.17,400.58,0.0,6927.78,6921.12,6.66,,organic,2018,Tampa
2017-01-08,1.21,6520.7,285.78,50.14,0.0,6184.78,3836.67,2348.11,,organic,2017,Tampa
2015-11-22,1.78,1983.73,1113.29,63.41,0.0,807.03,797.03,10.0,0.0,organic,2015,Tampa
2017-08-06,1.6,3054.66,31.97,64.92,0.0,2957.77,2951.1,6.67,,organic,2017,Tampa
2017-06-18,2.07,6480.98,475.83,2787.16,0.0,3217.99,3217.99,0.0,,organic,2017,Tampa
2017-05-28,2.22,15955.26,2251.74,6632.02,7.74,7063.76,7043.24,20.52,,organic,2017,Philadelphia
2016-01-17,1.68,8382.56,805.42,1997.8,33.34,5546.0,565.36,4980.64,0.0,organic,2016,Philadelphia
2015-03-08,1.63,6507.49,284.64,1349.92,8.83,4864.1,4864.1,0.0,,organic,2015,Philadelphia
2017-11-19,1.75,19663.06,1425.46,2936.37,12.49,15288.74,15274.35,14.39,,organic,2017,Philadelphia
2017-07-02,2.33,13643.23,1162.18,6156.45,7.31,6317.29,6275.92,41.37,0.0,organic,2017,Philadelphia
2016-05-01,1.87,13101.38,1713.54,3814.81,2.26,7570.77,7400.31,170.46,0.0,organic,2016,Philadelphia
2016-06-19,2.19,10778.24,594.97,4220.84,0.0,5962.43,5110.25,852.18,0.0,organic,2016,Philadelphia
2017-01-29,1.9,11574.88,1374.83,3255.7,9.02,6935.33,6844.43,90.9,,organic,2017,Philadelphia
2015-05-24,1.9,5495.95,371.01,1693.43,18.14,3413.37,3413.37,0.0,,organic,2015,Philadelphia
2016-08-21,1.87,10605.21,882.35,4181.99,6.88,5533.99,5365.02,168.97,,organic,2016,Philadelphia
2017-06-04,2.01,21652.97,5098.14,8574.42,6.96,7973.45,7734.66,238.79,,organic,2017,Philadelphia
2016-11-06,2.32,7734.59,869.13,2632.06,0.0,4233.4,4214.36,19.04,,organic,2016,Philadelphia
2016-09-18,2.18,12536.03,765.26,2809.14,0.0,8961.63,8856.74,104.89,,organic,2016,Philadelphia
2016-07-03,2.16,10437.32,1027.88,4846.32,15.16,4547.96,3592.18,955.78,,organic,2016,Philadelphia
2017-03-12,2.33,14160.84,2593.91,5686.31,15.17,5865.45,5865.45,0.0,,organic,2017,Philadelphia
2016-12-11,2.04,8663.02,565.46,2881.29,2.24,5214.03,5214.03,0.0,0.0,organic,2016,Philadelphia
2016-09-11,2.08,15403.19,1346.13,4722.13,8.32,9326.61,9244.65,81.96,0.0,organic,2016,Philadelphia
2017-03-19,1.82,25480.51,7444.63,11899.72,5.53,6130.63,5945.91,184.72,0.0,organic,2017,Philadelphia
2017-12-03,1.63,25940.77,3952.63,6132.01,11.61,15844.52,15814.32,30.2,0.0,organic,2017,Philadelphia
2016-09-04,2.04,12126.24,1240.26,4534.3,39.48,6312.2,6312.2,0.0,,organic,2016,Philadelphia
2018-02-25,1.56,31548.98,,8227.53,4.2,19014.44,19011.11,3.33,,organic,2018,Philadelphia
2017-04-23,2.17,15607.14,2318.43,5746.83,0.0,7541.88,7535.14,6.74,,organic,2017,Philadelphia
2017-06-25,2.22,14667.26,1527.5,6647.85,4.84,6487.07,6487.07,0.0,0.0,organic,2017,Philadelphia
2016-02-21,1.79,9168.4,715.85,2560.31,6.19,5886.05,1527.14,4358.91,,organic,2016,Philadelphia
2018-02-11,1.68,20349.55,1481.13,2510.65,13.13,16344.64,16333.54,11.1,,organic,2018,Philadelphia
2015-01-11,1.63,6715.18,428.55,1809.47,4.83,4472.33,4465.66,6.67,,organic,2015,Philadelphia
2017-02-05,1.86,11862.24,1770.92,3440.94,8.1,6642.28,6544.18,98.1,0.0,organic,2017,Philadelphia
2016-02-14,2.07,5952.62,686.01,2615.97,23.18,2627.46,1144.04,1483.42,,organic,2016,Philadelphia
2016-01-31,1.53,11396.43,438.65,1843.31,18.4,9096.07,230.01,8866.06,0.0,organic,2016,Philadelphia
2017-02-19,1.38,64262.13,16636.2,41845.91,6.29,5773.73,5710.82,62.91,,organic,2017,Philadelphia
2017-09-24,1.57,34499.29,1640.43,3883.65,28.78,28946.43,28946.43,0.0,,organic,2017,Philadelphia
2016-04-03,1.58,81780.18,3501.88,43194.1,2339.96,32744.24,22985.45,9758.79,,organic,2016,Midsouth
2015-10-11,1.53,60162.15,2195.42,30952.79,3637.71,23376.23,11437.45,11938.78,,organic,2015,Midsouth
2017-01-15,1.67,88279.56,3414.04,43794.8,2191.38,38879.34,37053.18,1826.16,,organic,2017,Midsouth
2016-09-04,1.52,139031.27,2643.48,52375.95,2926.09,81085.75,45683.66,35402.09,0.0,organic,2016,Midsouth
2017-07-02,1.78,120458.72,2774.67,52195.81,1321.72,64166.52,34038.53,30127.99,0.0,organic,2017,Midsouth
2016-11-06,1.48,134399.76,2602.81,46417.2,2433.05,82946.7,41924.85,41021.85,,organic,2016,Midsouth
2015-03-15,1.65,58939.14,8401.12,28424.2,4385.54,17728.28,16137.24,1591.04,,organic,2015,Midsouth
2016-06-12,1.46,112023.04,3277.1,51346.96,2683.28,54715.7,31064.03,23651.67,0.0,organic,2016,Midsouth
2017-10-22,1.8,168429.18,2401.85,39858.54,607.05,125561.74,115932.33,9629.41,0.0,organic,2017,Midsouth
2017-09-17,1.93,158623.92,3307.02,36351.09,628.33,118337.48,102794.03,15543.45,,organic,2017,Midsouth
2017-01-29,1.54,95499.48,3428.23,45235.31,2048.59,44787.35,33303.24,11484.11,,organic,2017,Midsouth
2016-05-01,1.55,97128.22,3562.55,47499.55,2559.25,43506.87,33707.03,9799.84,,organic,2016,Midsouth
2016-02-21,1.57,59602.55,3095.81,35011.1,2035.98,19459.66,11889.39,7570.27,,organic,2016,Midsouth
2018-02-11,1.6,157203.29,2778.55,41083.21,661.32,112680.21,108074.63,4605.58,,organic,2018,Midsouth
2016-08-21,1.65,122874.61,5502.21,51927.71,3270.04,62174.65,46959.29,15215.36,0.0,organic,2016,Midsouth
2017-12-03,1.66,131588.67,2948.0,38442.38,759.91,89438.38,85848.62,3589.76,,organic,2017,Midsouth
2017-03-12,1.35,121869.61,3840.57,42071.43,1856.19,74101.42,34491.91,39609.51,,organic,2017,Midsouth
2015-04-26,1.46,83253.18,9169.34,42025.26,4427.92,27630.66,18237.04,9393.62,,organic,2015,Midsouth
2018-03-18,1.52,179316.2,,48249.33,720.63,126416.1,109789.25,16626.85,,organic,2018,Midsouth
2017-07-30,1.68,143256.61,3072.11,44213.86,991.22,94976.86,80259.26,14717.6,,organic,2017,Midsouth
2017-01-08,1.61,90503.81,3638.19,41242.82,2265.14,43357.66,40878.78,2478.88,,organic,2017,Midsouth
