avocado_missing.csv
Date,AveragePrice,Total Volume,4046,4225,4770,Total Bags,Small Bags,Large Bags,XLarge Bags,type,year,region
2017-03-05,0.67,1176932.6,551312.9,221516.99,15504.1,388598.61,250902.57,136918.26,777.78,conventional,2017,PhoenixTucson
2015-09-06,0.58,1390417.77,937165.6,293505.07,6101.99,153645.11,93116.34,60528.77,0.0,conventional,2015,PhoenixTucson
2016-04-24,0.54,1352494.83,884293.16,264603.74,14665.34,188932.59,104062.12,83420.47,,conventional,2016,PhoenixTucson
2018-01-28,0.68,1592137.3,,288508.97,12312.08,388905.84,235248.48,147958.47,,conventional,2018,PhoenixTucson
2016-10-23,1.02,699711.07,250712.73,188686.25,16864.42,243447.67,127647.02,115800.65,0.0,conventional,2016,PhoenixTucson
2016-09-11,0.88,961997.61,504499.4,216559.98,11582.2,229356.03,123900.27,105452.43,,conventional,2016,PhoenixTucson
2016-07-24,0.94,922526.29,,201696.43,12392.31,284764.8,144445.97,139836.89,,conventional,2016,PhoenixTucson
2015-09-27,0.91,664201.67,364703.64,229488.26,9974.5,60035.27,59972.02,63.25,,conventional,2015,PhoenixTucson
2015-11-29,0.75,724915.6,449043.34,208439.29,9770.44,57662.53,57662.53,0.0,,conventional,2015,PhoenixTucson
2017-12-31,0.75,986474.74,422070.44,283040.88,12415.52,268947.9,173098.72,93945.85,1903.33,conventional,2017,PhoenixTucson
2017-01-22,0.54,1601222.68,909748.65,296612.15,15561.81,379300.07,98982.8,280317.27,0.0,conventional,2017,PhoenixTucson
2017-07-16,0.92,973521.7,499391.8,211064.2,12355.98,250709.72,141156.76,108849.63,703.33,conventional,2017,PhoenixTucson
2016-01-31,0.64,1113755.21,663697.2,293461.52,21553.25,135043.24,83060.04,51983.2,,conventional,2016,PhoenixTucson
2017-07-09,0.75,1347858.68,568223.72,232289.27,12866.51,534479.18,321383.07,213096.11,,conventional,2017,PhoenixTucson
2015-05-17,0.67,1013049.67,739725.96,167185.6,4706.99,101431.12,77703.34,23727.78,,conventional,2015,PhoenixTucson
2018-02-11,0.64,1490711.97,793896.21,256987.03,12607.4,427221.33,241681.63,179607.48,,conventional,2018,PhoenixTucson
2015-11-08,0.6,1102271.52,793103.44,234926.57,11555.39,62686.12,62666.63,19.49,,conventional,2015,PhoenixTucson
2015-08-09,0.79,981975.08,621184.17,228961.24,7040.81,124788.86,79670.22,45118.64,0.0,conventional,2015,PhoenixTucson
2017-04-23,0.7,1197854.72,544507.98,243224.53,17245.27,392876.94,128243.06,263385.27,,conventional,2017,PhoenixTucson
2017-02-19,0.67,1171871.64,,260052.13,14748.58,272123.77,126572.67,145260.82,,conventional,2017,PhoenixTucson
2018-02-25,0.72,1224254.4,621383.55,216588.22,13517.52,372765.11,218471.0,148190.88,,conventional,2018,PhoenixTucson
2017-10-15,1.17,776108.23,338241.51,217038.81,2634.94,218192.97,168675.02,49516.84,1.11,conventional,2017,PhoenixTucson
2017-01-29,1.21,445251.37,,90757.43,207.75,170777.93,93866.67,76118.2,,conventional,2017,Tampa
2016-01-31,0.98,391266.84,155283.41,95492.75,91.61,140399.07,66287.34,74111.73,,conventional,2016,Tampa
2016-08-28,1.14,378817.72,177292.69,99784.11,62.59,101678.33,78855.06,20239.66,2583.61,conventional,2016,Tampa
2016-10-02,1.45,323324.31,123390.79,72977.08,250.23,126706.21,63736.85,62969.36,,conventional,2016,Tampa
2017-11-19,1.21,406797.0,251741.0,39402.0,740.0,114914.0,65591.0,49323.0,0.0,conventional,2017,Tampa
2018-03-18,1.13,574380.46,372785.73,43017.73,1301.33,157275.67,93201.11,63924.56,,conventional,2018,Tampa
2016-09-11,1.16,338518.81,154295.04,62808.74,61.0,121354.03,65128.71,55457.26,768.06,conventional,2016,Tampa
2016-05-15,0.86,522134.64,214251.75,138866.8,113.49,168902.6,58113.67,106150.87,,conventional,2016,Tampa
2017-05-14,1.43,342985.7,215699.35,42141.19,60.98,85084.18,59447.45,25620.06,,conventional,2017,Tampa
2015-12-13,0.96,365643.92,242293.88,40944.16,52.15,82353.73,42015.01,40338.72,,conventional,2015,Tampa
2015-11-01,0.97,391514.43,,72749.38,100.62,90340.3,44449.47,45890.83,,conventional,2015,Tampa
2016-07-10,1.15,359346.63,,92115.84,93.56,125571.71,87917.71,26862.89,,conventional,2016,Tampa
2017-01-01,0.93,578061.29,202816.81,150261.06,71.05,224912.37,87852.78,137059.59,,conventional,2017,Tampa
2016-06-19,0.98,497270.56,234054.37,127730.8,111.83,135373.56,68955.92,55517.64,,conventional,2016,Tampa
2016-04-17,1.06,387923.77,,79809.39,97.76,124387.87,63443.38,60944.49,0.0,conventional,2016,Tampa
2015-09-06,0.91,436528.94,205188.66,94841.92,63.26,136435.1,60131.29,76303.81,,conventional,2015,Tampa
2017-08-20,1.64,289379.57,199550.24,35017.75,84.57,54727.01,12351.0,37069.34,5306.67,conventional,2017,Tampa
2017-05-21,1.44,373821.74,224341.97,46054.85,33.0,103391.92,64869.78,38515.2,,conventional,2017,Tampa
2017-12-10,1.02,474890.22,,45874.99,840.0,134223.56,66383.24,67840.32,0.0,conventional,2017,Tampa
2017-02-12,0.95,484658.75,244896.84,108692.87,143.7,130925.34,64717.67,66097.95,,conventional,2017,Tampa
2017-04-09,1.5,327808.93,197024.0,48831.23,64.88,81888.82,47099.1,34786.39,3.33,conventional,2017,Tampa
2015-04-26,1.19,304135.67,203078.44,19757.32,118.14,81181.77,60977.02,19915.86,,conventional,2015,Tampa
2015-04-19,1.16,280464.73,182582.22,19553.08,138.42,78191.01,56279.47,21911.54,,conventional,2015,Tampa
2015-06-28,1.11,325434.49,157030.05,56095.25,108.06,112201.13,94295.35,17905.78,,conventional,2015,Tampa
2018-03-25,1.33,469300.74,289527.11,33226.48,1342.31,145204.84,87355.05,57643.12,,conventional,2018,Tampa
2017-11-26,1.4,295940.0,188536.0,25479.0,476.0,81450.0,57222.0,24228.0,,conventional,2017,Tampa
2015-06-07,0.97,433152.31,,35164.49,467.96,101726.86,65864.81,35862.05,,conventional,2015,Tampa
2015-08-09,0.97,427229.44,257930.36,58043.78,161.33,111093.97,75694.1,35397.12,2.75,conventional,2015,Tampa
2015-02-15,1.21,242478.65,,20647.04,56.4,67663.34,34123.19,33540.15,,conventional,2015,Tampa
2017-09-17,1.76,304681.73,207920.64,40380.01,42.41,56338.67,8294.86,48037.14,,conventional,2017,Tampa
2015-01-11,1.24,235231.08,,36017.93,56.25,56919.19,19605.39,37313.8,,conventional,2015,Tampa
2016-04-17,1.76,4295.0,0.0,164.9,0.0,4130.1,602.65,3527.45,,organic,2016,BuffaloRochester
2015-10-25,1.55,3021.45,20.19,123.59,0.0,2877.67,2871.0,6.67,,organic,2015,BuffaloRochester
2017-12-03,1.18,7575.49,101.72,39.09,0.0,7434.68,3655.67,3779.01,0.0,organic,2017,BuffaloRochester
2017-03-26,2.16,4486.25,0.0,451.29,0.0,4034.96,738.89,3296.07,,organic,2017,BuffaloRochester
2017-04-16,2.14,5987.27,8.55,525.64,0.0,5453.08,1313.33,4139.75,0.0,organic,2017,BuffaloRochester
2015-07-12,2.02,614.3,90.49,103.52,0.0,420.29,417.64,2.65,0.0,organic,2015,BuffaloRochester
2017-01-22,1.5,2590.39,8.54,139.02,0.0,2442.83,2440.12,2.71,0.0,organic,2017,BuffaloRochester
2017-10-01,1.39,11486.81,277.8,111.48,0.0,11097.53,11092.17,5.36,,organic,2017,BuffaloRochester
2015-12-13,1.45,4317.94,0.0,130.62,0.0,4187.32,1502.72,2684.6,0.0,organic,2015,BuffaloRochester
2017-03-05,1.89,3184.47,9.77,1404.91,0.0,1769.79,910.0,859.79,0.0,organic,2017,BuffaloRochester
2015-08-02,1.86,3348.4,78.56,154.19,0.0,3115.65,3115.65,0.0,0.0,organic,2015,BuffaloRochester
2017-08-13,1.27,10212.38,4.73,416.02,0.0,9791.63,5319.01,4472.62,0.0,organic,2017,BuffaloRochester
2018-02-18,1.23,12131.04,542.58,103.62,0.0,11484.84,5283.46,6201.38,0.0,organic,2018,BuffaloRochester
2015-09-27,1.58,1477.67,,71.37,0.0,1395.59,1395.59,0.0,0.0,organic,2015,BuffaloRochester
2017-08-27,1.37,11184.42,,181.75,0.0,10809.22,9102.12,1707.1,,organic,2017,BuffaloRochester
2017-06-11,2.46,5165.43,,644.84,0.0,4515.81,1073.33,3442.48,,organic,2017,BuffaloRochester
2016-08-28,1.54,2908.99,23.87,329.34,0.0,2555.78,2552.45,3.33,,organic,2016,BuffaloRochester
2017-05-28,2.19,5712.13,0.0,711.28,0.0,5000.85,980.0,4020.85,,organic,2017,BuffaloRochester
2015-07-19,1.91,1728.99,56.05,123.39,0.0,1549.55,1549.55,0.0,,organic,2015,BuffaloRochester
2017-10-29,1.35,12759.88,216.82,114.69,0.0,12428.37,12428.37,0.0,,organic,2017,BuffaloRochester
2017-02-26,1.93,2099.67,4.86,606.04,0.0,1488.77,966.18,522.59,0.0,organic,2017,BuffaloRochester
2015-02-15,1.65,1269.74,12.86,123.93,0.0,1132.95,1132.95,0.0,0.0,organic,2015,BuffaloRochester
2017-05-21,2.16,4934.21,7.22,843.74,0.0,4083.25,1050.0,3033.25,,organic,2017,BuffaloRochester
2017-09-17,1.47,7698.45,274.35,139.9,0.0,7284.2,6095.36,1188.84,,organic,2017,BuffaloRochester
2017-04-30,2.16,3630.0,2.43,508.2,0.0,3119.37,900.0,2219.37,0.0,organic,2017,BuffaloRochester
2016-09-04,1.53,5688.2,,195.72,0.0,5408.94,5408.94,0.0,,organic,2016,BuffaloRochester
2015-08-09,1.6,2743.42,,188.59,0.0,2523.86,2510.63,13.23,0.0,organic,2015,BuffaloRochester
2017-09-24,1.4,10081.25,277.5,133.65,0.0,9670.1,9642.01,28.09,0.0,organic,2017,BuffaloRochester
2018-02-04,0.96,678235.27,304189.26,97949.8,4065.74,272030.47,200563.64,68207.94,,conventional,2018,SouthCarolina
2017-11-12,1.23,340345.0,165782.0,55018.0,2954.0,116591.0,90110.0,24929.0,,conventional,2017,SouthCarolina
2016-12-11,1.2,243555.26,106629.29,42052.22,2563.93,92309.82,60969.76,31340.06,,conventional,2016,SouthCarolina
2016-04-17,1.01,370690.55,,109475.73,5464.93,102024.21,67727.91,34296.3,,conventional,2016,SouthCarolina
2016-03-06,1.06,325786.78,156334.57,90668.09,8137.83,70646.29,52684.66,17961.63,,conventional,2016,SouthCarolina
2017-05-21,1.38,363333.32,163512.19,72321.42,2900.6,124599.11,91713.47,27830.64,,conventional,2017,SouthCarolina
2017-05-07,1.19,531412.4,,92639.78,3231.21,178760.93,120193.78,54591.21,,conventional,2017,SouthCarolina
2016-09-11,1.08,341887.56,156750.7,59265.51,6695.14,119176.21,94007.45,25095.15,73.61,conventional,2016,SouthCarolina
2017-03-26,1.41,343469.43,146122.86,75527.35,2188.58,119630.64,91327.88,26397.76,,conventional,2017,SouthCarolina
2015-08-02,1.14,309611.87,148657.53,64352.06,19051.78,77550.5,72040.69,5488.53,,conventional,2015,SouthCarolina
2018-02-11,1.05,452805.55,213633.63,65654.71,3577.01,169940.2,126052.2,40667.08,3220.92,conventional,2018,SouthCarolina
2016-07-17,1.17,336050.16,144883.03,77242.5,14172.92,99751.71,75310.1,24436.61,,conventional,2016,SouthCarolina
2016-06-26,1.07,367778.6,150191.51,90300.07,18403.06,108883.96,90996.76,17790.53,96.67,conventional,2016,SouthCarolina
2015-09-27,1.08,253422.99,,72273.16,18765.64,51329.38,42223.65,9105.73,,conventional,2015,SouthCarolina
2017-03-05,1.31,326142.89,137486.85,76876.57,4078.4,107701.07,78628.74,29047.33,,conventional,2017,SouthCarolina
2017-08-27,1.41,333689.71,155801.96,65899.22,1788.77,110199.76,78518.11,24604.0,,conventional,2017,SouthCarolina
2017-09-24,1.57,300285.1,147297.51,66856.69,1530.25,84600.65,61065.57,23511.35,,conventional,2017,SouthCarolina
2017-04-02,1.38,366510.61,141146.65,73888.66,2180.22,149295.08,122294.03,24716.05,,conventional,2017,SouthCarolina
2017-11-05,1.28,308280.39,134738.68,56451.03,2686.05,114404.63,89967.7,23352.49,,conventional,2017,SouthCarolina
2017-03-19,1.37,332804.42,128918.82,76830.72,2452.6,124602.28,89623.26,33294.02,,conventional,2017,SouthCarolina
2017-04-09,1.38,345869.64,153802.62,72253.48,2212.93,117600.61,82167.37,31317.19,,conventional,2017,SouthCarolina
2016-09-04,1.03,419927.05,228635.99,60398.43,8324.56,122568.07,89224.3,33338.77,5.0,conventional,2016,SouthCarolina
2015-11-22,0.99,216767.98,123208.85,42099.26,8114.19,43345.68,34239.23,9106.45,0.0,conventional,2015,SouthCarolina
2015-03-22,1.0,366680.0,218785.98,48984.19,15237.87,83671.96,71610.52,12061.44,,conventional,2015,SouthCarolina
2016-11-27,1.33,229072.3,,40561.32,2813.23,95607.13,65375.36,30153.44,78.33,conventional,2016,SouthCarolina
2015-11-08,1.08,221080.11,,47266.75,15742.56,39718.69,34385.71,5325.2,7.78,conventional,2015,SouthCarolina
2017-06-04,1.33,423186.06,213834.25,76898.32,2442.91,130010.58,86890.34,38375.24,,conventional,2017,SouthCarolina
2016-05-08,1.7,3174.26,1850.51,155.45,4.97,1163.33,1163.33,0.0,,organic,2016,Jacksonville
2016-08-21,2.0,3378.48,1860.99,108.09,9.4,1400.0,1370.0,30.0,0.0,organic,2016,Jacksonville
2017-09-10,2.35,4093.34,195.54,665.8,0.0,3232.0,2181.65,1050.35,0.0,organic,2017,Jacksonville
2016-07-10,1.68,3843.3,1452.19,79.88,8.35,2302.88,2302.88,0.0,0.0,organic,2016,Jacksonville
2017-10-01,2.99,2819.87,174.13,703.73,12.01,1930.0,1736.97,193.03,0.0,organic,2017,Jacksonville
2017-08-27,2.45,3332.02,332.58,1007.3,0.0,1992.14,1988.81,3.33,0.0,organic,2017,Jacksonville
2015-02-01,1.76,1591.75,805.42,60.41,5.92,720.0,720.0,0.0,0.0,organic,2015,Jacksonville
2017-12-24,1.87,3639.23,80.45,643.63,3.77,2911.38,1784.19,1127.19,,organic,2017,Jacksonville
2017-12-10,1.59,2646.13,,439.38,2.48,2148.05,2146.67,1.38,,organic,2017,Jacksonville
2015-08-23,1.82,3056.14,,55.0,25.21,1662.86,1662.86,0.0,,organic,2015,Jacksonville
2016-07-24,2.17,4109.11,2932.78,193.15,33.18,950.0,940.0,10.0,,organic,2016,Jacksonville
2018-02-25,1.73,4988.75,106.24,915.35,0.0,3967.16,2877.78,1089.38,,organic,2018,Jacksonville
2016-03-13,1.7,3152.41,,126.9,9.86,976.67,976.67,0.0,0.0,organic,2016,Jacksonville
2015-06-07,1.64,4115.46,3240.32,118.98,12.83,743.33,743.33,0.0,,organic,2015,Jacksonville
2016-11-20,1.49,4653.39,400.69,88.39,5.89,4158.42,1536.67,2621.75,0.0,organic,2016,Jacksonville
2015-08-02,2.21,1979.87,,61.55,27.35,552.93,552.93,0.0,,organic,2015,Jacksonville
2016-01-10,1.76,2737.65,1732.15,78.13,24.04,903.33,903.33,0.0,0.0,organic,2016,Jacksonville
2016-10-30,1.41,4355.53,450.59,133.77,3.52,3767.65,250.0,3517.65,0.0,organic,2016,Jacksonville
2016-08-28,1.73,2400.5,750.69,90.6,5.88,1553.33,1550.0,3.33,,organic,2016,Jacksonville
2015-07-19,1.63,3597.52,,23.85,34.07,2330.23,2330.23,0.0,,organic,2015,Jacksonville
2017-10-29,2.16,2726.34,102.22,748.02,4.81,1871.29,758.89,1112.4,,organic,2017,Jacksonville
2017-07-02,2.25,4778.95,435.04,2975.76,3.6,1364.55,1357.88,6.67,0.0,organic,2017,Jacksonville
2016-06-26,1.72,3794.29,,118.08,25.3,1213.33,1213.33,0.0,,organic,2016,Jacksonville
2015-04-12,1.89,1890.99,1407.49,56.1,20.73,406.67,406.67,0.0,,organic,2015,Jacksonville
2015-05-17,1.75,2470.94,1550.76,186.61,248.41,485.16,485.16,0.0,,organic,2015,Jacksonville
2017-11-12,1.89,2438.21,,547.37,2.42,1821.82,1792.22,29.6,,organic,2017,Jacksonville
2016-05-15,1.76,3079.43,2042.3,140.46,0.0,896.67,896.67,0.0,0.0,organic,2016,Jacksonville
2017-01-29,1.39,3608.79,238.27,58.03,16.05,3296.44,432.22,2864.22,,organic,2017,Jacksonville
2015-10-11,2.11,2605.97,1536.09,43.53,26.35,1000.0,1000.0,0.0,,organic,2015,Jacksonville
2017-04-16,2.07,3193.74,,214.13,11.4,2232.05,593.33,1638.72,,organic,2017,Jacksonville
2015-06-21,1.92,1989.25,1551.97,114.32,10.39,312.57,310.0,2.57,,organic,2015,Jacksonville
2015-06-28,1.95,1774.27,1515.5,85.02,16.09,157.66,150.0,7.66,0.0,organic,2015,Jacksonville
2016-12-25,1.27,3439.46,259.84,79.86,11.92,3087.84,1003.33,2084.51,,organic,2016,Jacksonville
2015-03-15,1.86,1891.49,1284.83,60.6,32.73,513.33,513.33,0.0,,organic,2015,Jacksonville
2017-04-23,1.34,89327.1,4437.5,61512.84,84.45,23292.31,8236.01,15056.3,,conventional,2017,Albany
2016-05-01,1.03,173781.78,884.01,163570.47,37.84,9289.46,8918.99,321.86,,conventional,2016,Albany
2015-09-06,1.11,99172.96,879.45,90062.62,240.79,7990.1,7762.87,227.23,,conventional,2015,Albany
2015-03-08,1.07,40507.36,,30370.64,159.05,9181.99,8827.55,354.44,,conventional,2015,Albany
2017-04-30,1.13,124926.39,2573.11,99451.52,81.89,22819.87,10547.36,12272.51,0.0,conventional,2017,Albany
2017-03-05,1.18,107354.25,3123.26,90784.49,57.86,13388.64,13277.29,111.35,,conventional,2017,Albany
2016-11-27,1.52,58171.89,2793.99,47106.18,18.14,8253.58,7973.98,279.6,,conventional,2016,Albany
2017-09-24,1.64,68539.64,2508.62,56023.16,74.82,9933.04,5391.35,4541.69,,conventional,2017,Albany
2017-12-17,1.43,70677.56,2578.95,50811.52,79.18,17207.91,8914.13,8293.78,,conventional,2017,Albany
2017-01-15,1.55,88526.26,3327.65,71956.77,607.03,12634.81,12574.72,60.09,,conventional,2017,Albany
2016-03-06,1.27,90633.66,972.34,74693.31,56.26,14911.75,14476.23,435.52,0.0,conventional,2016,Albany
2015-01-25,1.06,45147.5,941.38,33196.16,164.14,10845.82,10103.35,742.47,,conventional,2015,Albany
2015-02-01,0.99,70873.6,1353.9,60017.2,179.32,9323.18,9170.82,152.36,,conventional,2015,Albany
2016-11-06,1.63,57178.2,3212.04,43024.32,36.4,10905.44,10474.09,431.35,,conventional,2016,Albany
2016-10-30,1.46,58375.1,3187.14,45898.52,54.31,9235.13,9153.12,82.01,,conventional,2016,Albany
2015-03-01,0.99,55595.74,629.46,45633.34,181.49,9151.45,8986.06,165.39,,conventional,2015,Albany
2017-11-26,1.5,62977.0,2413.0,49076.0,62.0,11426.0,5059.0,6368.0,0.0,conventional,2017,Albany
2015-06-14,1.32,89631.3,850.58,55400.94,4377.19,29002.59,28343.14,659.45,,conventional,2015,Albany
2015-02-22,1.07,45675.05,1088.38,35056.13,151.0,9379.54,9000.16,379.38,,conventional,2015,Albany
2015-08-16,1.33,80043.78,,68666.01,394.9,10443.22,10297.68,145.54,,conventional,2015,Albany
2017-08-20,1.61,74620.33,1553.71,59028.13,130.14,13908.35,8599.25,4155.77,1153.33,conventional,2017,Albany
2015-10-25,1.07,74338.76,842.4,64757.44,113.0,8625.92,8061.47,564.45,,conventional,2015,Albany
2016-09-11,1.37,81473.15,6258.88,63511.85,42.26,11660.16,10839.17,815.99,,conventional,2016,Albany
2015-04-26,1.22,49585.46,875.65,35841.75,89.62,12778.44,12076.83,701.61,,conventional,2015,Albany
2016-05-08,1.27,120194.49,,96137.78,84.8,22929.96,22697.54,232.42,,conventional,2016,Albany
2015-02-08,0.99,51253.97,1357.37,39111.81,163.25,10621.54,10113.1,508.44,0.0,conventional,2015,Albany
2016-07-31,1.61,125586.57,,96915.41,25.46,19352.05,18803.23,78.82,,conventional,2016,Albany
2015-04-05,1.16,47362.13,,35577.66,93.76,10728.94,9869.16,755.61,104.17,conventional,2015,Albany
2015-06-28,1.37,89534.81,664.23,57545.79,4662.71,26662.08,26311.76,350.32,,conventional,2015,Albany
2017-01-29,1.31,95424.59,,78315.15,484.56,12780.26,12393.84,382.06,,conventional,2017,Albany
