avocado_missing.csv
Date,AveragePrice,Total Volume,4046,4225,4770,Total Bags,Small Bags,Large Bags,XLarge Bags,type,year,region
2015-09-27,1.28,202457.31,114107.06,41995.26,142.31,46212.68,29149.95,17062.73,,conventional,2015,Orlando
2015-07-12,1.22,245528.89,,53986.68,73.35,58395.25,41732.15,16663.1,0.0,conventional,2015,Orlando
2018-03-18,1.11,508979.43,333194.13,32206.33,1543.14,142035.83,82165.92,59626.58,,conventional,2018,Orlando
2015-03-22,0.98,363504.44,260635.0,29682.52,141.02,73045.9,37453.09,35592.81,,conventional,2015,Orlando
2015-05-17,1.23,243265.56,168886.63,19797.32,173.63,54407.98,38066.02,16341.96,,conventional,2015,Orlando
2017-09-10,1.7,253627.92,,19370.0,698.55,74417.62,49005.6,22215.35,,conventional,2017,Orlando
2016-12-04,0.97,398859.76,129743.58,95284.48,114.33,173717.37,65178.82,108538.55,0.0,conventional,2016,Orlando
2015-09-20,0.99,329684.97,201392.27,51930.95,119.94,76241.81,36956.49,39285.32,,conventional,2015,Orlando
2015-02-22,1.18,226965.26,151270.02,22481.35,66.79,53147.1,36700.48,16446.62,,conventional,2015,Orlando
2015-09-06,0.99,375737.02,232502.52,56930.16,82.75,86221.59,43014.65,43206.94,0.0,conventional,2015,Orlando
2016-11-06,1.47,236696.6,,53545.04,149.05,89681.46,34250.33,55431.13,,conventional,2016,Orlando
2017-11-19,1.2,349206.0,,27720.0,907.0,108263.0,63245.0,45015.0,3.0,conventional,2017,Orlando
2017-02-26,1.25,307685.6,172780.16,46592.5,70.6,88242.34,53501.63,34737.38,3.33,conventional,2017,Orlando
2015-12-06,1.2,199063.82,135222.96,21555.66,121.93,42163.27,24098.62,18064.65,,conventional,2015,Orlando
2017-12-24,1.39,292291.1,178469.57,21232.36,779.89,91809.28,60988.48,30820.8,,conventional,2017,Orlando
2015-02-15,1.26,204812.28,139189.15,21210.42,37.33,44375.38,20733.73,23641.65,,conventional,2015,Orlando
2017-09-03,1.8,295896.59,189267.58,26200.67,653.97,79774.37,58009.37,19778.33,,conventional,2017,Orlando
2015-05-31,1.26,250040.49,,19641.65,73.35,55906.05,38303.2,17602.85,0.0,conventional,2015,Orlando
2016-10-30,1.54,223224.74,82399.26,52975.5,143.88,87706.1,30132.88,57103.78,,conventional,2016,Orlando
2015-01-25,1.28,211991.09,133616.3,29418.39,91.59,48864.81,22591.61,26273.2,,conventional,2015,Orlando
2017-04-16,1.47,305796.3,181939.75,38374.67,32.0,85449.88,49866.05,35583.83,,conventional,2017,Orlando
2015-09-06,1.02,33526480.08,12569277.14,14245598.38,1129771.19,5581833.37,4363707.93,1184888.95,,conventional,2015,TotalUS
2015-12-06,0.89,28800396.57,9405464.36,12160838.62,931830.63,6302262.96,5005077.36,1233956.21,,conventional,2015,TotalUS
2016-11-13,1.36,24075126.49,8235135.43,7759608.21,477520.95,7602861.9,5602593.66,1957163.93,,conventional,2016,TotalUS
2017-05-14,1.19,36634269.03,12807836.17,9717257.8,652973.26,13456201.8,10373347.62,2859413.59,,conventional,2017,TotalUS
2015-02-15,1.03,28012520.93,12626615.3,9783489.59,845653.52,4756762.52,4096226.46,648632.0,,conventional,2015,TotalUS
2017-06-11,1.21,37039853.8,13490545.5,10090861.46,648410.9,12810035.94,9373421.78,3128713.2,307900.96,conventional,2017,TotalUS
2016-06-12,1.04,35580820.0,12291686.69,11533969.83,1607344.08,10147819.4,8039865.67,1796513.74,,conventional,2016,TotalUS
2017-07-23,1.31,32608301.51,11391055.98,11339580.43,612242.37,9265422.73,6333888.33,2636616.32,,conventional,2017,TotalUS
2017-04-23,1.18,35729013.92,12236713.41,10224484.11,613507.38,12654309.02,9051466.83,3434846.78,,conventional,2017,TotalUS
2018-03-25,1.03,43409835.75,14130799.1,12125711.42,758801.12,16394524.11,12540327.19,3544729.39,,conventional,2018,TotalUS
2015-01-04,0.95,31324277.73,12357161.34,13624083.05,844093.32,4498940.02,3585321.58,894945.63,,conventional,2015,TotalUS
2017-11-19,1.17,29253484.0,,7847059.0,416186.0,9817108.0,6662322.0,3059627.0,,conventional,2017,TotalUS
2015-12-20,0.98,25083647.17,,9329861.85,1201020.01,5842743.55,4618389.66,1025048.77,,conventional,2015,TotalUS
2017-04-30,1.18,38315500.43,13316594.36,11291149.13,667996.83,13039760.11,9463810.58,3378923.98,,conventional,2017,TotalUS
2016-09-04,1.04,37130688.91,14643465.52,11083513.46,540680.89,10863029.04,8555283.68,2214419.29,,conventional,2016,TotalUS
2016-07-10,1.1,35567568.43,11457080.38,11677528.0,1266433.97,11166526.08,8984513.63,1727668.8,,conventional,2016,TotalUS
2017-10-01,1.64,24610645.21,8342407.59,8354516.32,384794.18,7528927.12,5513111.7,1954129.38,,conventional,2017,TotalUS
2016-01-31,0.93,34721249.92,11098088.49,13278053.61,1643703.17,8701404.65,6684515.27,1823889.58,192999.8,conventional,2016,TotalUS
2017-08-13,1.33,32817254.13,10952703.84,11154310.29,624963.41,10085276.59,6687661.77,3118889.17,,conventional,2017,TotalUS
2017-05-28,1.28,37030893.73,,10932970.72,673384.78,12582586.02,9312239.39,3013459.42,,conventional,2017,TotalUS
2016-10-09,1.27,28857581.98,9552502.48,9579338.98,490956.88,9234783.64,6849126.9,2316377.99,,conventional,2016,TotalUS
2016-05-15,0.89,39914996.74,,14437190.03,1753852.61,11276355.61,7987028.55,3143280.05,,conventional,2016,TotalUS
2016-09-18,1.15,31346091.46,11337829.1,9481313.14,486187.39,10040761.83,7649502.34,2311262.99,,conventional,2016,TotalUS
2015-05-17,1.06,32027686.15,14615941.59,11003341.22,963549.53,5444853.81,4747544.74,660983.55,,conventional,2015,TotalUS
2017-08-06,1.33,32529920.23,11292580.44,10988313.58,665312.55,9583713.66,6889925.78,2376269.93,,conventional,2017,TotalUS
2017-12-03,1.09,33824253.0,11746980.0,10905968.0,583801.0,10587491.0,7730801.0,2748622.0,108068.0,conventional,2017,TotalUS
2018-03-11,1.09,40449603.12,14089091.05,10758039.45,707578.82,14894893.8,11392828.89,3229556.62,,conventional,2018,TotalUS
2017-06-04,1.24,37352360.59,13248334.78,10157565.24,667066.51,13279394.06,10103007.01,2946264.52,,conventional,2017,TotalUS
2016-07-31,1.23,31201590.22,10168972.37,10423957.83,783937.09,9824722.93,8193011.02,1431744.52,,conventional,2016,TotalUS
2017-02-05,1.13,701706.0,23160.46,625037.0,4984.23,48524.31,48524.31,0.0,,conventional,2017,NorthernNewEngland
2018-02-25,1.38,399308.69,,293596.94,1398.78,81978.34,37405.1,43809.91,,conventional,2018,NorthernNewEngland
2017-03-05,1.38,384828.85,9417.54,318710.7,4245.38,52455.23,52455.23,0.0,,conventional,2017,NorthernNewEngland
2017-07-16,1.39,490940.46,,404809.72,11916.24,62154.18,12580.97,46560.98,,conventional,2017,NorthernNewEngland
2015-06-14,1.04,537725.07,2804.46,362082.5,10744.54,162093.57,162093.57,0.0,0.0,conventional,2015,NorthernNewEngland
2015-10-04,1.12,298222.53,,253346.07,248.25,40649.51,40431.73,217.78,,conventional,2015,NorthernNewEngland
2015-01-04,1.05,321823.77,4966.76,264351.96,14.68,52490.37,52490.37,0.0,0.0,conventional,2015,NorthernNewEngland
2015-05-17,1.15,422484.37,2745.99,287792.49,29.88,131916.01,131904.74,11.27,,conventional,2015,NorthernNewEngland
2015-07-05,1.15,536642.98,2968.62,338863.42,17991.98,176818.96,176636.74,182.22,,conventional,2015,NorthernNewEngland
2015-03-08,1.09,287963.73,2507.83,234532.06,15.02,50908.82,50606.6,302.22,0.0,conventional,2015,NorthernNewEngland
2017-04-30,1.39,407790.12,9127.08,296827.97,1939.54,99895.53,41352.44,58543.09,,conventional,2017,NorthernNewEngland
2017-04-23,1.38,404739.65,12604.22,255970.54,2244.84,133920.05,41763.06,92156.99,,conventional,2017,NorthernNewEngland
2017-12-24,1.36,347811.65,8585.08,251130.76,1335.19,86760.62,24294.77,62465.85,0.0,conventional,2017,NorthernNewEngland
2017-03-12,1.41,397861.17,8862.88,272805.73,2790.68,113401.88,27188.75,86213.13,,conventional,2017,NorthernNewEngland
2016-12-25,1.24,325634.21,12140.61,257987.85,2878.28,52627.47,52623.03,4.44,,conventional,2016,NorthernNewEngland
2016-02-21,1.16,380427.08,3997.91,278339.49,26089.16,72000.52,70056.97,1943.55,,conventional,2016,NorthernNewEngland
2016-10-09,1.4,305506.51,14886.34,239615.02,2844.21,48160.94,48160.94,0.0,0.0,conventional,2016,NorthernNewEngland
2017-06-04,1.66,401637.7,,322243.99,2107.52,69076.99,31580.39,36384.93,1111.67,conventional,2017,NorthernNewEngland
2017-09-17,1.59,281832.66,17182.07,213664.48,1190.12,49795.99,18883.66,30805.66,106.67,conventional,2017,NorthernNewEngland
2015-02-08,1.03,363935.24,4606.01,308443.03,33.62,50852.58,50014.8,837.78,0.0,conventional,2015,NorthernNewEngland
2015-12-27,1.21,304598.42,2601.32,250270.9,12123.24,39602.96,39602.96,0.0,0.0,conventional,2015,NorthernNewEngland
2018-03-04,1.35,458200.4,34173.58,343496.99,1176.07,79353.76,29431.43,49209.0,713.33,conventional,2018,NorthernNewEngland
2015-05-31,1.04,166214.14,117285.11,8351.55,11839.0,28738.48,24244.27,4413.3,,conventional,2015,Nashville
2016-01-03,0.98,185316.35,131286.47,11153.76,7695.24,35180.88,26143.71,9037.17,0.0,conventional,2016,Nashville
2015-12-13,0.91,153425.94,,11175.45,6145.91,33007.18,23065.69,9806.94,,conventional,2015,Nashville
2017-01-01,0.73,249074.81,112089.34,27327.66,71.34,109586.47,87099.25,20952.22,1535.0,conventional,2017,Nashville
2016-08-28,1.09,172757.72,104278.59,12600.77,347.34,55531.02,52255.66,3275.36,,conventional,2016,Nashville
2017-01-15,0.89,251914.74,109163.63,20522.38,121.39,122107.34,106434.47,15372.87,,conventional,2017,Nashville
2018-01-28,1.08,221273.84,103525.83,11727.15,500.49,105520.37,79909.39,24040.98,,conventional,2018,Nashville
2015-09-20,0.95,197649.58,108519.0,32478.82,9286.56,47365.2,27175.41,19540.16,,conventional,2015,Nashville
2017-04-02,0.95,281438.76,122671.42,10966.77,86.7,147713.87,139193.03,7520.84,,conventional,2017,Nashville
2017-07-16,1.18,212210.95,93140.13,32246.58,206.54,86617.7,71974.21,13092.37,,conventional,2017,Nashville
2015-07-12,1.09,152991.78,90781.1,17434.57,9746.41,35029.7,29736.49,5171.88,,conventional,2015,Nashville
2017-10-22,1.41,167135.85,97915.36,9503.17,252.39,59464.93,49860.59,9599.22,5.12,conventional,2017,Nashville
2015-09-06,0.97,175977.6,92988.8,30510.75,9638.66,42839.39,27102.45,15494.02,,conventional,2015,Nashville
2015-08-30,1.09,142153.55,,21072.35,7912.88,30401.34,24581.81,5819.53,,conventional,2015,Nashville
2017-12-10,0.9,239587.94,123093.48,7029.89,199.82,109264.75,94522.11,13872.64,,conventional,2017,Nashville
2016-09-25,1.16,174768.99,79738.2,20581.3,188.24,74261.25,59330.89,14930.36,,conventional,2016,Nashville
2017-12-24,1.04,182002.85,96258.83,6816.8,201.49,78725.73,65116.32,12231.63,,conventional,2017,Nashville
2017-01-29,0.93,238392.73,,20938.22,122.93,107675.09,92858.91,14816.18,,conventional,2017,Nashville
2016-05-22,0.92,204128.5,115616.52,18839.88,712.61,68959.49,56097.72,11396.65,,conventional,2016,Nashville
2016-06-19,0.89,232084.2,,19715.89,436.95,76906.66,62256.8,13376.53,,conventional,2016,Nashville
2018-02-11,0.8,303827.76,149429.09,10869.53,363.33,143165.81,107936.13,33522.21,,conventional,2018,Nashville
2015-01-25,1.07,140855.47,95428.54,8371.74,11082.07,25973.12,24183.43,1789.69,,conventional,2015,Nashville
2015-10-18,0.91,182647.96,114107.69,29076.74,6047.46,33416.07,23996.08,9419.99,,conventional,2015,Nashville
2017-02-26,0.88,216226.59,,13162.21,71.22,81143.35,72019.67,8088.68,1035.0,conventional,2017,Nashville
2017-07-30,1.14,217774.89,106460.13,29771.49,52.14,81491.13,65555.61,14827.94,,conventional,2017,Nashville
2016-01-31,0.95,173689.71,90482.99,33297.46,8012.73,41896.53,27523.08,14373.45,,conventional,2016,Nashville
2016-04-17,0.9,178369.19,96001.31,23421.52,1199.07,57747.29,40772.11,16972.66,,conventional,2016,Nashville
2017-11-26,1.08,159826.0,83217.0,6254.0,183.0,70172.0,58959.0,10358.0,856.0,conventional,2017,Nashville
2016-02-21,0.94,182025.3,101831.21,25448.04,9518.87,45227.18,33528.15,11699.03,,conventional,2016,Nashville
2018-03-25,0.95,306280.52,,10713.8,334.61,169443.57,136737.44,30406.07,,conventional,2018,Nashville
2016-07-24,1.07,191727.48,87692.81,31317.01,255.64,72462.02,59470.62,12991.4,,conventional,2016,Nashville
2015-01-11,1.07,149832.2,103822.6,9098.86,11665.78,25244.96,22478.92,2766.04,0.0,conventional,2015,Nashville
2015-10-04,0.96,157490.03,78331.45,30106.11,6363.08,42689.39,26267.85,16376.41,45.13,conventional,2015,Nashville
2017-05-21,0.99,259151.84,139176.17,7391.96,36.98,112546.73,86638.12,23799.21,,conventional,2017,Nashville
2017-01-22,0.87,251189.52,112820.57,30481.58,81.46,107805.91,82914.32,24413.26,,conventional,2017,Nashville
2017-10-01,1.61,189529.26,58261.77,67847.94,62.85,63356.7,43605.94,19750.76,0.0,conventional,2017,LasVegas
2017-01-15,0.78,419687.35,118904.72,80217.63,7692.26,212872.74,59471.06,153401.68,,conventional,2017,LasVegas
2015-03-01,1.05,293036.34,92829.75,151163.75,12440.57,36602.27,35745.05,857.22,,conventional,2015,LasVegas
2016-02-14,0.79,371467.52,144507.48,110749.56,7330.96,108879.52,47967.47,60912.05,,conventional,2016,LasVegas
2017-10-29,1.29,243340.4,56224.61,94603.45,3515.0,88997.34,41859.63,46967.71,,conventional,2017,LasVegas
2015-05-10,0.98,325085.14,,117101.65,4266.19,55663.97,36501.34,19162.63,,conventional,2015,LasVegas
2015-11-29,0.95,205476.61,,81160.21,5227.59,30435.14,29475.24,959.9,,conventional,2015,LasVegas
2016-08-14,1.08,295535.64,129727.7,53954.55,6997.8,104855.59,63416.1,41439.49,0.0,conventional,2016,LasVegas
2017-07-09,0.99,399827.4,,54694.89,7591.71,199350.73,75039.55,124311.18,,conventional,2017,LasVegas
2015-04-12,0.76,369817.99,245368.93,69484.66,4229.89,50734.51,32104.77,18629.74,,conventional,2015,LasVegas
2016-05-15,0.86,317621.52,131370.13,107124.85,1468.26,77658.28,41031.25,36627.03,,conventional,2016,LasVegas
2016-12-25,0.82,292038.68,107317.8,43301.69,7606.75,133812.44,54017.79,79794.65,,conventional,2016,LasVegas
2017-07-02,1.06,376795.81,,48964.77,8471.78,189740.23,70018.95,119721.28,,conventional,2017,LasVegas
2017-12-10,1.03,288441.17,65071.68,94140.95,4760.32,124468.22,62945.15,61291.96,,conventional,2017,LasVegas
2018-02-11,0.9,433809.84,89138.42,145487.36,5018.6,194165.46,71692.87,122026.15,,conventional,2018,LasVegas
2018-01-14,1.16,322932.06,79986.22,96281.04,7841.07,138823.73,71330.43,67126.63,366.67,conventional,2018,LasVegas
2015-09-27,0.97,272925.76,,170341.44,4057.49,35317.04,31037.22,4279.82,,conventional,2015,LasVegas
2016-07-10,1.0,357786.69,153905.64,69545.22,7716.52,126619.31,78101.14,47342.89,,conventional,2016,LasVegas
2017-10-22,1.37,204094.51,61741.1,74165.15,682.14,67506.12,46482.24,21023.88,0.0,conventional,2017,LasVegas
2017-02-05,0.54,680234.93,286395.34,121440.6,8149.22,264249.77,56405.96,207843.81,0.0,conventional,2017,LasVegas
2017-11-19,1.13,234265.0,,77336.0,5388.0,91022.0,47255.0,43420.0,347.0,conventional,2017,LasVegas
2015-01-04,0.8,317861.35,,120628.37,4591.23,58638.68,58126.59,512.09,0.0,conventional,2015,LasVegas
2018-02-25,1.05,352533.59,76253.45,109855.16,6642.99,159781.99,76321.56,82977.1,483.33,conventional,2018,LasVegas
2016-11-27,0.86,255656.46,104641.27,41992.71,4857.37,104165.11,44172.65,59992.46,,conventional,2016,LasVegas
2016-03-06,0.91,311402.83,,86200.19,6809.69,78473.92,51367.6,27106.32,,conventional,2016,LasVegas
2016-02-21,0.83,337403.05,121214.86,124295.71,6447.94,85444.54,40526.02,44918.52,,conventional,2016,LasVegas
2015-06-21,0.9,338638.8,128876.23,126683.91,4219.33,78859.33,58695.06,20164.27,,conventional,2015,LasVegas
2017-12-17,1.03,267987.97,62937.38,102137.37,3955.11,98958.11,63479.54,35185.24,293.33,conventional,2017,LasVegas
2016-01-31,0.92,285052.11,117236.18,87109.87,14509.71,66196.35,48986.42,17209.93,0.0,conventional,2016,LasVegas
2015-06-14,0.88,389599.87,145932.79,161219.75,3768.89,78678.44,45747.4,32931.04,,conventional,2015,LasVegas
2015-02-22,1.16,242732.32,98669.04,103066.3,4731.85,36265.13,36112.87,152.26,,conventional,2015,LasVegas
