avocado_missing.csv
Date,AveragePrice,Total Volume,4046,4225,4770,Total Bags,Small Bags,Large Bags,XLarge Bags,type,year,region
2016-12-25,0.68,72161.05,2888.38,7043.82,9.89,62218.96,638.89,61580.07,,organic,2016,Portland
2016-09-04,1.34,38353.11,4754.59,13713.44,0.0,19885.08,872.7,19012.38,,organic,2016,Portland
2016-04-17,1.64,19825.05,2203.92,14267.41,1.66,3352.06,92.83,3259.23,,organic,2016,Portland
2015-11-22,1.12,57410.08,1279.51,21670.78,0.0,34459.79,81.41,34378.38,0.0,organic,2015,Portland
2017-05-28,1.14,61244.5,2592.01,9302.65,31.96,49317.88,166.04,49151.84,0.0,organic,2017,Portland
2015-02-15,1.51,25692.22,10884.59,10887.79,32.61,3887.23,180.0,3707.23,0.0,organic,2015,Portland
2018-02-04,1.46,35123.48,2697.49,4591.06,0.0,27834.93,1185.52,26586.83,,organic,2018,Portland
2016-04-10,0.96,81224.11,2125.86,32426.84,0.0,46671.41,321.89,46349.52,,organic,2016,Portland
2015-12-27,1.24,27118.17,1189.96,10909.14,10.05,15009.02,6705.83,8303.19,,organic,2015,Portland
2016-11-27,1.39,26868.47,2771.15,3371.02,8.24,20718.06,129.82,20588.24,,organic,2016,Portland
2017-05-21,1.18,50366.31,6687.57,3688.01,8.42,39982.31,203.25,39779.06,0.0,organic,2017,Portland
2015-05-24,1.82,22950.59,7408.52,14746.61,3.33,792.13,0.0,792.13,,organic,2015,Portland
2015-08-23,2.21,17148.39,3696.01,12224.75,1.64,1225.99,0.0,1225.99,,organic,2015,Portland
2017-02-05,0.93,38945.01,,5756.42,14.59,29412.06,960.58,28451.48,,organic,2017,Portland
2017-07-16,2.33,28189.28,,8104.86,5.04,16948.57,275.55,16673.02,,organic,2017,Portland
2017-07-09,1.66,39752.74,2463.61,11058.61,0.0,26230.52,125.58,26104.94,,organic,2017,Portland
2015-07-12,1.82,24707.16,9115.52,12902.48,4.98,2684.18,0.0,2684.18,,organic,2015,Portland
2016-10-23,2.1,7817.32,,3687.61,18.33,2304.4,386.26,1918.14,,organic,2016,Portland
2015-08-02,1.94,18054.18,6605.19,10611.69,0.0,837.3,0.0,837.3,,organic,2015,Portland
2017-01-29,0.99,35700.1,3147.45,4138.38,1.63,28412.64,849.74,27562.9,0.0,organic,2017,Portland
2016-05-29,1.44,34897.73,2627.86,21156.45,0.0,11113.42,150.0,10963.42,,organic,2016,Portland
2016-08-21,1.67,25714.0,4776.31,9485.6,4.93,11447.16,2931.29,8515.87,0.0,organic,2016,Portland
2018-03-11,1.72,26924.36,1338.53,7520.53,0.0,18065.3,1900.73,16164.57,0.0,organic,2018,Portland
2016-10-09,1.39,18266.3,2824.29,2772.33,3.32,12666.36,527.54,12138.82,,organic,2016,Portland
2016-01-17,1.22,29446.62,1345.36,11419.3,0.0,16681.96,27.85,16654.11,,organic,2016,Portland
2017-05-07,1.11,52220.44,7740.99,4048.4,23.83,40407.22,159.67,40247.55,0.0,organic,2017,Portland
2016-09-11,1.22,43084.05,,5901.42,0.0,32362.23,6677.17,25685.06,,organic,2016,Portland
2015-03-29,1.45,59406.24,9134.72,45312.41,3.14,4955.97,3.06,4952.91,,organic,2015,Portland
2017-11-19,1.86,21054.36,1267.18,3948.46,3.35,15835.37,1427.56,14258.78,149.03,organic,2017,Portland
2015-11-29,1.38,20992.27,,9321.52,8.34,10697.83,55.39,10642.44,,organic,2015,Portland
2017-12-31,1.51,25693.99,,3807.79,0.0,18246.67,1265.87,16973.41,,organic,2017,Portland
2016-05-15,1.61,28745.81,,24271.37,3.34,2498.1,96.67,2401.43,,organic,2016,Portland
2016-01-31,1.28,4289.51,392.6,2600.03,0.0,1296.88,154.14,1142.74,0.0,organic,2016,Columbus
2017-12-31,1.14,15852.37,446.28,1042.43,0.0,14363.66,13142.03,1221.63,0.0,organic,2017,Columbus
2016-07-31,1.4,9346.26,558.77,3796.68,0.0,4990.81,1087.86,3902.95,0.0,organic,2016,Columbus
2016-01-10,1.37,5663.07,969.19,3558.82,0.0,1135.06,456.52,678.54,,organic,2016,Columbus
2016-12-04,1.36,5338.71,485.75,1639.28,0.0,3213.68,3074.56,139.12,0.0,organic,2016,Columbus
2016-04-03,1.69,5382.24,,3569.14,0.0,1495.4,566.67,928.73,,organic,2016,Columbus
2017-11-19,1.47,7723.38,538.89,1545.36,0.0,5639.13,5289.74,349.39,0.0,organic,2017,Columbus
2015-07-19,1.46,4349.0,432.54,2342.56,0.0,1573.9,26.67,1547.23,,organic,2015,Columbus
2015-07-05,1.31,5903.4,536.02,4088.38,0.0,1279.0,290.0,989.0,,organic,2015,Columbus
2016-04-17,1.17,9508.72,377.86,5491.76,2.23,3636.87,689.32,2947.55,,organic,2016,Columbus
2015-01-11,1.68,4193.17,,3226.58,0.0,617.42,416.25,201.17,,organic,2015,Columbus
2017-11-12,1.53,8438.61,590.03,1463.98,0.0,6384.6,6057.45,327.15,,organic,2017,Columbus
2015-04-12,1.66,4628.41,383.43,3479.25,0.0,765.73,450.15,315.58,0.0,organic,2015,Columbus
2015-04-26,1.57,4883.55,408.44,3284.07,0.0,1191.04,572.85,618.19,,organic,2015,Columbus
2016-07-17,1.2,11566.22,713.11,4467.58,0.0,6385.53,730.17,5655.36,0.0,organic,2016,Columbus
2018-01-07,1.15,12589.45,1639.81,1133.28,0.0,9816.36,9106.36,710.0,,organic,2018,Columbus
2015-10-11,1.27,4403.09,463.25,2759.23,0.0,1180.61,349.52,831.09,,organic,2015,Columbus
2015-06-14,1.5,4520.37,431.69,2970.35,0.0,1118.33,837.62,280.71,,organic,2015,Columbus
2017-08-13,1.85,200716.07,7031.08,35496.01,220.3,157968.68,146634.24,11334.44,,organic,2017,Northeast
2015-08-16,2.11,47299.93,6353.43,20046.99,806.2,20093.31,19683.26,410.05,0.0,organic,2015,Northeast
2016-01-10,1.52,99539.08,5988.87,21064.16,1435.67,71050.38,31297.1,39753.28,,organic,2016,Northeast
2015-03-15,1.83,43012.32,2925.0,16559.95,26.02,23501.35,23398.38,102.97,0.0,organic,2015,Northeast
2017-04-02,1.89,256548.81,43055.81,107196.78,121.64,106174.58,102577.8,3596.78,,organic,2017,Northeast
2015-06-14,1.93,65593.37,7000.26,25148.95,978.81,32465.35,32250.27,215.08,,organic,2015,Northeast
2015-02-01,1.78,63537.1,3278.92,23694.61,13.97,36549.6,36537.93,11.67,,organic,2015,Northeast
2018-01-07,1.75,264448.77,,35898.69,55.76,216888.85,205469.1,11419.75,,organic,2018,Northeast
2016-02-28,1.8,109507.5,6651.21,28375.04,1434.03,73047.22,45277.19,27770.03,0.0,organic,2016,Northeast
2016-04-10,1.88,114275.61,4209.39,19961.97,2037.2,88067.05,70435.19,17631.86,,organic,2016,Northeast
2017-05-07,2.16,205224.24,12708.77,53525.73,1500.31,137489.43,121185.9,16303.53,0.0,organic,2017,Northeast
2017-08-06,1.74,216000.77,6369.3,31343.15,143.23,178145.09,152573.08,25572.01,,organic,2017,Northeast
2016-04-03,1.88,124627.43,7547.6,25271.64,2014.62,89793.57,79549.51,10244.06,0.0,organic,2016,Northeast
2016-12-04,2.0,117562.6,11973.84,36254.74,401.31,68932.71,68362.84,569.87,,organic,2016,Northeast
2017-06-11,2.26,191985.27,13018.96,48648.68,1883.32,128434.31,116899.45,11534.86,,organic,2017,Northeast
2015-08-30,2.01,50307.57,3998.98,19017.27,852.47,26438.85,25235.11,1203.74,,organic,2015,Northeast
2017-09-17,1.74,238274.56,9146.68,34141.63,44.41,194941.84,193019.04,1922.8,,organic,2017,Northeast
2015-05-10,1.9,68804.21,4593.3,25193.73,29.41,38987.77,38815.66,172.11,,organic,2015,Northeast
2015-02-08,1.85,65898.99,2547.81,19979.96,38.35,43332.87,43044.39,288.48,,organic,2015,Northeast
2015-03-01,1.85,56799.83,5884.52,17398.87,26.54,33489.9,33457.94,31.96,,organic,2015,Northeast
2016-05-01,1.94,151476.61,,33077.84,2206.77,107756.68,95608.27,12148.41,,organic,2016,Northeast
2015-11-01,1.74,48955.21,5160.45,14384.31,718.43,28692.02,26937.17,1754.85,,organic,2015,Northeast
2016-07-17,2.07,149636.3,6081.81,28783.38,3117.39,111653.72,101869.15,9784.57,0.0,organic,2016,Northeast
2015-08-23,1.99,54255.52,4413.27,19200.77,917.81,29723.67,29487.98,235.69,,organic,2015,Northeast
2017-10-15,1.7,269123.79,12497.35,23859.81,117.29,232649.34,232373.13,276.21,,organic,2017,Northeast
2018-02-11,1.69,233976.66,10690.15,28304.93,798.88,194182.7,175554.11,18628.59,,organic,2018,Northeast
2016-10-16,1.86,73430.26,5942.36,21092.43,93.89,46301.58,45250.04,1051.54,,organic,2016,Northeast
2017-11-19,1.84,204565.99,10459.16,25861.92,114.95,168129.96,157175.48,10954.48,0.0,organic,2017,Northeast
2015-09-20,1.93,47669.22,5964.9,21233.25,1065.24,19405.83,18862.28,543.55,,organic,2015,Northeast
2015-09-06,1.86,64445.98,5543.4,21432.21,1136.01,36334.36,35519.22,815.14,,organic,2015,Northeast
2015-01-18,1.02,116450.21,55532.76,26458.99,7040.95,27417.51,24386.64,2962.41,68.46,conventional,2015,Columbus
2015-07-26,1.02,159846.2,91758.41,25540.09,13557.25,28990.45,23981.05,3986.29,,conventional,2015,Columbus
2015-11-29,1.03,97235.6,,22858.09,16653.11,17371.46,12106.21,4115.58,,conventional,2015,Columbus
2016-10-02,1.3,123300.36,54053.13,25747.7,2077.48,41422.05,36952.51,4469.54,,conventional,2016,Columbus
2017-09-24,1.69,120872.81,53450.48,16472.11,904.63,50045.59,44515.0,5349.24,,conventional,2017,Columbus
2017-03-12,1.29,140126.45,,32440.45,1275.08,44082.23,40701.91,3271.61,,conventional,2017,Columbus
2015-11-15,0.99,117462.94,52474.75,26705.74,15258.85,23023.6,19594.87,2618.43,,conventional,2015,Columbus
2015-12-06,0.99,137195.59,60376.23,33565.14,24435.11,18819.11,12451.6,3866.86,,conventional,2015,Columbus
2016-09-18,1.07,167438.32,85331.98,26634.72,2505.47,52966.15,51334.31,1631.84,,conventional,2016,Columbus
2017-01-01,0.83,218881.63,87684.11,50243.59,4324.39,76629.54,73432.68,3196.86,,conventional,2017,Columbus
2015-04-26,1.02,161438.17,87214.58,28964.04,16624.25,28635.3,22384.1,4959.65,,conventional,2015,Columbus
2018-03-25,0.96,264778.18,77671.02,21732.24,3272.61,162102.31,133163.77,28160.04,,conventional,2018,Columbus
2015-08-09,1.0,167387.9,64121.12,52440.39,20857.42,29968.97,20668.0,7460.64,,conventional,2015,Columbus
2016-11-06,1.41,114207.94,55230.85,23397.14,1603.54,33976.41,32556.59,1419.82,,conventional,2016,Columbus
2016-04-24,0.72,242277.45,132004.8,35758.91,10151.42,64362.32,54682.15,8238.93,1441.24,conventional,2016,Columbus
2016-12-18,1.06,131322.27,55604.5,31791.33,2522.96,41403.48,38839.35,2461.41,,conventional,2016,Columbus
2015-02-01,0.87,216653.06,111171.46,59739.98,21795.64,23945.98,16360.12,3422.61,4163.25,conventional,2015,Columbus
2015-08-02,1.05,148597.91,,30063.76,17344.74,23215.97,17997.33,3281.88,1936.76,conventional,2015,Columbus
2018-03-18,1.01,216897.74,,15964.09,2293.97,135863.78,95448.1,39893.13,522.55,conventional,2018,Columbus
2015-06-07,1.03,187983.88,92110.97,33225.37,29167.3,33480.24,23654.01,5888.63,3937.6,conventional,2015,Columbus
2017-08-27,1.26,176231.47,86236.44,19787.99,1022.34,69184.7,62542.31,6049.02,,conventional,2017,Columbus
2015-06-14,1.01,171353.59,,33535.09,20023.58,34656.36,27204.22,6030.43,1421.71,conventional,2015,Columbus
2015-07-12,1.04,143992.91,69964.42,32449.21,16034.68,25544.6,22605.91,2366.05,572.64,conventional,2015,Columbus
2015-01-11,0.97,125742.48,64726.71,34844.49,7190.05,18981.23,16400.27,2458.67,,conventional,2015,Columbus
2016-07-10,1.06,170762.71,80019.89,36096.76,5812.55,48833.51,32848.9,11536.73,4447.88,conventional,2016,Columbus
2017-07-30,1.22,170792.43,87045.12,20908.3,1144.77,61694.24,52483.91,8793.66,,conventional,2017,Columbus
2016-01-03,1.05,449263.47,350316.16,32958.06,396.68,65592.57,43674.84,21906.93,,conventional,2016,Atlanta
2016-05-08,0.81,643699.77,199995.47,159036.97,253.52,284413.81,77087.9,206444.51,,conventional,2016,Atlanta
2016-11-27,1.22,372144.31,161631.62,55595.26,167.47,154749.96,89194.82,65518.75,36.39,conventional,2016,Atlanta
2017-11-12,1.11,518209.0,251896.0,31719.0,1398.0,233196.0,154898.0,75134.0,,conventional,2017,Atlanta
2016-09-04,0.89,614657.03,356593.2,55475.65,130.69,202457.49,126235.35,75979.08,,conventional,2016,Atlanta
2017-02-26,0.85,631507.77,302620.37,53782.78,96.57,275008.05,222151.21,50371.84,,conventional,2017,Atlanta
2017-12-03,1.07,504933.0,263807.0,32457.0,1390.0,207280.0,137581.0,66640.0,,conventional,2017,Atlanta
2017-09-10,1.54,466988.83,241057.35,47619.22,111.21,178201.05,116857.39,58868.48,2475.18,conventional,2017,Atlanta
2016-10-02,1.26,440044.4,182418.33,69411.24,140.88,188073.95,104367.67,83706.28,0.0,conventional,2016,Atlanta
2017-06-25,1.12,501274.14,249204.48,46343.42,149.89,205576.35,102982.83,95431.48,7162.04,conventional,2017,Atlanta
2016-05-29,0.78,691344.07,267460.99,154238.9,246.79,269397.39,77155.12,186791.99,,conventional,2016,Atlanta
2016-12-11,1.06,422026.71,186343.72,56200.04,171.64,179311.31,112574.78,66736.53,,conventional,2016,Atlanta
2017-08-13,1.37,534058.7,251178.4,62180.62,64.99,220634.69,148972.21,66092.48,,conventional,2017,Atlanta
2018-02-11,0.87,723928.38,349354.58,39349.47,1608.23,333616.1,241870.49,89401.42,,conventional,2018,Atlanta
2015-11-01,0.99,419088.74,290457.5,62980.07,252.79,65398.38,39460.77,25929.39,,conventional,2015,Atlanta
2015-12-27,0.99,386100.49,292097.36,27350.92,297.9,66354.31,48605.95,17748.36,,conventional,2015,Atlanta
2017-06-11,1.13,572838.59,318335.08,51385.66,101.41,203016.44,117300.66,78150.78,,conventional,2017,Atlanta
2017-07-16,1.2,582068.66,301471.59,63898.41,100.9,216597.76,154627.41,55794.73,,conventional,2017,Atlanta
2015-05-24,0.96,623212.04,,27284.43,1260.8,56539.87,33867.0,22651.15,,conventional,2015,Atlanta
2018-03-18,0.95,730449.69,323507.79,36770.0,1828.28,368343.62,267740.12,97851.46,,conventional,2018,Atlanta
2017-02-05,0.83,888094.87,442152.5,167181.75,412.85,278347.77,180392.3,97837.41,,conventional,2017,Atlanta
2017-04-23,1.21,530030.64,,55045.8,96.03,225570.43,138920.99,84101.48,2547.96,conventional,2017,Atlanta
2017-05-21,1.2,526840.14,253792.75,49347.3,1650.7,222049.39,142077.31,70753.58,,conventional,2017,Atlanta
2017-02-12,0.79,666871.06,355571.08,77241.13,325.51,233733.34,176286.09,56911.14,,conventional,2017,Atlanta
2015-11-22,1.97,6249.43,,2873.92,30.95,1611.16,1590.0,21.16,,organic,2015,WestTexNewMexico
2016-02-07,1.49,13712.44,1451.0,4199.43,37.92,8024.09,7913.5,110.59,,organic,2016,WestTexNewMexico
2015-10-04,2.01,8059.96,1690.85,3621.73,0.0,2747.38,2723.34,24.04,,organic,2015,WestTexNewMexico
2016-12-11,1.54,13227.83,,3777.96,60.01,8599.83,8510.92,88.91,,organic,2016,WestTexNewMexico
2015-03-01,1.64,8743.37,2206.18,2725.29,0.0,3811.9,3811.9,0.0,0.0,organic,2015,WestTexNewMexico
2017-12-17,1.78,15409.21,1314.05,2079.36,0.0,12015.8,11964.2,51.6,0.0,organic,2017,WestTexNewMexico
2016-01-24,1.47,12171.04,1554.09,4656.41,9.36,5951.18,5852.36,98.82,,organic,2016,WestTexNewMexico
2016-09-04,1.82,14809.52,3062.97,3324.14,0.0,8422.41,4847.6,3574.81,,organic,2016,WestTexNewMexico
2018-02-11,1.57,15986.17,1924.28,1368.32,0.0,12693.57,12437.35,256.22,0.0,organic,2018,WestTexNewMexico
2017-03-05,1.23,24969.3,,4876.69,52.82,17747.37,17114.89,632.48,,organic,2017,WestTexNewMexico
2015-06-21,1.66,11100.27,5294.94,4443.29,0.0,1362.04,1035.3,326.74,,organic,2015,WestTexNewMexico
2015-04-05,1.8,9073.21,2827.97,3353.79,0.0,2891.45,2619.58,271.87,,organic,2015,WestTexNewMexico
2016-04-03,1.29,20698.7,2278.61,6800.76,58.05,11561.28,10538.62,1022.66,,organic,2016,WestTexNewMexico
2017-10-22,1.81,15424.38,2207.98,3361.12,14.39,9840.89,9703.2,137.69,,organic,2017,WestTexNewMexico
2016-10-02,2.79,5562.0,790.45,3627.36,14.25,1129.94,1116.94,13.0,,organic,2016,WestTexNewMexico
2017-07-23,1.6,19144.32,1832.11,4752.03,1914.09,10646.09,10577.95,68.14,,organic,2017,WestTexNewMexico
2015-03-08,1.59,10407.27,2757.69,2923.89,0.0,4725.69,4715.39,10.3,,organic,2015,WestTexNewMexico
2017-01-29,1.3,17839.37,1486.34,4498.48,26.12,11828.43,11821.76,6.67,,organic,2017,WestTexNewMexico
2015-11-29,2.08,4638.1,1395.02,2238.04,61.71,943.33,943.33,0.0,,organic,2015,WestTexNewMexico
2015-07-26,1.84,7977.11,2951.21,3851.35,0.0,1174.55,960.0,214.55,,organic,2015,WestTexNewMexico
2015-06-14,1.55,13506.32,4106.03,5782.57,0.0,3617.72,2706.67,911.05,,organic,2015,WestTexNewMexico
2017-04-16,1.23,29765.63,2233.24,4805.48,17.29,22709.62,21441.99,1267.63,,organic,2017,WestTexNewMexico
2016-04-24,1.36,38767.82,2907.01,25699.0,262.86,9898.95,5774.63,4124.32,0.0,organic,2016,WestTexNewMexico
2018-01-14,1.93,16205.22,1527.63,2981.04,727.01,10969.54,10919.54,50.0,,organic,2018,WestTexNewMexico
2017-07-02,1.59,20486.25,2454.99,3470.63,0.0,14560.63,10390.44,4170.19,,organic,2017,WestTexNewMexico
2015-06-28,1.58,11456.41,5443.3,3745.9,0.0,2267.21,1460.2,807.01,,organic,2015,WestTexNewMexico
2015-07-12,1.96,6689.54,2449.63,3542.77,0.0,697.14,553.33,143.81,,organic,2015,WestTexNewMexico
2017-12-03,1.55,13729.33,,2732.92,0.0,9227.92,9002.58,225.34,,organic,2017,WestTexNewMexico
2017-10-08,2.39,10964.67,1952.2,2235.24,0.0,6777.23,6542.72,234.51,,organic,2017,WestTexNewMexico
