avocado_missing.csv
Date,AveragePrice,Total Volume,4046,4225,4770,Total Bags,Small Bags,Large Bags,XLarge Bags,type,year,region
2017-12-03,1.25,80838.0,2791.0,57129.0,47.0,20871.0,19354.0,1517.0,,conventional,2017,Syracuse
2015-08-16,1.42,44245.45,619.41,32282.72,82.0,11261.32,11261.32,0.0,,conventional,2015,Syracuse
2017-04-02,1.6,75253.52,2542.88,40061.88,8.0,32640.76,22629.71,10011.05,,conventional,2017,Syracuse
2017-11-26,1.29,44800.0,2027.0,25986.0,37.0,16750.0,13893.0,2858.0,,conventional,2017,Syracuse
2015-06-28,1.39,63938.81,755.7,30246.27,2965.17,29971.67,29940.56,31.11,0.0,conventional,2015,Syracuse
2016-11-27,1.55,33757.95,690.91,24789.85,6.97,8270.22,8270.22,0.0,,conventional,2016,Syracuse
2018-01-28,1.34,73320.15,3345.87,42297.35,62.85,27614.08,5723.16,21890.92,0.0,conventional,2018,Syracuse
2017-12-24,1.31,57784.05,2688.4,34404.86,45.22,20645.57,17602.68,3042.89,,conventional,2017,Syracuse
2017-10-15,1.57,43715.52,9713.37,25427.16,63.06,8511.93,6112.95,2398.98,,conventional,2017,Syracuse
2017-10-01,1.58,47034.13,,26794.59,26.53,11252.07,7107.08,4144.99,,conventional,2017,Syracuse
2015-11-22,1.38,39100.45,846.69,22314.4,34.38,15904.98,15904.98,0.0,0.0,conventional,2015,Syracuse
2015-03-15,1.36,42078.58,2534.42,20482.33,18.86,19042.97,19020.75,22.22,,conventional,2015,Syracuse
2016-12-11,1.5,41911.21,762.45,31386.84,15.25,9746.67,8823.89,922.78,,conventional,2016,Syracuse
2015-03-29,1.29,52419.71,1020.84,28858.3,42.67,22497.9,22377.48,120.42,0.0,conventional,2015,Syracuse
2016-09-04,1.53,51792.9,3545.98,35938.12,23.1,12285.7,12128.93,6.77,,conventional,2016,Syracuse
2016-10-16,1.36,55053.59,1344.18,31561.93,21.67,22125.81,22125.81,0.0,,conventional,2016,Syracuse
2015-01-04,1.33,41143.51,2506.61,20905.01,16.68,17715.21,17715.21,0.0,,conventional,2015,Syracuse
2016-05-22,1.27,72636.09,951.3,40672.39,600.23,30412.17,29287.17,0.0,,conventional,2016,Syracuse
2017-04-09,1.61,79779.92,1222.66,46634.37,10.34,31912.55,14344.41,17568.14,,conventional,2017,Syracuse
2016-08-28,1.38,71711.83,5939.38,45349.71,16.1,20406.64,19306.64,0.0,1100.0,conventional,2016,Syracuse
2016-09-25,1.54,61352.25,3272.01,38679.78,24.0,19376.46,19358.68,17.78,,conventional,2016,Syracuse
2016-07-10,1.29,84386.24,3503.31,49140.9,13.99,31728.04,28754.71,3.33,2970.0,conventional,2016,Syracuse
2016-08-21,1.44,58497.96,2904.27,37191.51,19.23,18382.95,17427.95,0.0,,conventional,2016,Syracuse
2017-02-05,1.49,104027.11,1216.04,78340.67,44.0,24426.4,24392.2,34.2,,conventional,2017,Syracuse
2015-04-12,1.36,46828.88,670.17,21961.57,26.37,24170.77,23944.66,226.11,0.0,conventional,2015,Syracuse
2016-03-20,1.24,72560.52,,46256.94,10.73,25508.72,25508.72,0.0,,conventional,2016,Syracuse
2016-11-20,1.61,38598.98,814.68,27876.91,1.0,9906.39,9906.39,0.0,0.0,conventional,2016,Syracuse
2015-09-27,1.16,54194.93,925.8,43139.43,19.65,10110.05,9981.16,128.89,,conventional,2015,Syracuse
2017-05-21,1.6,65540.84,954.42,39537.45,25.0,25023.97,22216.56,2684.08,,conventional,2017,Syracuse
2016-06-12,1.29,79669.3,,43664.14,90.98,32429.37,31259.37,0.0,,conventional,2016,Syracuse
2017-11-05,1.44,52028.11,3247.93,29429.38,67.38,19283.42,7444.72,11838.7,0.0,conventional,2017,Syracuse
2015-03-01,1.32,47890.09,728.61,22776.67,53.84,24330.97,24277.64,53.33,,conventional,2015,Syracuse
2016-03-13,1.18,51451.83,409.24,15023.6,41.84,35977.15,10152.23,25824.92,0.0,organic,2016,Seattle
2017-04-30,1.39,55920.43,,12759.95,4.01,41582.22,698.72,40883.5,0.0,organic,2017,Seattle
2016-01-17,1.26,42107.7,560.56,15954.79,6.67,25585.68,163.14,25422.54,0.0,organic,2016,Seattle
2015-07-19,1.64,49484.06,7839.69,35593.5,73.11,5977.76,0.0,5977.76,0.0,organic,2015,Seattle
2017-10-22,2.3,29230.93,1276.83,12683.1,15.26,15255.74,1354.57,13871.5,,organic,2017,Seattle
2015-01-11,1.46,46687.01,8691.73,33361.78,13.48,4620.02,223.33,4396.69,0.0,organic,2015,Seattle
2017-12-31,1.24,82749.14,1450.69,29692.0,23.44,51583.01,1469.39,50019.56,,organic,2017,Seattle
2015-09-20,1.97,17859.24,4479.19,8805.98,15.93,4558.14,2.95,4555.19,,organic,2015,Seattle
2017-11-05,2.34,22872.63,788.17,8753.24,7.67,13323.55,1001.42,12312.18,,organic,2017,Seattle
2015-07-05,1.98,29929.57,8841.34,20807.76,280.47,0.0,0.0,0.0,,organic,2015,Seattle
2017-02-19,2.26,29024.68,800.29,14582.23,12.06,13630.1,9407.45,4222.65,,organic,2017,Seattle
2016-11-06,1.69,35103.94,,10960.26,41.92,23597.98,600.56,22997.42,,organic,2016,Seattle
2015-07-26,2.2,27737.07,8288.45,18815.78,50.43,582.41,0.0,582.41,,organic,2015,Seattle
2017-08-13,2.65,27149.47,1215.98,11028.92,7.58,14896.99,1580.51,13312.27,,organic,2017,Seattle
2015-06-07,2.01,33404.92,10962.3,21345.94,37.39,1059.29,0.0,1059.29,,organic,2015,Seattle
2017-12-24,1.75,42805.68,928.21,13694.01,26.04,28157.42,3377.7,24684.25,,organic,2017,Seattle
2017-10-29,2.43,26592.14,1118.1,11280.32,16.56,14177.16,1095.88,13069.96,,organic,2017,Seattle
2015-03-01,1.71,24530.11,8762.48,14933.22,226.27,608.14,0.0,608.14,,organic,2015,Seattle
2017-09-24,2.83,23238.29,846.0,8040.13,18.99,14333.17,1385.82,12885.47,,organic,2017,Seattle
2015-02-01,1.44,40334.59,12927.15,21460.13,35.42,5911.89,406.67,5505.22,0.0,organic,2015,Seattle
2017-06-11,1.6,60009.35,1631.85,14860.39,0.0,43517.11,433.06,43084.05,,organic,2017,Seattle
2017-01-29,1.22,45744.02,636.48,10502.66,58.27,34546.61,1544.23,33002.38,,organic,2017,Seattle
2016-05-22,1.55,53707.4,631.72,36746.36,18.54,16310.78,262.85,16047.93,,organic,2016,Seattle
2015-03-29,1.56,56106.52,8899.19,43641.28,18.03,3548.02,0.0,3548.02,,organic,2015,Seattle
2015-06-28,1.71,46229.47,,37972.31,144.7,0.0,0.0,0.0,0.0,organic,2015,Seattle
2017-01-22,1.32,39780.18,654.95,10318.19,9.24,28797.8,557.91,28239.89,,organic,2017,Seattle
2016-07-17,2.11,30480.39,1924.24,25560.94,35.13,2960.08,363.33,2596.75,,organic,2016,Seattle
2017-08-06,2.58,29977.08,1335.08,13120.04,36.29,15485.67,1685.57,13800.1,0.0,organic,2017,Seattle
2016-03-20,0.98,87462.26,474.08,24602.2,55.0,62330.98,7575.05,54755.93,,organic,2016,Seattle
2017-01-15,1.25,48313.72,447.27,11513.38,1.32,36351.75,690.75,35661.0,0.0,organic,2017,Seattle
2016-09-11,1.34,885728.19,202958.24,494756.39,19881.72,168131.84,162753.29,4043.27,,conventional,2016,BaltimoreWashington
2015-07-12,1.1,850931.58,58827.99,547537.41,50679.01,193887.17,189236.32,4406.05,244.8,conventional,2015,BaltimoreWashington
2017-04-16,1.7,717940.19,67839.51,439898.36,6834.65,203367.67,182834.46,20215.15,318.06,conventional,2017,BaltimoreWashington
2017-12-03,1.43,658939.0,69819.0,407522.0,3789.0,177809.0,173143.0,4666.0,0.0,conventional,2017,BaltimoreWashington
2016-12-18,1.21,691008.74,57866.09,487109.62,8751.94,137281.09,133753.32,2845.65,,conventional,2016,BaltimoreWashington
2015-10-11,1.24,653560.14,34707.02,392008.6,58490.1,168354.42,163669.01,4685.41,,conventional,2015,BaltimoreWashington
2016-06-05,1.33,860858.18,61074.05,537895.97,46714.72,215173.44,203788.41,8328.92,,conventional,2016,BaltimoreWashington
2016-05-15,1.12,901689.79,58943.81,629734.43,16372.03,196639.52,189850.35,6194.73,,conventional,2016,BaltimoreWashington
2015-08-23,1.16,783935.36,59242.02,499100.39,47216.18,178376.77,175047.15,3060.44,,conventional,2015,BaltimoreWashington
2016-06-12,1.34,850862.92,73620.83,507383.48,55744.03,214114.58,207727.87,3451.71,,conventional,2016,BaltimoreWashington
2016-05-29,1.19,890196.73,61989.17,577334.28,44265.84,206607.44,200150.21,3716.12,,conventional,2016,BaltimoreWashington
2015-12-20,1.11,642682.4,44741.37,434590.82,19112.14,144238.07,141751.91,2486.16,0.0,conventional,2015,BaltimoreWashington
2015-06-07,1.26,794310.29,62585.45,462951.05,43720.95,225052.84,221165.85,3626.41,260.58,conventional,2015,BaltimoreWashington
2017-01-01,1.47,631760.81,54530.42,408952.26,14387.01,153891.12,151345.59,2542.41,,conventional,2017,BaltimoreWashington
2017-04-30,1.69,761924.71,74466.51,471825.66,7668.11,207964.43,202998.95,4607.0,,conventional,2017,BaltimoreWashington
2015-06-14,1.09,955046.82,64005.15,593499.63,48344.86,249197.18,244982.26,3668.3,546.62,conventional,2015,BaltimoreWashington
2015-12-27,1.17,596819.4,40450.49,394104.02,17353.79,144911.1,142543.88,2367.22,,conventional,2015,BaltimoreWashington
2018-02-25,1.37,836294.71,104218.01,479773.13,4765.7,247537.87,243370.62,3930.59,,conventional,2018,BaltimoreWashington
2015-07-05,1.16,896298.77,66504.67,567640.7,56044.51,206108.89,200097.99,5890.57,120.33,conventional,2015,BaltimoreWashington
2015-01-18,1.23,657741.34,49947.16,393359.6,40576.08,173858.5,169390.88,4467.62,,conventional,2015,BaltimoreWashington
2015-11-22,1.12,572019.8,40867.8,386137.78,23343.49,121670.73,119007.61,2663.12,,conventional,2015,BaltimoreWashington
2017-09-17,1.58,664501.74,55766.21,443692.78,4745.57,160297.18,158757.44,1466.41,73.33,conventional,2017,BaltimoreWashington
2016-07-03,1.38,844337.61,63050.59,501970.38,50114.65,229201.99,214851.77,2969.08,,conventional,2016,BaltimoreWashington
2016-05-08,0.95,1103888.28,75492.89,804251.93,16818.7,207324.76,204118.09,2691.39,515.28,conventional,2016,BaltimoreWashington
2017-08-20,1.57,691636.14,58935.48,417107.93,5204.71,210388.02,198850.69,1721.77,,conventional,2017,BaltimoreWashington
2017-08-20,1.6,168054.68,77753.47,20659.5,233.13,69408.58,60881.95,5823.82,2702.81,conventional,2017,StLouis
2016-06-19,0.95,254402.94,68071.47,14769.82,81.39,171480.26,139118.22,27583.68,,conventional,2016,StLouis
2017-05-28,1.23,220314.55,,14664.64,490.82,125310.78,102547.24,17838.96,,conventional,2017,StLouis
2017-02-05,0.88,237276.96,131630.24,15888.64,160.63,89597.45,79805.09,9792.36,,conventional,2017,StLouis
2016-07-31,1.03,214273.18,54119.45,28847.85,229.71,131076.17,109459.43,6537.25,,conventional,2016,StLouis
2017-04-16,1.52,144788.05,65731.57,20965.11,237.17,57854.2,55907.7,77.36,,conventional,2017,StLouis
2016-05-15,0.75,290603.88,69857.38,10440.9,46.32,210259.28,179609.78,30236.34,,conventional,2016,StLouis
2015-06-28,1.17,217234.17,107631.08,40137.34,54.82,69410.93,69371.63,39.3,,conventional,2015,StLouis
2015-04-19,1.34,184979.95,101449.24,38169.29,33.73,45327.69,45322.98,4.71,0.0,conventional,2015,StLouis
2015-01-04,1.15,198735.26,125713.89,34555.73,53.54,38412.1,38400.99,11.11,,conventional,2015,StLouis
2015-05-24,1.18,236189.46,,38773.04,9.0,62241.03,62233.36,7.67,,conventional,2015,StLouis
2016-03-13,0.89,172598.72,67142.81,9121.86,68.81,96265.24,65087.11,31078.15,,conventional,2016,StLouis
2017-04-09,1.27,145196.59,77305.55,12263.89,83.21,55543.94,55522.64,21.3,0.0,conventional,2017,StLouis
2017-01-01,1.11,144323.7,90181.75,10226.35,212.85,43702.75,39615.42,4087.33,,conventional,2017,StLouis
2017-06-04,1.28,211538.7,80655.86,13450.19,895.48,116537.17,90030.72,21035.3,,conventional,2017,StLouis
2016-11-27,1.16,100424.14,,6473.64,16.27,59769.2,40665.36,19103.84,,conventional,2016,StLouis
2016-12-11,1.11,117572.64,,6951.6,146.25,71684.48,57071.3,14613.18,,conventional,2016,StLouis
2017-02-12,0.99,153045.63,,12420.08,163.12,79611.96,79283.25,98.15,,conventional,2017,StLouis
2015-03-22,1.34,163325.4,77997.93,37696.27,39.92,47591.28,47513.51,77.77,,conventional,2015,StLouis
2018-01-28,1.24,208484.39,97083.74,7111.09,464.04,103825.52,81101.21,22724.31,0.0,conventional,2018,StLouis
2018-02-04,1.41,16592.21,352.86,3254.9,50.98,12933.47,12581.65,351.82,0.0,organic,2018,RichmondNorfolk
2015-05-24,1.02,12446.65,368.78,6973.85,495.62,4608.4,1688.43,2919.97,0.0,organic,2015,RichmondNorfolk
2018-02-18,1.45,14413.06,468.13,3416.33,60.67,10467.93,10254.64,213.29,,organic,2018,RichmondNorfolk
2016-08-21,1.56,9072.92,101.74,4189.33,363.87,4417.98,2669.12,1748.86,,organic,2016,RichmondNorfolk
2017-07-02,1.84,10106.75,649.11,4909.0,127.57,4421.07,3123.96,1297.11,0.0,organic,2017,RichmondNorfolk
2017-01-22,1.27,8066.77,436.2,2878.14,180.28,4572.15,2901.02,1671.13,0.0,organic,2017,RichmondNorfolk
2016-09-18,1.52,9705.5,109.45,3995.57,251.49,5348.99,3302.03,2046.96,0.0,organic,2016,RichmondNorfolk
2017-08-06,1.66,12743.98,513.56,3881.12,71.87,8277.43,7343.81,933.62,,organic,2017,RichmondNorfolk
2015-01-18,1.62,3480.66,120.23,2152.16,363.06,845.21,583.33,261.88,,organic,2015,RichmondNorfolk
2016-08-07,1.33,11384.29,180.17,4064.21,535.69,6604.22,2870.47,3733.75,0.0,organic,2016,RichmondNorfolk
2017-05-28,1.6,12214.35,771.94,4134.06,160.29,7148.06,2792.14,4355.92,,organic,2017,RichmondNorfolk
2016-12-04,1.3,7132.62,262.63,2320.11,116.19,4433.69,1641.97,2791.72,,organic,2016,RichmondNorfolk
2016-12-18,1.61,5227.98,373.13,2227.6,179.75,2447.5,2381.39,66.11,0.0,organic,2016,RichmondNorfolk
2015-04-05,1.54,4893.26,235.1,2349.78,523.63,1784.75,1330.0,454.75,0.0,organic,2015,RichmondNorfolk
2017-12-17,1.43,12837.29,531.72,2596.59,60.05,9648.93,9084.68,564.25,,organic,2017,RichmondNorfolk
2017-04-16,1.46,12066.89,649.64,4688.25,221.16,6507.84,4128.88,2378.96,,organic,2017,RichmondNorfolk
2016-10-23,1.51,2300.83,32.05,0.0,0.0,2268.78,1339.17,929.61,,organic,2016,NewOrleansMobile
2017-12-24,1.45,5574.96,123.5,54.36,0.0,5397.1,5116.66,280.44,,organic,2017,NewOrleansMobile
2016-08-07,1.55,4968.45,682.45,0.0,0.0,4286.0,4159.33,126.67,,organic,2016,NewOrleansMobile
2016-05-15,1.44,3075.57,442.01,0.0,0.0,2633.56,2616.89,16.67,,organic,2016,NewOrleansMobile
2016-01-24,1.34,3903.11,502.84,0.0,0.0,3400.27,3400.27,0.0,0.0,organic,2016,NewOrleansMobile
2015-01-25,1.47,1278.14,204.19,10.61,0.0,1063.34,1063.34,0.0,,organic,2015,NewOrleansMobile
2015-04-05,1.53,4820.36,418.56,74.17,0.0,4327.63,4327.63,0.0,,organic,2015,NewOrleansMobile
2015-09-20,1.65,2119.22,291.65,82.54,0.0,1745.03,1745.03,0.0,,organic,2015,NewOrleansMobile
2016-04-24,1.44,4462.14,662.35,20.6,0.0,3779.19,3772.52,6.67,,organic,2016,NewOrleansMobile
2017-12-03,1.46,5649.91,85.78,149.33,0.0,5414.8,5225.55,189.25,,organic,2017,NewOrleansMobile
2015-10-25,1.45,3314.76,251.07,94.92,0.0,2968.77,2968.77,0.0,,organic,2015,NewOrleansMobile
2018-03-18,1.35,6622.76,695.79,129.78,0.0,5797.19,5755.56,41.63,,organic,2018,NewOrleansMobile
2018-03-11,1.36,7149.27,605.53,123.61,0.0,6420.13,6237.77,182.36,,organic,2018,NewOrleansMobile
2015-05-24,1.61,1654.85,434.29,16.56,0.0,1204.0,1204.0,0.0,,organic,2015,NewOrleansMobile
2015-02-15,1.48,5151.37,208.55,56.15,0.0,4886.67,4886.67,0.0,,organic,2015,NewOrleansMobile
2016-06-19,1.25,4623.06,507.64,5.73,0.0,4109.69,4093.02,16.67,0.0,organic,2016,NewOrleansMobile
2017-11-19,1.49,6681.63,78.99,209.01,0.0,6393.63,6092.22,301.41,0.0,organic,2017,NewOrleansMobile
2017-05-28,1.88,2367.07,367.18,0.0,0.0,1999.89,1694.74,305.15,,organic,2017,NewOrleansMobile
2017-02-05,1.35,3381.82,326.31,6.26,0.0,3049.25,1874.51,1174.74,,organic,2017,NewOrleansMobile
2016-11-27,1.48,2425.61,104.69,0.0,0.0,2320.92,1277.5,1043.42,,organic,2016,NewOrleansMobile
2015-09-27,1.68,1747.11,390.56,71.51,0.0,1285.04,1285.04,0.0,0.0,organic,2015,NewOrleansMobile
2016-02-21,1.54,2500.35,,0.0,0.0,1864.27,1864.27,0.0,0.0,organic,2016,NewOrleansMobile
2017-10-29,1.11,277437.66,169106.09,21885.18,1787.0,84659.39,72752.65,11155.63,,conventional,2017,NewOrleansMobile
2016-01-31,0.88,282933.79,164436.06,33071.52,347.05,85079.16,74926.48,10152.68,0.0,conventional,2016,NewOrleansMobile
2015-03-01,1.08,224752.17,138924.43,16229.64,384.82,69213.28,62740.63,6472.65,,conventional,2015,NewOrleansMobile
2017-11-26,1.27,176817.0,,12239.0,1145.0,67390.0,57613.0,8817.0,,conventional,2017,NewOrleansMobile
2016-05-08,0.63,495732.92,304801.74,41988.69,455.82,148486.67,128875.87,19610.8,,conventional,2016,NewOrleansMobile
2017-04-02,1.37,243155.13,,33317.61,192.06,71764.0,53763.94,9845.06,,conventional,2017,NewOrleansMobile
2015-09-20,1.0,224017.47,135003.95,24187.24,1608.76,63217.52,56901.55,6309.86,,conventional,2015,NewOrleansMobile
2016-08-21,1.04,314573.49,187528.23,43283.16,305.0,83457.1,61315.63,12616.47,,conventional,2016,NewOrleansMobile
2016-05-01,0.58,564738.86,341116.17,60230.81,1500.12,161891.76,118421.93,43469.83,,conventional,2016,NewOrleansMobile
2015-09-27,1.06,199908.44,,17616.44,1515.75,57247.33,53115.57,4131.76,,conventional,2015,NewOrleansMobile
2015-04-26,0.96,265739.79,179543.83,9195.1,288.0,76712.86,72727.69,3985.17,,conventional,2015,NewOrleansMobile
2016-09-25,1.19,264726.41,141795.96,34973.15,892.33,87064.97,58016.11,14213.86,,conventional,2016,NewOrleansMobile
2016-10-09,1.25,233898.8,114410.24,41719.96,401.91,77366.69,49871.41,16720.28,10775.0,conventional,2016,NewOrleansMobile
2017-01-08,1.1,230884.67,124108.53,31296.37,316.0,75163.77,52403.61,13645.16,,conventional,2017,NewOrleansMobile
2017-07-09,1.26,267928.19,156935.51,23221.13,28.96,87742.59,80324.72,5261.2,,conventional,2017,NewOrleansMobile
2016-09-18,1.18,244913.97,126047.18,32908.26,447.79,85510.74,58161.71,16384.03,,conventional,2016,NewOrleansMobile
2015-09-06,0.99,248354.52,155273.07,18010.18,2204.32,72866.95,64673.2,8193.75,0.0,conventional,2015,NewOrleansMobile
2015-05-17,0.96,257403.43,172610.15,9661.21,262.0,74870.07,69919.72,4950.35,,conventional,2015,NewOrleansMobile
2015-06-28,1.03,261199.27,163193.51,10737.56,8080.05,79188.15,75120.4,4043.46,24.29,conventional,2015,NewOrleansMobile
2017-01-15,1.01,291083.26,171326.01,35657.65,232.92,83866.68,60508.85,16912.83,,conventional,2017,NewOrleansMobile
2017-03-19,1.32,231348.89,130993.69,32649.16,284.06,67421.98,51297.4,9849.58,,conventional,2017,NewOrleansMobile
2016-08-07,1.13,287114.43,153070.5,52769.71,333.85,80940.37,62537.13,9693.8,,conventional,2016,NewOrleansMobile
2016-02-21,0.89,263057.19,142078.71,31665.87,322.0,88990.61,71315.06,17675.55,0.0,conventional,2016,NewOrleansMobile
2017-10-22,1.26,269443.25,,24349.84,1576.11,83683.66,73112.43,10571.23,,conventional,2017,NewOrleansMobile
2015-08-23,1.04,240560.86,152247.87,18687.77,2886.6,66738.62,61777.91,4942.58,,conventional,2015,NewOrleansMobile
2016-10-23,1.44,203438.23,102352.79,30817.32,245.0,70023.12,50403.63,15594.49,,conventional,2016,NewOrleansMobile
