avocado_missing.csv
Date,AveragePrice,Total Volume,4046,4225,4770,Total Bags,Small Bags,Large Bags,XLarge Bags,type,year,region
2015-10-25,1.11,1411354.54,559720.23,583990.89,15616.99,252026.43,237398.61,13346.37,,conventional,2015,Plains
2015-12-13,1.02,1472501.13,695419.91,463238.46,17927.73,295915.03,266174.79,28516.98,,conventional,2015,Plains
2016-11-27,1.35,1131932.27,,272840.98,3226.22,335299.23,305277.39,28166.52,,conventional,2016,Plains
2015-04-05,1.13,1668243.39,898263.98,437183.58,11645.81,321150.02,305406.51,9584.33,6159.18,conventional,2015,Plains
2017-08-20,1.53,1548298.16,649040.17,436601.26,6025.98,456630.75,417905.99,34478.09,4246.67,conventional,2017,Plains
2016-08-28,1.22,1693969.47,823545.19,462409.58,5248.8,402765.9,358451.47,31890.92,,conventional,2016,Plains
2015-01-11,1.09,1402841.83,737363.86,448207.79,10009.45,207260.73,205299.64,954.59,,conventional,2015,Plains
2017-02-12,0.94,2097983.48,1041604.45,490947.03,23556.8,541875.2,466641.32,53465.68,,conventional,2017,Plains
2015-03-01,1.09,1619341.49,854129.32,460986.95,11417.67,292807.55,291293.85,540.74,,conventional,2015,Plains
2015-11-08,1.12,1285586.97,513609.22,467808.56,19975.92,284193.27,266376.52,16399.34,,conventional,2015,Plains
2016-01-31,1.05,1851372.18,,571495.47,18332.66,391446.39,340740.98,49335.69,1369.72,conventional,2016,Plains
2016-12-04,1.09,1676509.02,,349760.6,3190.05,377208.08,325851.34,43201.73,8155.01,conventional,2016,Plains
2015-11-29,1.11,1099646.06,,364748.79,10648.01,263489.68,248449.51,14157.64,,conventional,2015,Plains
2017-11-19,1.12,1729745.0,963556.0,315619.0,4554.0,446016.0,341806.0,104210.0,,conventional,2017,Plains
2016-03-13,0.91,2095165.01,1102893.11,548239.52,49503.76,394528.62,348345.6,43787.46,2395.56,conventional,2016,Plains
2015-07-19,1.09,1701986.81,824192.7,491747.17,37429.71,348617.23,332847.58,14512.26,,conventional,2015,Plains
2016-11-13,1.57,1187396.84,514295.92,357173.85,5306.27,310620.8,279361.86,23575.34,,conventional,2016,Plains
2015-08-09,1.14,1605913.77,789751.38,498857.3,21090.12,296214.97,281135.85,13951.38,,conventional,2015,Plains
2016-02-07,0.83,2838853.24,1206795.22,1165322.88,29501.59,437233.55,373119.34,62700.76,,conventional,2016,Plains
2015-04-12,2.12,3870.58,,1460.35,1256.22,898.28,898.28,0.0,,organic,2015,Charlotte
2015-03-29,1.96,3493.98,267.8,1467.6,1227.69,530.89,530.89,0.0,,organic,2015,Charlotte
2017-05-07,2.31,8083.68,,5186.8,414.39,2336.3,1777.58,558.72,,organic,2017,Charlotte
2015-08-16,2.04,4279.91,,1496.03,1269.58,1363.32,1363.32,0.0,,organic,2015,Charlotte
2016-10-09,1.64,10308.86,246.32,4951.79,759.62,4351.13,4276.0,75.13,,organic,2016,Charlotte
2017-11-12,2.15,9048.5,16.49,3865.41,176.72,4989.88,4734.38,255.5,0.0,organic,2017,Charlotte
2016-07-17,1.58,7940.49,342.54,3579.56,1379.56,2638.83,2625.5,13.33,,organic,2016,Charlotte
2017-09-03,2.82,10311.34,,4696.17,241.64,5355.77,5203.28,152.49,0.0,organic,2017,Charlotte
2017-09-10,2.8,10286.63,68.51,4094.41,222.11,5901.6,5892.22,9.38,0.0,organic,2017,Charlotte
2018-01-21,1.62,12422.7,8.94,5461.01,246.99,6705.76,6703.12,2.64,,organic,2018,Charlotte
2016-05-01,1.68,5736.02,268.44,2921.35,718.82,1827.41,1827.41,0.0,,organic,2016,Charlotte
2015-11-22,1.97,2798.21,234.13,1454.12,728.78,381.18,377.85,3.33,,organic,2015,Charlotte
2016-04-17,1.77,4460.01,400.23,2383.44,505.61,1170.73,1170.73,0.0,,organic,2016,Charlotte
2016-10-02,1.78,8909.48,262.02,3891.17,643.79,4112.5,4065.29,47.21,,organic,2016,Charlotte
2015-11-15,1.94,3002.61,244.63,1295.86,828.52,633.6,633.6,0.0,,organic,2015,Charlotte
2015-02-08,1.87,4011.02,,1382.91,1092.82,1347.06,1347.06,0.0,0.0,organic,2015,Charlotte
2016-06-05,1.6,6062.33,343.3,2507.58,694.74,2516.71,2513.38,3.33,,organic,2016,Charlotte
2016-06-12,1.76,4612.16,381.97,2418.0,726.75,1085.44,1082.11,3.33,,organic,2016,Charlotte
2015-11-01,1.92,3507.63,317.46,1300.88,1100.02,789.27,789.27,0.0,,organic,2015,Charlotte
2017-03-26,2.01,8724.0,276.46,5908.44,559.41,1979.69,1581.58,398.11,0.0,organic,2017,Charlotte
2015-04-05,2.08,3643.37,303.66,1235.08,1127.82,976.81,976.81,0.0,,organic,2015,Charlotte
2015-04-05,1.11,295385.41,113210.53,62859.83,49925.6,69389.45,65997.82,1999.07,,conventional,2015,Detroit
2015-02-22,1.15,250888.8,99207.09,34703.33,46471.63,70506.75,66789.41,267.65,3449.69,conventional,2015,Detroit
2016-06-26,1.13,344391.38,116197.85,50835.79,57169.98,120187.76,101180.43,242.82,,conventional,2016,Detroit
2015-12-20,1.1,250436.24,,42663.06,45459.85,51805.83,40496.17,2931.68,,conventional,2015,Detroit
2015-06-28,1.0,329753.61,135230.94,30175.61,48618.79,115728.27,111301.27,2126.05,,conventional,2015,Detroit
2015-03-15,1.13,254974.87,107980.24,31613.46,48302.85,67078.32,62158.56,1375.92,3543.84,conventional,2015,Detroit
2016-06-05,0.92,473131.2,,90921.04,123670.88,136769.39,94467.61,3849.16,,conventional,2016,Detroit
2017-04-02,1.48,288639.34,65914.28,45497.47,33828.6,143398.99,131639.74,3178.06,,conventional,2017,Detroit
2018-01-21,0.96,570161.95,87365.29,220100.47,46163.59,216532.6,146574.63,65171.17,,conventional,2018,Detroit
2015-03-08,1.01,278695.29,,29942.92,46763.06,104569.21,99704.49,473.7,,conventional,2015,Detroit
2016-04-10,1.03,312995.88,,30729.07,44982.2,111069.12,92085.27,10172.56,,conventional,2016,Detroit
2016-02-28,1.13,342465.19,82100.44,66020.0,108296.25,86048.5,49708.39,19350.34,,conventional,2016,Detroit
2017-07-09,0.99,502774.82,119584.9,56064.04,43719.76,283406.12,232206.09,28983.01,,conventional,2017,Detroit
2017-08-27,1.32,304000.24,99924.49,29648.99,23558.08,150868.68,133119.35,5877.48,,conventional,2017,Detroit
2017-01-15,0.98,397115.64,124452.62,72303.07,7243.19,193116.76,181789.4,11325.64,1.72,conventional,2017,Detroit
2017-07-23,1.55,267254.47,66396.62,40479.0,30384.25,129994.6,113415.54,2545.08,,conventional,2017,Detroit
2016-01-17,1.11,293246.54,82804.19,46382.59,78514.15,85545.61,70769.35,4505.37,10270.89,conventional,2016,Detroit
2016-04-24,1.0,331109.85,116267.83,50906.17,45925.85,118010.0,102880.88,6973.0,,conventional,2016,Detroit
2017-01-22,0.84,616589.93,129912.94,202323.91,25797.7,258555.38,254296.51,3810.7,,conventional,2017,Detroit
2015-12-27,1.08,255499.7,83097.26,50545.78,59789.18,62067.48,48936.21,762.35,,conventional,2015,Detroit
2016-05-15,0.86,485653.27,139497.99,86027.72,120894.82,139232.74,86915.56,16445.31,,conventional,2016,Detroit
2016-07-17,1.17,328237.93,126817.85,41460.73,41888.34,118071.01,100212.75,906.85,16951.41,conventional,2016,Detroit
2015-11-15,1.1,248933.35,88132.72,35472.8,52490.9,72836.93,65345.24,1141.32,6350.37,conventional,2015,Detroit
2016-02-21,1.2,247820.38,76211.84,42300.46,62843.26,66464.82,47259.62,10247.76,8957.44,conventional,2016,Detroit
2016-02-14,1.0,334544.52,129795.42,51191.64,71030.49,82526.97,60254.29,12167.81,,conventional,2016,Detroit
2015-06-07,0.97,447813.52,153214.87,87106.49,131114.3,76377.86,61921.23,1180.76,13275.87,conventional,2015,Detroit
2016-11-20,1.35,243576.96,76104.87,46523.68,5327.53,115620.88,114230.31,1381.66,8.91,conventional,2016,Detroit
2017-06-04,1.26,361513.16,,57322.69,35156.7,191149.97,174009.46,12147.98,,conventional,2017,Detroit
2015-10-18,0.97,358143.26,117479.44,97788.02,72553.22,70322.58,63143.78,823.99,,conventional,2015,Detroit
2015-11-29,1.11,228427.08,84236.03,38244.11,63664.14,42282.8,31628.56,920.38,,conventional,2015,Detroit
2015-09-27,1.17,257472.31,88573.56,43702.48,78776.6,46419.67,33816.62,1081.83,,conventional,2015,Detroit
2015-12-13,1.05,275587.85,132206.07,38088.87,47788.47,57504.44,48318.35,2843.43,,conventional,2015,Detroit
2017-05-07,0.99,625475.58,160714.71,82132.76,84740.62,297887.49,259510.89,12354.59,,conventional,2017,Detroit
2016-07-17,1.54,2947.37,,1238.01,0.0,1706.84,760.92,945.92,0.0,organic,2016,Boise
2016-10-30,1.87,872.07,0.0,349.89,0.0,522.18,0.0,522.18,,organic,2016,Boise
2017-03-12,1.16,2918.06,,483.13,0.0,2427.36,240.87,2186.49,,organic,2017,Boise
2015-07-26,2.08,1555.89,26.92,1201.02,0.0,327.95,203.33,124.62,,organic,2015,Boise
2016-09-25,1.39,2156.51,,414.32,0.0,1739.19,545.5,1193.69,,organic,2016,Boise
2017-09-24,2.64,1411.83,63.68,535.14,0.0,813.01,75.19,737.82,,organic,2017,Boise
2015-05-24,1.97,1274.53,45.07,1108.3,0.0,121.16,100.0,21.16,0.0,organic,2015,Boise
2017-11-05,2.33,1886.42,45.0,504.52,0.0,1336.9,383.32,953.58,,organic,2017,Boise
2018-01-07,1.77,2553.9,42.6,949.08,0.0,1562.22,552.06,1010.16,,organic,2018,Boise
2016-12-04,1.48,2053.35,0.0,442.91,0.0,1610.44,405.18,1205.26,0.0,organic,2016,Boise
2017-02-12,1.58,2375.9,20.27,426.9,0.0,1928.73,1244.86,683.87,,organic,2017,Boise
2018-02-18,1.82,2275.91,72.52,810.01,0.0,1393.38,725.39,667.99,,organic,2018,Boise
2017-10-22,2.41,1631.8,41.07,543.46,0.0,1047.27,127.12,915.59,,organic,2017,Boise
2015-11-22,1.54,1000.86,7.77,724.33,2.59,266.17,13.34,252.83,,organic,2015,Boise
2017-06-25,2.09,2373.02,53.4,935.18,0.0,1384.44,575.45,808.99,0.0,organic,2017,Boise
2018-02-25,1.82,2430.16,69.78,745.69,0.0,1614.69,472.96,1141.73,,organic,2018,Boise
2017-09-17,2.65,1491.87,,563.56,0.0,860.9,152.33,707.07,,organic,2017,Boise
2015-11-29,1.34,1047.42,2.59,418.01,0.0,626.82,20.0,606.82,,organic,2015,Boise
2017-07-02,1.92,2765.03,,1111.25,0.0,1611.94,539.92,1072.02,0.0,organic,2017,Boise
2016-12-18,1.14,2610.64,6.0,406.25,0.0,2198.39,552.12,1646.27,,organic,2016,Boise
2016-07-24,1.92,1498.06,0.0,991.53,0.0,506.53,489.7,16.83,,organic,2016,Boise
2018-01-14,1.81,2130.13,,802.89,0.0,1275.31,350.29,925.02,0.0,organic,2018,Boise
2018-03-25,1.81,3119.2,76.12,1006.43,0.0,2036.65,618.64,1418.01,,organic,2018,Boise
2016-06-26,1.26,5744.45,0.0,2173.59,0.0,3570.86,678.82,2892.04,,organic,2016,Boise
2017-05-28,1.19,188284.12,11651.62,77776.16,1540.83,97315.51,45525.97,51742.05,47.49,conventional,2017,Indianapolis
2015-05-03,1.13,178889.83,18025.82,113204.3,7488.56,40171.15,21559.51,17453.1,1158.54,conventional,2015,Indianapolis
2017-01-22,0.93,204570.78,13553.31,92880.57,3909.4,94227.5,47552.12,46669.52,5.86,conventional,2017,Indianapolis
2017-03-05,1.35,150301.8,12865.79,66251.59,1756.45,69427.97,40647.4,28640.13,,conventional,2017,Indianapolis
2015-03-22,1.11,160557.81,3961.0,102319.13,15542.64,38735.04,19721.51,16305.28,2708.25,conventional,2015,Indianapolis
2016-02-14,0.83,219871.64,13525.56,133956.97,15621.58,56767.53,27240.38,27220.07,2307.08,conventional,2016,Indianapolis
2015-06-21,1.03,205199.16,7214.14,124628.24,14564.3,58792.48,33861.06,23155.13,,conventional,2015,Indianapolis
2017-04-23,1.06,211977.98,11831.88,72470.48,1240.51,126435.11,42539.62,83872.46,,conventional,2017,Indianapolis
2016-01-24,0.93,168035.39,1803.73,93613.73,23023.47,49594.46,23374.52,21450.63,,conventional,2016,Indianapolis
2016-06-19,1.13,193533.04,17469.3,91178.24,19044.12,65841.38,34458.27,25319.68,,conventional,2016,Indianapolis
2016-02-28,0.99,188077.25,11031.35,107091.35,16742.17,53212.38,26221.88,23948.23,,conventional,2016,Indianapolis
2015-06-07,1.28,155730.59,16121.1,80781.48,10648.98,48179.03,30541.64,15866.46,,conventional,2015,Indianapolis
2017-03-12,1.35,149318.47,10979.78,65279.45,1539.77,71519.47,35129.81,36351.65,,conventional,2017,Indianapolis
2018-02-25,1.06,196615.34,,50954.95,6621.44,101355.9,74496.52,21698.04,,conventional,2018,Indianapolis
2015-06-14,1.15,173545.33,10382.27,97079.96,13744.21,52338.89,33478.56,17581.12,,conventional,2015,Indianapolis
2018-01-07,0.95,241296.05,77536.48,52880.27,15323.48,95555.82,88828.8,6694.44,,conventional,2018,Indianapolis
2015-12-27,1.04,123096.09,,69384.73,11206.4,37857.68,20644.64,11524.06,,conventional,2015,Indianapolis
2016-10-30,1.2,139574.84,9278.4,61450.22,1682.81,67163.41,26068.96,41094.45,,conventional,2016,Indianapolis
2016-05-29,1.01,210386.61,13152.88,109784.28,12495.73,74953.72,47279.19,24844.19,,conventional,2016,Indianapolis
2017-10-29,1.63,152558.08,8565.38,65715.28,870.81,77406.61,36905.14,40362.33,,conventional,2017,Indianapolis
2016-07-31,1.27,159573.77,16079.16,80211.44,6277.21,57005.96,34005.49,22328.62,,conventional,2016,Indianapolis
2015-08-30,1.17,147066.48,3709.1,86767.95,15531.08,41058.35,23305.32,15000.54,2752.49,conventional,2015,Indianapolis
2017-01-08,0.86,222849.42,17783.95,112339.02,3127.01,89599.44,41838.55,47759.42,,conventional,2017,Indianapolis
2016-01-03,0.95,184669.77,,109973.31,25839.4,42882.96,15993.65,19313.43,7575.88,conventional,2016,Indianapolis
2015-11-01,1.01,147459.62,5224.61,84968.04,16933.14,40333.83,20800.04,16206.13,3327.66,conventional,2015,Indianapolis
2016-07-10,1.12,191786.29,15126.45,96588.25,9530.83,70540.76,39858.04,25082.88,,conventional,2016,Indianapolis
2017-09-17,1.86,126434.16,7889.87,55951.98,800.26,61792.05,31782.33,29745.79,,conventional,2017,Indianapolis
2016-03-20,1.12,168886.56,12095.89,91015.53,16824.67,48950.47,27044.14,18685.21,,conventional,2016,Indianapolis
2015-01-04,1.02,160130.15,4007.41,118435.79,1201.5,36485.45,20325.41,16160.04,,conventional,2015,Indianapolis
2017-01-15,0.73,1068598.28,,98377.69,17186.36,387898.76,153857.94,234040.82,0.0,conventional,2017,WestTexNewMexico
2016-01-24,1.12,296402.96,45720.39,99167.08,16034.41,135481.08,94434.3,24812.34,16234.44,conventional,2016,WestTexNewMexico
2015-08-30,0.82,750669.14,518203.31,136374.37,16298.54,79792.92,78731.42,1061.5,0.0,conventional,2015,WestTexNewMexico
2016-11-20,0.99,670051.41,407045.54,40680.13,11622.63,210703.11,109832.07,100871.04,,conventional,2016,WestTexNewMexico
2017-10-22,1.04,673664.68,390067.16,159230.47,2000.47,122366.58,63878.87,58487.71,,conventional,2017,WestTexNewMexico
2015-08-23,0.8,740213.87,535570.33,100108.86,13332.23,91202.45,87927.36,3275.09,,conventional,2015,WestTexNewMexico
2016-11-13,0.96,690820.58,429758.58,39757.86,14195.71,207108.43,114355.56,92752.87,,conventional,2016,WestTexNewMexico
2016-07-03,0.86,1026317.8,581532.54,106150.45,20212.32,318422.49,212681.56,91214.82,,conventional,2016,WestTexNewMexico
2017-09-03,1.14,666775.1,448083.06,71179.45,6037.95,141474.64,95618.57,45849.4,,conventional,2017,WestTexNewMexico
2015-08-16,0.77,815638.81,,154805.84,20866.49,150889.58,125836.94,25052.64,0.0,conventional,2015,WestTexNewMexico
2016-03-06,0.77,814614.77,548260.5,108856.08,38919.31,118578.88,89574.12,29004.76,0.0,conventional,2016,WestTexNewMexico
2015-03-29,0.74,908323.3,595240.91,199938.3,18570.6,94573.49,88599.82,5973.67,,conventional,2015,WestTexNewMexico
2016-02-21,0.7,840912.75,531994.93,140944.9,27799.93,140172.99,88186.62,50489.7,,conventional,2016,WestTexNewMexico
2016-09-18,0.95,749931.49,,85785.47,12899.95,179627.74,104714.47,74913.27,,conventional,2016,WestTexNewMexico
2016-05-15,0.7,901217.17,581142.58,136712.42,20624.94,162737.23,97314.33,61552.9,,conventional,2016,WestTexNewMexico
2015-04-12,0.76,840314.58,564694.43,167105.74,11290.94,97223.47,71587.33,25636.14,,conventional,2015,WestTexNewMexico
2017-02-26,0.79,864199.16,471215.82,67019.53,15924.59,310039.22,126854.84,183184.38,,conventional,2017,WestTexNewMexico
2015-03-22,0.85,752576.08,489678.55,157679.62,14084.25,91133.66,89232.98,1900.68,,conventional,2015,WestTexNewMexico
2018-03-04,0.88,935934.1,454269.43,164856.57,9907.85,306900.25,164965.35,138399.68,3535.22,conventional,2018,WestTexNewMexico
2015-06-14,0.7,1035973.14,651120.92,202731.92,13413.05,168707.25,126508.62,42198.63,,conventional,2015,WestTexNewMexico
2017-05-07,0.82,1159488.49,643961.42,121509.24,12243.26,381774.57,127690.85,254083.72,,conventional,2017,WestTexNewMexico
2018-03-04,1.4,145608.11,14856.48,27596.01,0.0,103155.62,103108.51,47.11,,organic,2018,LosAngeles
2015-08-02,1.63,40544.17,,16827.6,0.0,7544.36,7544.36,0.0,,organic,2015,LosAngeles
2018-03-25,1.74,91739.92,11197.66,29959.26,0.0,50583.0,50420.81,162.19,,organic,2018,LosAngeles
2015-04-26,1.4,44090.53,15815.81,17652.02,0.0,10622.7,10622.7,0.0,,organic,2015,LosAngeles
2015-11-29,1.33,42934.45,8753.06,14877.52,0.0,19303.87,19134.05,169.82,,organic,2015,LosAngeles
2016-06-12,1.15,106514.62,16790.67,34443.11,0.0,55280.84,55248.05,32.79,,organic,2016,LosAngeles
2015-01-25,1.23,38078.07,28037.64,1355.8,0.0,8684.63,8684.63,0.0,0.0,organic,2015,LosAngeles
2017-10-29,1.99,67050.78,8078.35,19540.98,0.0,39431.45,39411.01,20.44,,organic,2017,LosAngeles
2016-05-15,1.14,108031.14,15403.16,30675.2,0.0,61952.78,61935.64,17.14,,organic,2016,LosAngeles
2015-04-12,1.39,43407.79,17119.09,17886.3,0.0,8402.4,8402.4,0.0,0.0,organic,2015,LosAngeles
2015-03-22,1.25,41439.59,,12861.93,0.0,6243.6,6243.6,0.0,,organic,2015,LosAngeles
2017-09-24,2.03,73696.3,12051.52,29225.85,1.59,32417.34,32377.02,40.32,,organic,2017,LosAngeles
2017-04-02,1.3,122384.82,13732.06,30991.3,17.58,77643.88,74785.28,2858.6,,organic,2017,LosAngeles
2016-03-13,1.09,117245.31,11588.48,37583.32,0.0,68073.51,59198.13,8875.38,,organic,2016,LosAngeles
2017-04-30,1.25,127255.45,10894.08,29816.95,1.59,86542.83,83579.29,2963.54,0.0,organic,2017,LosAngeles
2016-03-20,1.1,96605.4,9650.76,29926.72,3.07,57024.85,51792.12,5232.73,0.0,organic,2016,LosAngeles
2016-05-08,1.13,119123.05,11723.12,34690.14,0.0,72709.79,72600.22,109.57,0.0,organic,2016,LosAngeles
2017-08-13,2.04,72817.55,10764.58,16810.19,0.0,45242.78,45097.35,145.43,0.0,organic,2017,LosAngeles
2015-03-29,1.42,35121.94,13962.42,12697.51,0.0,8462.01,8462.01,0.0,,organic,2015,LosAngeles
2017-07-16,2.02,75021.72,10041.65,24449.24,0.0,40530.83,40510.47,20.36,,organic,2017,LosAngeles
2017-04-09,1.3,118305.22,,29159.75,6.4,75232.89,70010.1,5222.79,0.0,organic,2017,LosAngeles
2017-05-07,1.31,137484.97,12550.12,38336.01,0.0,86598.84,86014.32,584.52,,organic,2017,LosAngeles
2017-03-19,1.25,135636.51,11812.81,38905.35,19.1,84899.25,69061.91,15837.34,0.0,organic,2017,LosAngeles
2018-01-14,1.68,106624.63,15769.61,39738.42,0.0,51116.6,51104.4,12.2,0.0,organic,2018,LosAngeles
