avocado_missing.csv
Date,AveragePrice,Total Volume,4046,4225,4770,Total Bags,Small Bags,Large Bags,XLarge Bags,type,year,region
2015-06-28,0.77,1203553.98,760374.24,302577.78,7191.26,133410.7,125900.09,7499.76,,conventional,2015,DallasFtWorth
2017-06-04,0.93,1325912.38,,227992.9,2256.17,382897.83,379395.1,3347.36,,conventional,2017,DallasFtWorth
2016-01-03,0.78,1191927.54,551921.61,411340.37,80184.39,148481.17,144358.85,3764.81,,conventional,2016,DallasFtWorth
2015-04-26,0.81,1102639.51,717960.82,270228.19,12091.21,102359.29,91505.88,10463.78,389.63,conventional,2015,DallasFtWorth
2016-02-07,0.71,1515264.27,766439.13,410258.37,143875.64,194691.13,155052.63,20895.02,,conventional,2016,DallasFtWorth
2017-05-14,0.95,1292071.56,,238304.7,3363.89,376330.61,372603.74,3655.59,,conventional,2017,DallasFtWorth
2015-07-26,0.8,1191310.92,661845.98,406523.56,6417.32,116524.06,97727.08,18793.29,3.69,conventional,2015,DallasFtWorth
2015-07-05,0.83,1320696.13,,334916.29,5388.47,145175.58,139670.52,5497.78,,conventional,2015,DallasFtWorth
2018-02-11,0.72,1553404.16,,212945.5,5327.13,566715.68,461849.3,87861.7,,conventional,2018,DallasFtWorth
2015-09-27,0.84,1063583.86,533088.33,390554.54,25647.49,114293.5,101477.9,12776.1,39.5,conventional,2015,DallasFtWorth
2016-10-23,1.08,993986.41,420151.75,240421.45,3183.27,330229.94,323804.52,4850.5,,conventional,2016,DallasFtWorth
2015-07-12,0.82,1144448.23,713425.63,319277.99,4382.19,107362.42,102573.93,4008.88,,conventional,2015,DallasFtWorth
2015-04-12,0.72,1266899.55,871511.12,288420.79,12596.79,94370.85,85100.44,9261.6,,conventional,2015,DallasFtWorth
2015-01-11,0.76,1128693.04,680572.11,348535.22,11900.83,87684.88,67857.83,19801.95,,conventional,2015,DallasFtWorth
2017-12-31,0.9,1116393.2,,307423.18,4818.24,323046.3,161254.88,161616.45,174.97,conventional,2017,DallasFtWorth
2015-06-14,0.65,1508750.45,1013252.58,353165.21,7557.93,134774.73,130578.16,4187.62,8.95,conventional,2015,DallasFtWorth
2016-08-07,0.83,1244080.92,,241321.5,3385.24,287648.2,269821.55,14711.9,,conventional,2016,DallasFtWorth
2015-05-10,0.75,1298826.19,817727.07,357330.3,7803.87,115964.95,107302.84,8644.44,,conventional,2015,DallasFtWorth
2016-10-02,0.95,1033290.02,534106.75,186983.98,1901.89,310297.4,301904.74,4185.65,,conventional,2016,DallasFtWorth
2017-11-26,0.95,898548.0,523362.0,160636.0,2920.0,211630.0,130864.0,80717.0,,conventional,2017,DallasFtWorth
2018-02-18,0.77,1421970.53,780856.19,250380.23,5033.93,385700.18,268220.8,102051.19,,conventional,2018,DallasFtWorth
2016-09-11,0.79,1308970.15,714506.15,230292.68,2193.26,361978.06,350013.34,9088.35,2876.37,conventional,2016,DallasFtWorth
2016-01-17,1.15,251772.19,37242.5,127825.35,215.42,86488.92,85284.0,1204.92,0.0,conventional,2016,HarrisburgScranton
2016-04-24,1.09,283535.19,,157366.58,235.32,75437.83,74325.2,1112.63,0.0,conventional,2016,HarrisburgScranton
2017-08-13,1.43,238229.99,,127782.88,58.29,68272.71,55944.4,9001.64,,conventional,2017,HarrisburgScranton
2015-08-16,1.09,247813.45,37089.49,161018.66,402.5,49302.8,48581.44,714.85,,conventional,2015,HarrisburgScranton
2015-11-29,1.17,146103.34,23707.06,82015.89,110.54,40269.85,39640.65,629.2,0.0,conventional,2015,HarrisburgScranton
2015-10-18,0.93,264223.22,,186372.86,408.03,49802.07,48878.61,923.46,0.0,conventional,2015,HarrisburgScranton
2016-07-31,1.37,253671.67,48175.7,110154.96,346.77,94994.24,90147.67,591.57,,conventional,2016,HarrisburgScranton
2017-11-05,1.45,191459.87,31048.2,99317.22,76.31,61018.14,58486.25,2505.22,26.67,conventional,2017,HarrisburgScranton
2015-05-31,1.22,260058.34,42572.44,125281.89,804.17,91399.84,87880.67,2341.73,,conventional,2015,HarrisburgScranton
2015-12-20,1.11,180186.23,,100758.01,158.29,55158.59,53929.04,1229.55,,conventional,2015,HarrisburgScranton
2015-02-01,1.06,283137.88,42732.12,168621.69,851.33,70932.74,69529.64,1403.1,,conventional,2015,HarrisburgScranton
2017-09-17,1.46,189035.91,32973.74,107531.22,54.93,48476.02,47545.72,763.63,,conventional,2017,HarrisburgScranton
2016-09-04,1.15,311176.62,77540.78,112618.27,230.96,120786.61,119477.01,1159.6,150.0,conventional,2016,HarrisburgScranton
2015-12-27,1.16,173645.55,22694.58,98629.2,149.11,52172.66,51396.6,776.06,0.0,conventional,2015,HarrisburgScranton
2017-03-12,1.42,245928.12,,126552.09,107.88,67961.27,64446.7,3514.57,0.0,conventional,2017,HarrisburgScranton
2017-06-18,1.5,238389.11,45186.48,131057.91,86.44,62058.28,55129.91,2569.76,,conventional,2017,HarrisburgScranton
2016-10-30,1.59,171652.4,35332.98,78894.91,87.59,57336.92,56958.76,378.16,0.0,conventional,2016,HarrisburgScranton
2017-07-02,1.48,226114.96,40997.57,111399.05,155.12,73563.22,61049.83,5973.39,,conventional,2017,HarrisburgScranton
2015-03-01,1.07,230913.14,28899.98,134019.55,614.07,67379.54,65870.9,1508.64,,conventional,2015,HarrisburgScranton
2015-05-24,1.21,270097.92,43499.81,132429.7,777.66,93390.75,89913.88,2641.89,834.98,conventional,2015,HarrisburgScranton
2015-09-06,1.19,225494.59,,128772.37,465.01,58803.58,57426.04,1344.61,,conventional,2015,HarrisburgScranton
2017-01-01,1.4,10109.46,7550.89,58.71,0.0,2499.86,2499.86,0.0,,organic,2017,Houston
2015-08-30,1.22,14045.27,,50.99,0.0,2486.59,1906.67,579.92,,organic,2015,Houston
2017-03-12,0.92,52810.48,13678.39,40.61,0.0,39091.48,18616.19,20475.29,,organic,2017,Houston
2017-03-05,0.92,38739.84,9392.3,44.43,0.0,29303.11,25806.88,3496.23,,organic,2017,Houston
2018-02-04,1.43,27155.44,10163.94,216.52,0.0,16774.98,16644.99,129.99,,organic,2018,Houston
2015-05-31,1.23,9890.95,,189.05,0.0,990.0,990.0,0.0,,organic,2015,Houston
2017-02-05,0.93,30857.91,7458.6,18.05,0.0,23381.26,23381.26,0.0,,organic,2017,Houston
2015-12-06,1.49,8216.98,4787.28,85.7,0.0,3344.0,3344.0,0.0,,organic,2015,Houston
2018-02-11,1.4,24385.65,5208.72,60.53,0.0,19116.4,19029.73,86.67,,organic,2018,Houston
2016-09-11,0.87,47076.79,14889.88,28.98,0.0,32157.93,32087.93,70.0,,organic,2016,Houston
2015-04-19,1.26,13856.85,12200.72,522.8,0.0,1133.33,1133.33,0.0,0.0,organic,2015,Houston
2015-09-06,1.36,9622.66,7609.04,67.49,0.0,1946.13,1790.0,156.13,,organic,2015,Houston
2018-01-21,1.41,32722.61,7335.69,43.11,0.0,25343.81,25100.48,243.33,0.0,organic,2018,Houston
2016-05-08,1.04,20458.56,7355.94,26.73,0.0,13075.89,6977.83,6098.06,0.0,organic,2016,Houston
2015-09-13,1.41,13561.23,,33.07,0.0,5562.79,5546.76,16.03,0.0,organic,2015,Houston
2017-12-31,1.36,25590.34,9524.47,114.02,0.0,15951.85,15635.18,316.67,0.0,organic,2017,Houston
2015-02-15,1.29,10569.83,,586.72,0.0,1170.0,1170.0,0.0,,organic,2015,Houston
2016-08-14,1.1,31622.99,10822.39,30.59,0.0,20770.01,20700.01,70.0,,organic,2016,Houston
2015-08-02,1.17,9952.84,9679.37,116.8,0.0,156.67,146.67,10.0,0.0,organic,2015,Houston
2017-04-02,0.92,52873.83,,55.35,0.0,39771.11,39629.89,141.22,,organic,2017,Houston
2015-07-05,1.17,12717.2,11733.69,353.51,0.0,630.0,630.0,0.0,,organic,2015,Houston
2016-03-27,1.24,12911.19,5639.73,450.28,0.0,6821.18,4669.85,2151.33,,organic,2016,Houston
2015-01-04,1.22,8938.32,,671.88,0.0,1256.67,1256.67,0.0,,organic,2015,Houston
2018-02-25,1.41,25590.99,5721.05,68.95,0.0,19800.99,19544.33,256.66,0.0,organic,2018,Houston
2016-10-09,2.0,3382.0,,136.29,0.0,1368.11,686.67,681.44,,organic,2016,Orlando
2015-06-28,1.87,2804.46,2068.27,79.52,0.0,656.67,656.67,0.0,,organic,2015,Orlando
2018-01-21,1.53,6993.97,,598.05,0.0,6282.21,6278.88,3.33,,organic,2018,Orlando
2016-09-11,1.47,7565.44,1321.86,108.37,0.0,6135.21,2990.0,3145.21,,organic,2016,Orlando
2017-10-01,2.35,8517.29,239.14,1618.07,0.0,6660.08,5291.11,1368.97,,organic,2017,Orlando
2015-11-08,1.83,3067.94,,27.58,0.0,1053.33,1053.33,0.0,0.0,organic,2015,Orlando
2016-06-12,1.58,6084.04,,154.81,0.0,2906.67,2880.0,26.67,,organic,2016,Orlando
2015-06-14,1.86,3012.55,2115.25,67.3,0.0,830.0,830.0,0.0,0.0,organic,2015,Orlando
2016-04-17,1.64,5604.81,2538.97,159.88,0.0,2905.96,2905.96,0.0,0.0,organic,2016,Orlando
2015-12-27,1.67,3110.45,,49.42,0.0,1443.42,1119.57,323.85,,organic,2015,Orlando
2017-07-09,1.9,5505.07,262.72,1460.13,0.0,3782.22,3778.89,3.33,,organic,2017,Orlando
2016-12-25,1.27,5601.65,,37.97,0.0,5088.64,2863.33,2225.31,,organic,2016,Orlando
2015-03-15,1.82,2478.71,1548.1,33.94,0.0,896.67,896.67,0.0,,organic,2015,Orlando
2017-05-21,1.8,8800.59,1981.17,258.64,0.0,6560.78,5043.23,1517.55,0.0,organic,2017,Orlando
2015-06-07,1.81,2834.45,,45.68,0.0,1073.33,1073.33,0.0,,organic,2015,Orlando
2017-08-13,2.12,6193.38,767.0,1410.92,0.0,4015.46,4008.79,6.67,,organic,2017,Orlando
2016-08-14,1.88,6737.38,3004.19,159.86,0.0,3573.33,3530.0,43.33,0.0,organic,2016,Orlando
2017-03-26,1.54,8166.97,1228.48,140.26,0.0,6798.23,4407.59,2390.64,,organic,2017,Orlando
2017-09-03,2.45,5470.24,439.16,1794.3,0.0,3236.78,2042.89,1193.89,,organic,2017,Orlando
2017-07-02,2.17,8059.1,,4168.04,0.0,3080.0,3080.0,0.0,,organic,2017,Orlando
2015-04-05,1.82,2405.02,1494.07,62.1,0.0,848.85,848.85,0.0,0.0,organic,2015,Orlando
2017-06-18,2.15,7071.15,768.44,3446.35,0.0,2856.36,2853.03,3.33,,organic,2017,Orlando
2015-10-18,2.18,2804.82,1876.78,48.04,0.0,880.0,880.0,0.0,,organic,2015,Orlando
2017-02-19,1.81,5205.8,1560.07,150.65,0.0,3495.08,1844.03,1651.05,0.0,organic,2017,Orlando
2017-11-12,1.88,5376.58,147.41,871.4,0.0,4357.77,4351.1,6.67,0.0,organic,2017,Orlando
2016-05-01,1.6,5699.71,2123.26,145.2,0.0,3431.25,3431.25,0.0,,organic,2016,Orlando
2017-12-03,1.71,18891.8,0.0,390.0,0.0,18501.8,18273.13,228.67,,organic,2017,NorthernNewEngland
2016-01-31,1.65,9140.79,2.48,154.07,0.0,8984.24,8984.24,0.0,,organic,2016,NorthernNewEngland
2016-11-13,1.79,10725.45,3.64,231.57,0.0,10490.24,10490.24,0.0,0.0,organic,2016,NorthernNewEngland
2016-07-10,1.45,14482.73,5.19,145.3,0.0,14332.24,14332.24,0.0,0.0,organic,2016,NorthernNewEngland
2017-01-15,1.77,10857.24,0.0,197.94,0.0,10659.3,10659.3,0.0,,organic,2017,NorthernNewEngland
2016-01-10,1.66,10525.16,15.92,246.12,0.0,10263.12,10259.79,3.33,,organic,2016,NorthernNewEngland
2016-12-04,1.96,8741.54,15.93,159.27,0.0,8566.34,8566.34,0.0,,organic,2016,NorthernNewEngland
2015-03-01,1.82,6940.73,,870.75,0.0,6064.35,6064.35,0.0,0.0,organic,2015,NorthernNewEngland
2017-10-22,1.7,22671.89,0.0,308.14,0.0,22363.75,22363.75,0.0,,organic,2017,NorthernNewEngland
2015-05-10,1.91,7575.34,41.86,819.84,0.0,6713.64,6713.64,0.0,,organic,2015,NorthernNewEngland
2016-02-28,1.64,9920.46,1.26,357.43,0.0,9561.77,9558.44,3.33,,organic,2016,NorthernNewEngland
2017-08-13,1.69,13218.86,13.62,246.35,0.0,12958.89,12958.89,0.0,,organic,2017,NorthernNewEngland
2017-02-05,1.6,10860.38,1.31,304.11,0.0,10554.96,10554.96,0.0,0.0,organic,2017,NorthernNewEngland
2015-07-26,1.95,7510.46,,1065.74,0.0,6350.38,6313.71,36.67,0.0,organic,2015,NorthernNewEngland
2015-03-15,1.9,5599.89,7.89,687.58,0.0,4904.42,4904.42,0.0,,organic,2015,NorthernNewEngland
2016-09-04,1.58,13039.44,1.0,231.39,0.0,12807.05,12807.05,0.0,,organic,2016,NorthernNewEngland
2015-06-07,1.92,8091.22,4.87,848.18,0.0,7238.17,7238.17,0.0,,organic,2015,NorthernNewEngland
2015-10-04,1.62,9011.35,15.66,189.08,0.0,8806.61,8806.61,0.0,,organic,2015,NorthernNewEngland
2015-05-31,1.91,8889.38,4.82,1045.37,0.0,7839.19,7839.19,0.0,,organic,2015,NorthernNewEngland
2017-02-26,1.85,12277.49,10.34,263.6,0.0,12003.55,12003.55,0.0,,organic,2017,NorthernNewEngland
2016-08-14,1.4,8519.17,,310.54,0.0,8207.35,8207.35,0.0,0.0,organic,2016,NorthernNewEngland
2015-05-24,1.1,5621713.64,2978396.74,1873205.91,195991.06,574119.93,546420.69,24485.84,,conventional,2015,California
2017-07-09,1.28,6499668.48,2634902.26,1818682.87,207945.39,1838137.96,1767976.83,5214.88,,conventional,2017,California
2015-05-17,1.08,5289138.5,2923673.93,1649623.66,168597.35,547243.56,525804.7,18497.03,,conventional,2015,California
2017-10-29,1.2,5714676.89,1981731.12,2384845.53,125816.68,1222283.56,1165130.71,22762.03,,conventional,2017,California
2015-02-01,0.85,9032180.67,4794142.14,3460743.8,177145.49,600149.24,556205.2,41203.2,,conventional,2015,California
2017-11-19,1.26,4782021.0,1879513.0,1360694.0,107055.0,1434759.0,1328429.0,47615.0,,conventional,2017,California
2016-02-14,0.82,6807283.15,,1974912.11,278558.48,2555662.85,2207054.69,333029.79,15578.37,conventional,2016,California
2015-08-02,1.16,5428238.87,2940145.82,1737845.94,183471.03,566776.08,559587.76,4953.57,,conventional,2015,California
2016-11-20,1.32,4253815.59,1513797.4,1394929.07,93901.07,1251188.05,1161049.94,61429.08,,conventional,2016,California
2018-03-18,1.02,6802084.11,2161037.82,2305253.24,94087.86,2241705.19,2116307.93,38597.17,,conventional,2018,California
2016-07-03,1.1,7087455.16,2409025.69,2439611.73,356022.1,1882795.64,1722082.22,119871.18,,conventional,2016,California
2017-09-03,1.65,4648718.22,1856634.4,1720930.65,168178.12,902975.05,839519.87,21358.39,,conventional,2017,California
2015-02-08,0.91,5871224.58,2908845.38,2200393.89,149458.93,612526.38,553682.71,56311.08,,conventional,2015,California
2017-03-26,1.33,5073070.91,1693588.76,1542979.33,138133.01,1698369.81,1629800.46,1991.84,,conventional,2017,California
2015-02-15,0.96,5699944.93,3315163.6,1620462.13,169907.54,594411.66,544990.68,47017.93,,conventional,2015,California
2015-09-06,1.09,5806392.78,,2077193.6,240185.0,629688.27,591629.83,33545.37,,conventional,2015,California
2015-04-05,1.12,5467155.55,2754464.87,1886168.89,225396.85,601124.94,539258.29,59212.09,,conventional,2015,California
2017-03-05,1.15,5634150.07,1961188.27,1720072.57,161251.98,1791637.25,1727384.52,9179.36,55073.37,conventional,2017,California
2018-02-04,0.8,10894677.77,4473811.63,4097591.67,146357.78,2176916.69,2072477.62,34196.27,70242.8,conventional,2018,California
2015-06-28,1.1,5641742.02,3163839.74,1610910.07,212173.21,654819.0,630301.44,21861.54,,conventional,2015,California
2016-09-18,1.22,5471565.28,1888694.03,1934688.42,112714.97,1535467.86,1434869.76,59481.09,,conventional,2016,California
2016-12-18,0.95,4922621.54,1575318.71,1774200.38,90983.73,1482118.72,1313839.11,135367.97,32911.64,conventional,2016,California
2015-03-08,0.96,5990243.89,3484274.6,1649936.05,184720.58,671312.66,642307.0,27241.05,,conventional,2015,California
2017-10-01,1.86,183683.68,7514.77,58917.31,626.22,116625.38,22881.73,93645.32,98.33,conventional,2017,CincinnatiDayton
2017-04-09,1.17,215849.78,8795.66,76148.94,1214.24,129690.94,30133.89,99467.56,,conventional,2017,CincinnatiDayton
2018-03-25,1.08,277267.97,70493.35,27183.18,9616.52,169974.92,140702.4,20939.89,,conventional,2018,CincinnatiDayton
2016-02-28,0.87,227593.54,4252.39,129161.49,16207.08,77972.58,18382.22,56152.18,,conventional,2016,CincinnatiDayton
2016-04-03,0.89,191169.34,3481.07,109917.36,10846.9,66924.01,13780.66,50468.58,,conventional,2016,CincinnatiDayton
2015-07-12,1.03,218170.8,3503.25,148642.65,4243.48,61781.42,23225.75,37926.4,629.27,conventional,2015,CincinnatiDayton
2015-12-20,0.85,175425.57,2732.05,108930.75,7517.01,56245.76,12118.45,39679.66,,conventional,2015,CincinnatiDayton
2018-03-11,1.01,275804.74,,22713.79,10175.31,177776.19,146773.92,30140.64,861.63,conventional,2018,CincinnatiDayton
2016-05-08,0.86,314243.15,,183121.83,17789.78,108920.28,17361.66,87869.71,,conventional,2016,CincinnatiDayton
2016-10-09,1.01,276819.57,3166.45,100995.03,1223.02,171435.07,21810.18,149624.89,,conventional,2016,CincinnatiDayton
2015-05-03,1.08,238140.96,,162213.47,7282.09,57176.48,18315.96,37361.33,,conventional,2015,CincinnatiDayton
2016-03-27,0.9,225485.9,3097.47,131467.29,16191.17,74729.97,18832.18,52163.65,,conventional,2016,CincinnatiDayton
2015-05-17,1.04,234579.34,10239.98,150323.91,14523.82,59491.63,18091.92,38536.09,,conventional,2015,CincinnatiDayton
2017-08-06,1.46,236484.9,4310.92,88272.35,1301.36,142600.27,23000.0,119014.47,,conventional,2017,CincinnatiDayton
2016-12-18,0.99,216881.3,2279.61,100542.31,1472.39,112586.99,23082.87,89485.68,18.44,conventional,2016,CincinnatiDayton
2017-06-18,1.09,281486.15,,110401.61,2143.52,164488.2,33465.46,130291.88,,conventional,2017,CincinnatiDayton
2017-10-15,1.81,182274.57,6137.38,59691.71,574.34,115871.14,21562.09,94257.73,,conventional,2017,CincinnatiDayton
2015-02-15,0.94,169950.37,4399.26,122866.03,3067.22,39617.86,21356.07,17556.58,705.21,conventional,2015,CincinnatiDayton
2015-09-06,1.02,232157.91,2462.55,154106.32,8956.92,66632.12,19499.39,45312.94,,conventional,2015,CincinnatiDayton
2016-01-03,0.9,222534.76,2730.97,149327.89,18924.91,51550.99,12613.38,29550.02,,conventional,2016,CincinnatiDayton
2015-05-31,1.06,222382.69,10459.41,143893.61,4652.39,63377.28,20976.26,41425.81,,conventional,2015,CincinnatiDayton
2018-01-21,0.89,321809.3,92142.87,54830.94,12823.81,162011.68,148818.14,13170.73,22.81,conventional,2018,CincinnatiDayton
2015-06-28,1.01,225165.84,3691.48,144983.7,3666.71,72823.95,34098.54,38098.48,,conventional,2015,CincinnatiDayton
2017-01-15,0.76,346523.78,2939.57,125731.86,994.43,216857.92,29095.07,187759.83,,conventional,2017,CincinnatiDayton
2015-04-05,1.06,196168.6,,135093.59,2508.15,51050.29,36567.48,14361.02,,conventional,2015,CincinnatiDayton
2016-01-17,0.86,228860.79,3683.42,142145.57,7457.43,75574.37,20728.35,53232.61,,conventional,2016,CincinnatiDayton
2017-01-08,0.82,285027.21,4147.01,126967.13,991.09,152921.98,33746.17,118612.86,,conventional,2017,CincinnatiDayton
2016-07-31,1.07,254689.93,4322.1,129945.29,3804.63,116617.91,27836.86,88090.7,,conventional,2016,CincinnatiDayton
2016-09-18,0.96,288857.14,6195.29,112907.19,1335.29,168419.37,30495.85,137923.52,0.0,conventional,2016,CincinnatiDayton
2016-01-31,0.94,203005.7,3261.74,133276.52,12917.42,53550.02,16807.25,33496.41,,conventional,2016,CincinnatiDayton
