avocado_missing.csv
Date,AveragePrice,Total Volume,4046,4225,4770,Total Bags,Small Bags,Large Bags,XLarge Bags,type,year,region
2016-01-31,1.04,469689.07,18326.33,344188.07,504.95,106669.72,97222.56,9447.16,,conventional,2016,Philadelphia
2017-09-24,1.58,383655.09,47744.79,204123.34,395.52,131391.44,121155.89,10231.1,,conventional,2017,Philadelphia
2015-06-28,1.38,378931.1,15520.17,234777.69,806.52,127826.72,111168.32,16658.4,,conventional,2015,Philadelphia
2016-03-06,1.33,417688.74,16299.39,278369.87,636.84,122382.64,112636.83,9742.72,,conventional,2016,Philadelphia
2018-03-18,1.33,471175.79,44696.37,241775.09,334.21,184370.12,169602.85,12962.83,1804.44,conventional,2018,Philadelphia
2017-04-09,1.7,398600.32,30725.04,213528.19,566.18,153780.91,143053.85,10506.23,,conventional,2017,Philadelphia
2015-11-22,1.23,320058.33,,226193.52,591.76,80592.91,74840.49,5752.42,0.0,conventional,2015,Philadelphia
2016-08-21,1.45,408490.7,14771.84,215056.47,2558.5,176103.89,156783.72,17277.92,,conventional,2016,Philadelphia
2015-06-21,1.33,456983.44,16066.69,310906.06,1155.21,128855.48,117744.63,11040.67,,conventional,2015,Philadelphia
2018-02-18,1.24,443312.68,,233345.32,236.22,142114.68,117913.98,22366.81,,conventional,2018,Philadelphia
2015-08-23,1.09,449716.31,21862.51,336374.97,717.48,90761.35,82479.25,8193.68,,conventional,2015,Philadelphia
2015-10-18,1.06,496236.63,14369.89,388376.48,819.38,92670.88,83101.65,9569.23,,conventional,2015,Philadelphia
2017-01-22,1.51,489345.23,18201.14,287008.11,58242.14,125893.84,114958.9,9387.36,,conventional,2017,Philadelphia
2016-08-14,1.43,415099.81,,201588.04,5607.24,186834.47,176028.76,9698.25,,conventional,2016,Philadelphia
2015-12-27,1.25,308546.88,9778.07,208945.03,530.89,89292.89,82776.35,6513.36,,conventional,2015,Philadelphia
2016-10-16,1.74,335408.43,15915.88,192515.42,718.39,126258.74,119365.97,6892.77,0.0,conventional,2016,Philadelphia
2017-02-19,1.37,369284.51,29184.0,205018.24,1022.62,134059.65,125901.76,7863.07,294.82,conventional,2017,Philadelphia
2018-02-04,1.12,819224.3,62044.22,467927.8,645.87,288606.41,254149.59,33540.82,,conventional,2018,Philadelphia
2017-04-16,1.74,390396.69,31877.26,220755.78,406.24,137357.41,120676.87,16680.54,0.0,conventional,2017,Philadelphia
2016-06-19,1.46,421529.12,14408.27,245061.91,18156.09,143902.85,132625.62,8901.2,,conventional,2016,Philadelphia
2017-08-27,1.68,370286.98,45068.5,196136.69,604.27,128477.52,117020.86,11204.43,,conventional,2017,Philadelphia
2015-04-19,1.43,389414.29,16585.73,242740.8,1309.62,128778.14,110321.07,18457.07,,conventional,2015,Philadelphia
2016-08-28,1.49,418742.8,21609.9,200120.82,13529.45,183482.63,171925.6,10097.85,,conventional,2016,Philadelphia
2017-12-24,1.34,379421.96,17276.7,226538.0,472.94,135134.32,116972.59,18161.73,,conventional,2017,Philadelphia
2018-03-25,1.31,503277.65,43421.1,252219.75,248.04,207388.76,187566.62,17687.7,,conventional,2018,Philadelphia
2015-07-19,1.39,369973.99,15791.25,237182.53,1472.69,115527.52,103254.89,12272.63,0.0,conventional,2015,Philadelphia
2018-01-21,1.32,527860.09,69862.88,303263.33,383.99,154349.89,144550.12,9797.01,,conventional,2018,Philadelphia
2017-05-14,1.75,387975.97,38509.67,194669.62,536.53,154260.15,142282.0,11346.21,,conventional,2017,Philadelphia
2016-05-01,1.21,478384.72,,304614.61,11522.45,145983.06,130517.96,15349.82,115.28,conventional,2016,Philadelphia
2017-03-12,1.74,377616.35,,230010.9,6116.39,124527.1,112097.57,12054.53,375.0,conventional,2017,Philadelphia
2015-11-08,1.27,374933.8,,268320.02,479.7,92267.09,76143.42,16123.67,,conventional,2015,Philadelphia
2015-09-27,1.85,5756.8,1243.87,4399.58,0.0,113.35,103.33,10.02,0.0,organic,2015,LasVegas
2015-12-20,1.99,4921.37,1672.16,2841.33,0.0,407.88,258.73,149.15,,organic,2015,LasVegas
2017-08-20,2.43,7716.25,1214.19,2783.49,0.0,3718.57,3699.15,19.42,,organic,2017,LasVegas
2016-06-05,1.41,14224.73,5353.51,6571.59,0.0,2299.63,765.05,1534.58,,organic,2016,LasVegas
2017-02-19,1.15,17954.08,1900.85,3776.59,0.0,12276.64,11577.52,699.12,,organic,2017,LasVegas
2016-07-10,1.9,13234.04,4462.78,4630.0,0.0,4141.26,676.76,3464.5,0.0,organic,2016,LasVegas
2016-01-24,1.47,9297.5,1706.27,4796.37,0.0,2794.86,2788.43,6.43,,organic,2016,LasVegas
2017-10-01,2.24,5291.89,1055.34,115.35,0.0,4121.2,4037.32,83.88,,organic,2017,LasVegas
2016-05-08,1.31,13681.17,,5592.9,0.0,3544.68,416.67,3128.01,,organic,2016,LasVegas
2017-07-30,1.72,10422.68,1859.58,2464.2,0.0,6098.9,6056.82,42.08,,organic,2017,LasVegas
2015-08-02,1.8,9065.72,4950.22,3751.82,0.0,363.68,296.67,67.01,,organic,2015,LasVegas
2016-03-27,1.41,10187.56,,4885.53,0.0,2239.52,1906.43,333.09,,organic,2016,LasVegas
2017-03-05,1.01,20701.89,2110.61,5897.56,0.0,12693.72,12277.2,416.52,0.0,organic,2017,LasVegas
2017-12-24,1.89,8393.5,1385.31,1425.12,0.0,5583.07,5555.33,27.74,,organic,2017,LasVegas
2017-03-12,1.16,21402.16,2478.71,4691.98,0.0,14231.47,13805.95,425.52,0.0,organic,2017,LasVegas
2015-06-28,1.54,11098.01,5745.2,4602.5,0.0,750.31,110.08,640.23,0.0,organic,2015,LasVegas
2016-10-23,2.3,2988.4,267.02,2457.1,0.0,264.28,264.28,0.0,0.0,organic,2016,LasVegas
2017-05-21,1.95,8671.15,2887.66,3339.62,0.0,2443.87,753.66,1690.21,,organic,2017,LasVegas
2016-03-06,1.3,11858.2,2926.28,3544.22,0.0,5387.7,5100.95,286.75,,organic,2016,LasVegas
2016-09-11,2.2,7662.66,2324.12,3252.22,0.0,2086.32,613.88,1472.44,0.0,organic,2016,LasVegas
2015-01-25,1.66,5758.68,2421.36,3050.67,0.0,286.65,273.33,13.32,,organic,2015,LasVegas
2016-04-10,1.22,13473.17,,4726.02,0.0,5513.92,4028.39,1485.53,,organic,2016,LasVegas
2016-05-22,1.38,17710.51,4850.71,8099.11,0.0,4760.69,496.56,4264.13,,organic,2016,LasVegas
2015-08-16,1.63,8549.47,3299.05,4589.07,0.0,661.35,580.13,81.22,,organic,2015,LasVegas
2016-12-04,2.67,17934.25,7263.87,7440.44,0.0,3229.94,3217.12,12.82,,organic,2016,SanFrancisco
2015-03-22,1.34,21370.71,12997.29,8370.33,0.0,3.09,3.09,0.0,,organic,2015,SanFrancisco
2016-04-17,2.33,25486.1,,22553.45,0.0,1624.45,1624.45,0.0,,organic,2016,SanFrancisco
2016-11-20,2.94,17436.41,5926.88,7823.25,0.0,3686.28,3620.25,66.03,,organic,2016,SanFrancisco
2015-02-08,1.35,27556.76,17561.23,9396.92,0.0,598.61,598.61,0.0,,organic,2015,SanFrancisco
2017-12-17,2.1,17850.72,7411.52,8344.76,0.0,2094.44,2094.44,0.0,,organic,2017,SanFrancisco
2017-08-20,2.93,21524.58,9571.06,7792.22,0.0,4161.3,4161.3,0.0,,organic,2017,SanFrancisco
2017-01-29,2.7,17708.49,7224.2,7671.88,2.86,2809.55,2809.55,0.0,0.0,organic,2017,SanFrancisco
2016-04-10,2.33,25141.16,1173.24,22169.11,0.0,1798.81,1798.81,0.0,,organic,2016,SanFrancisco
2016-01-31,2.3,23630.61,1637.6,21868.98,0.0,124.03,86.82,37.21,0.0,organic,2016,SanFrancisco
2015-07-12,2.09,23141.66,7913.24,15212.8,0.0,15.62,15.62,0.0,,organic,2015,SanFrancisco
2016-10-30,3.25,16700.94,2325.93,11142.85,0.0,3232.16,3232.16,0.0,0.0,organic,2016,SanFrancisco
2017-12-31,1.52,24699.21,14037.89,8786.88,0.0,1874.44,1871.11,3.33,,organic,2017,SanFrancisco
2017-03-19,2.88,18687.22,6332.48,9140.83,11.7,3202.21,3202.21,0.0,,organic,2017,SanFrancisco
2017-05-28,2.73,24852.33,10640.43,10979.17,8.75,3223.98,3201.3,22.68,,organic,2017,SanFrancisco
2015-01-04,1.18,22630.58,13175.57,9028.34,0.0,426.67,426.67,0.0,,organic,2015,SanFrancisco
2015-02-15,1.55,24986.4,16514.7,8294.37,0.0,177.33,177.33,0.0,,organic,2015,SanFrancisco
2016-10-16,2.34,9048.18,696.18,5316.66,0.0,3035.34,3035.34,0.0,,organic,2016,SanFrancisco
2017-11-05,2.05,20213.21,10983.96,8063.69,0.0,1165.56,1161.12,4.44,,organic,2017,SanFrancisco
2017-10-15,2.09,19027.31,10237.78,8211.76,0.0,577.77,577.77,0.0,,organic,2017,SanFrancisco
2015-08-02,1.8,5792.88,,2627.72,0.0,1183.39,277.57,905.82,,organic,2015,Atlanta
2017-02-19,1.06,11866.71,1388.4,3401.6,0.0,7076.71,85.62,6991.09,,organic,2017,Atlanta
2017-06-18,1.49,23485.92,852.47,9300.22,0.0,13333.23,4532.28,8800.95,0.0,organic,2017,Atlanta
2016-02-07,1.72,5420.87,1932.23,2613.21,0.0,875.43,160.0,715.43,,organic,2016,Atlanta
2016-05-08,1.42,9663.49,2105.61,3559.51,0.0,3998.37,1348.54,2649.83,0.0,organic,2016,Atlanta
2017-01-01,1.81,5342.85,956.73,2862.95,0.0,1523.17,5.55,1517.62,0.0,organic,2017,Atlanta
2015-10-25,1.87,5476.77,2441.49,2684.67,0.0,350.61,180.0,170.61,0.0,organic,2015,Atlanta
2016-08-14,1.58,13049.21,2514.22,4567.03,0.0,5967.96,1854.73,4113.23,,organic,2016,Atlanta
2016-07-10,1.13,17311.07,2275.95,6735.0,0.0,8300.12,1524.08,6776.04,,organic,2016,Atlanta
2017-03-26,1.27,16209.23,1653.21,5804.09,0.0,8751.93,146.67,8605.26,,organic,2017,Atlanta
2017-05-14,1.46,15466.97,988.48,7007.8,0.0,7470.69,239.81,7230.88,,organic,2017,Atlanta
2017-07-09,1.61,22122.61,564.97,10263.73,0.0,11293.91,4751.26,6542.65,,organic,2017,Atlanta
2015-07-05,1.5,5744.26,1577.43,2748.05,0.0,1418.78,0.0,1418.78,0.0,organic,2015,Atlanta
2016-05-29,1.35,8848.72,,4018.57,0.0,2963.65,883.61,2080.04,,organic,2016,Atlanta
2015-02-01,1.44,7665.7,,4210.72,0.0,1889.49,1133.33,756.16,,organic,2015,Atlanta
2015-05-10,1.82,5067.95,1878.0,2479.23,0.0,710.72,0.0,710.72,0.0,organic,2015,Atlanta
2016-04-10,1.5,7130.98,2789.35,3538.67,0.0,802.96,714.87,88.09,0.0,organic,2016,Atlanta
2016-03-06,1.66,6619.18,2601.59,3440.3,0.0,577.29,246.67,330.62,0.0,organic,2016,Atlanta
2016-10-02,2.29,7057.34,1714.94,4946.21,0.0,396.19,22.67,373.52,,organic,2016,Atlanta
2017-08-13,2.14,14533.65,516.53,5399.86,0.0,8617.26,8579.26,38.0,0.0,organic,2017,Atlanta
2016-08-28,1.14,18482.13,1480.15,4894.19,0.0,12107.79,1774.14,10333.65,,organic,2016,Atlanta
2017-11-26,1.66,11834.89,344.14,3863.03,0.0,7627.72,6495.07,1132.65,,organic,2017,Atlanta
2017-04-09,0.91,24438.67,1358.59,5782.33,0.0,17297.75,1629.46,15668.29,0.0,organic,2017,Atlanta
2016-06-26,0.92,16159.03,2096.1,5307.76,0.0,8755.17,1075.61,7679.56,,organic,2016,Atlanta
2018-02-18,1.56,11165.57,429.96,4037.32,0.0,6698.29,5920.95,777.34,,organic,2018,Atlanta
2015-07-05,1.69,12480.84,6639.93,3113.54,902.49,1824.88,1824.88,0.0,,organic,2015,BaltimoreWashington
2017-12-24,1.56,35540.32,,5886.28,89.47,28645.46,28639.86,5.6,0.0,organic,2017,BaltimoreWashington
2016-02-07,1.66,17201.44,643.01,7814.15,346.1,8398.18,2034.08,6364.1,,organic,2016,BaltimoreWashington
2017-12-17,1.58,34581.64,1256.76,7053.3,50.28,26221.3,26217.97,3.33,0.0,organic,2017,BaltimoreWashington
2016-08-28,2.05,14070.94,1227.93,8991.09,300.67,3551.25,3534.48,16.77,,organic,2016,BaltimoreWashington
2017-06-18,2.2,22845.26,963.89,11778.12,141.79,9961.46,9958.13,3.33,,organic,2017,BaltimoreWashington
2016-11-20,2.03,13147.71,639.47,6753.59,330.46,5424.19,5399.24,24.95,0.0,organic,2016,BaltimoreWashington
2016-07-31,2.02,14788.87,895.68,10096.25,495.8,3301.14,3301.14,0.0,,organic,2016,BaltimoreWashington
2016-09-11,2.14,20395.74,633.05,6730.7,315.82,12716.17,12716.17,0.0,,organic,2016,BaltimoreWashington
2015-06-21,1.69,10939.94,5224.23,2873.85,713.71,2128.15,2122.8,5.35,,organic,2015,BaltimoreWashington
2015-05-31,1.69,12640.64,5802.91,3268.67,1060.5,2508.56,2505.91,2.65,,organic,2015,BaltimoreWashington
2017-06-04,2.15,26345.64,1029.51,13920.73,217.02,11178.38,11174.92,3.46,,organic,2017,BaltimoreWashington
2015-07-12,1.7,8904.2,4829.01,2707.82,759.55,607.82,607.82,0.0,0.0,organic,2015,BaltimoreWashington
2015-08-09,1.66,13132.64,,4109.96,836.42,4239.56,4225.93,13.63,,organic,2015,BaltimoreWashington
2015-11-08,1.65,7159.03,2700.66,2975.05,566.83,916.49,846.82,69.67,,organic,2015,BaltimoreWashington
2015-09-06,1.58,14379.6,2634.99,5041.08,717.8,5985.73,5977.42,8.31,,organic,2015,BaltimoreWashington
2016-07-03,1.99,17234.83,888.9,9004.84,454.36,6886.73,5720.46,1166.27,,organic,2016,BaltimoreWashington
2017-09-03,1.68,58736.24,,8344.86,134.23,45723.15,45723.15,0.0,,organic,2017,BaltimoreWashington
2016-06-05,1.75,22921.36,642.66,9973.85,312.59,11992.26,11219.84,772.42,0.0,organic,2016,BaltimoreWashington
2018-01-28,1.55,44059.08,1236.06,8807.18,147.27,33868.57,33859.68,8.89,,organic,2018,BaltimoreWashington
2015-05-17,1.42,22470.42,6094.92,7358.76,3915.19,5101.55,5101.55,0.0,,organic,2015,BaltimoreWashington
2016-04-10,1.73,22013.07,890.84,9254.97,351.61,11515.65,9771.65,1744.0,,organic,2016,BaltimoreWashington
2017-10-01,1.62,48973.13,,5844.08,56.27,40208.86,40203.04,5.82,,organic,2017,BaltimoreWashington
2015-01-11,1.22,26008.88,12258.26,7094.53,490.24,6165.85,6165.85,0.0,,organic,2015,BaltimoreWashington
2016-01-10,1.37,20518.45,495.49,6973.51,401.96,12647.49,915.73,11731.76,0.0,organic,2016,BaltimoreWashington
2016-03-06,1.41,21611.1,658.79,10332.37,340.33,10279.61,2023.14,8256.47,,organic,2016,BaltimoreWashington
2016-10-09,1.87,18612.87,691.87,10306.33,575.87,7038.8,7004.96,33.84,0.0,organic,2016,BaltimoreWashington
2016-06-19,1.75,16906.19,,10027.84,405.82,5449.48,4620.99,828.49,,organic,2016,BaltimoreWashington
2017-10-29,1.81,37155.43,986.73,9121.99,99.38,26947.33,26934.0,13.33,,organic,2017,BaltimoreWashington
2015-01-04,1.72,593.39,,102.71,0.0,490.68,490.68,0.0,,organic,2015,Syracuse
2015-12-20,1.53,2491.77,,72.97,0.0,2418.8,2119.22,299.58,,organic,2015,Syracuse
2016-04-24,1.63,3752.94,,232.87,0.0,3520.07,1805.18,1714.89,0.0,organic,2016,Syracuse
2017-12-24,1.21,5154.54,77.02,65.27,0.0,5012.25,4664.12,348.13,,organic,2017,Syracuse
2016-10-02,1.59,1233.27,0.0,76.93,0.0,1156.34,1156.34,0.0,,organic,2016,Syracuse
2018-03-18,1.19,6981.22,162.32,87.87,0.0,6731.03,2782.91,3948.12,,organic,2018,Syracuse
2016-02-28,1.62,3092.98,0.0,94.74,0.0,2998.24,856.96,2141.28,,organic,2016,Syracuse
2015-05-24,1.8,2279.15,7.44,103.94,0.0,2167.77,2167.77,0.0,0.0,organic,2015,Syracuse
2015-04-12,1.71,1742.87,0.0,47.91,0.0,1694.96,1694.96,0.0,,organic,2015,Syracuse
2016-08-21,1.53,2472.9,7.34,157.78,0.0,2307.78,2307.78,0.0,,organic,2016,Syracuse
2016-04-17,1.71,2326.56,0.0,145.04,0.0,2181.52,889.55,1291.97,,organic,2016,Syracuse
2016-11-06,1.7,1141.59,,105.72,0.0,1034.87,1034.87,0.0,0.0,organic,2016,Syracuse
2018-02-25,1.3,4162.96,154.36,133.07,0.0,3875.53,1645.95,2229.58,,organic,2018,Syracuse
2017-05-07,2.11,4181.73,0.0,260.65,0.0,3921.08,1018.47,2902.61,,organic,2017,Syracuse
2015-07-12,2.05,419.98,0.0,63.42,0.0,356.56,356.56,0.0,0.0,organic,2015,Syracuse
2015-04-19,1.83,1062.54,,57.81,0.0,1001.27,1001.27,0.0,0.0,organic,2015,Syracuse
2016-08-07,1.54,2292.45,7.46,172.85,0.0,2112.14,2112.14,0.0,,organic,2016,Syracuse
2015-06-21,1.88,896.16,9.0,67.14,0.0,820.02,738.91,81.11,,organic,2015,Syracuse
2018-02-11,1.23,4815.48,69.81,56.64,0.0,4689.03,1972.88,2716.15,,organic,2018,Syracuse
2017-11-19,1.45,3574.89,61.68,82.24,0.0,3430.97,1751.84,1679.13,,organic,2017,Syracuse
2015-02-15,1.72,561.1,0.0,47.64,0.0,513.46,513.46,0.0,,organic,2015,Syracuse
2015-03-29,1.82,753.78,0.0,126.65,0.0,627.13,627.13,0.0,,organic,2015,Syracuse
2017-12-03,1.23,4486.61,,134.36,0.0,4330.29,2945.07,1385.22,0.0,organic,2017,Syracuse
2017-07-23,1.25,6588.03,,164.12,0.0,6423.91,3009.25,3414.66,,organic,2017,Syracuse
2016-07-10,1.64,2872.1,0.0,51.22,0.0,2820.88,2024.16,796.72,,organic,2016,Syracuse
2016-04-03,1.46,2724.46,0.0,75.68,0.0,2648.78,1686.54,962.24,,organic,2016,Syracuse
2018-01-28,1.19,6393.58,30.09,128.49,0.0,6235.0,5670.94,564.06,0.0,organic,2018,Syracuse
2015-11-08,1.6,1552.91,,138.07,0.0,1411.84,1408.51,3.33,,organic,2015,Syracuse
2017-06-11,2.37,3056.43,0.0,164.45,0.0,2891.98,1093.12,1798.86,,organic,2017,Syracuse
2016-01-17,1.53,1478.04,6.25,226.16,0.0,1245.63,1192.88,52.75,,organic,2016,Syracuse
