avocado_missing.csv
Date,AveragePrice,Total Volume,4046,4225,4770,Total Bags,Small Bags,Large Bags,XLarge Bags,type,year,region
2017-12-17,1.26,189529.04,58017.31,56564.52,3658.03,71289.18,66708.48,4580.7,,conventional,2017,Charlotte
2017-10-22,1.64,168237.31,,65040.05,4652.86,54000.65,50704.73,3295.92,,conventional,2017,Charlotte
2016-05-08,1.05,253622.75,55853.79,113811.25,18608.39,65349.32,57141.94,7275.44,,conventional,2016,Charlotte
2016-07-31,1.48,187969.31,,68964.23,24742.11,54443.04,50677.92,3330.12,,conventional,2016,Charlotte
2015-04-19,1.18,180944.22,38330.46,41954.32,36041.12,64618.32,63182.05,1436.27,,conventional,2015,Charlotte
2015-03-22,1.19,182876.15,41638.46,44726.81,37099.23,59411.65,56443.98,2967.67,0.0,conventional,2015,Charlotte
2017-11-05,1.47,187381.18,46741.48,65173.5,4855.57,70610.63,66781.57,3829.06,,conventional,2017,Charlotte
2016-03-27,1.14,189944.6,32857.85,90916.21,15518.85,50651.69,45385.09,5266.6,,conventional,2016,Charlotte
2015-03-29,1.23,178788.49,,50741.07,40688.42,52860.94,51856.01,1004.93,,conventional,2015,Charlotte
2015-02-22,1.08,201741.43,,48498.63,61590.31,46972.92,44919.71,2053.21,0.0,conventional,2015,Charlotte
2015-06-07,1.15,199980.3,43524.21,45226.73,38578.8,72650.56,69123.57,3526.99,,conventional,2015,Charlotte
2017-01-08,1.28,219338.92,56739.54,80201.7,10231.86,72165.82,63539.28,8626.54,,conventional,2017,Charlotte
2018-01-21,1.11,331324.99,74246.57,80371.21,4657.83,172049.38,165016.97,7031.3,,conventional,2018,Charlotte
2015-02-15,1.22,156798.51,28227.83,38591.73,40430.51,49548.44,40419.97,9128.47,0.0,conventional,2015,Charlotte
2015-07-12,1.18,182856.82,23580.7,56317.45,35107.11,67851.56,65681.23,2170.33,,conventional,2015,Charlotte
2016-10-23,1.52,167741.27,,39749.81,20290.31,52719.25,47060.46,5658.79,,conventional,2016,Charlotte
2016-12-11,1.33,145815.04,,40971.14,8696.54,52402.49,46293.11,6109.38,,conventional,2016,Charlotte
2015-09-20,1.2,161443.98,,46906.06,41261.83,47353.43,38940.45,8412.98,0.0,conventional,2015,Charlotte
2016-09-25,1.47,189131.52,54110.79,53593.58,17495.42,63931.73,55653.47,8278.26,,conventional,2016,Charlotte
2015-08-23,1.15,203298.37,32280.63,50475.57,41677.6,78864.57,76846.13,2018.44,,conventional,2015,Charlotte
2015-05-17,1.21,190799.99,44340.34,46424.29,40248.52,59786.84,57583.99,2202.85,0.0,conventional,2015,Charlotte
2016-08-14,1.4,195250.96,,66724.29,23025.36,65677.75,60859.82,4817.93,,conventional,2016,Charlotte
2015-07-05,1.18,216118.9,30803.29,73470.29,40602.17,71243.15,67865.26,3377.89,,conventional,2015,Charlotte
2016-01-10,0.95,196216.36,21275.55,94804.67,29602.84,50533.3,42015.27,8518.03,,conventional,2016,Charlotte
2017-05-21,1.5,227842.05,56077.9,87872.71,7712.06,76179.38,71310.74,4868.64,0.0,conventional,2017,Charlotte
2016-05-29,1.21,235009.02,,92110.53,41274.31,51876.53,45120.69,6510.84,245.0,conventional,2016,Charlotte
2015-05-31,1.19,194630.86,,43259.91,44529.73,61153.08,58990.8,2162.28,,conventional,2015,Charlotte
2016-05-15,1.12,215807.01,31853.93,103793.02,17607.68,62552.38,51589.2,10963.18,0.0,conventional,2016,Charlotte
2017-11-19,1.4,179011.0,47542.0,59312.0,3820.0,68336.0,65221.0,3115.0,,conventional,2017,Charlotte
2016-02-21,1.07,193132.2,36397.39,86393.95,19834.26,50506.6,45927.0,4579.6,,conventional,2016,Charlotte
2015-08-16,1.96,90240.43,24630.76,52035.43,0.0,13574.24,13574.24,0.0,0.0,organic,2015,California
2015-08-09,2.03,86211.24,23147.23,52640.84,0.0,10423.17,10423.17,0.0,,organic,2015,California
2015-05-10,1.4,160570.28,77103.7,70434.57,0.0,13032.01,13032.01,0.0,0.0,organic,2015,California
2015-07-26,1.93,98449.84,31604.24,57990.08,0.0,8855.52,8855.52,0.0,,organic,2015,California
2015-11-08,1.66,101320.15,17074.6,62469.04,0.0,21776.51,20005.46,1771.05,,organic,2015,California
2016-09-04,1.65,178322.37,19885.38,82532.01,0.0,75904.98,72625.37,3279.61,,organic,2016,California
2017-11-19,1.98,122170.14,,47146.26,0.0,49055.36,49022.35,33.01,,organic,2017,California
2016-12-18,1.61,122728.42,18006.04,60993.65,176.75,43551.98,37872.37,5679.61,,organic,2016,California
2017-09-24,2.05,138458.82,34599.22,63107.77,1.57,40750.26,40700.41,49.85,,organic,2017,California
2017-01-29,1.44,165225.54,,65973.06,23.2,68270.7,52928.72,15341.98,,organic,2017,California
2017-11-12,1.99,122017.93,29124.07,43952.88,1.59,48939.39,48885.5,53.89,,organic,2017,California
2015-02-01,1.11,196031.9,142332.45,41999.51,2.92,11697.02,11697.02,0.0,,organic,2015,California
2016-04-24,1.39,208434.9,18891.23,100137.58,3.04,89403.05,89320.2,82.85,,organic,2016,California
2015-09-06,1.99,88963.61,23875.92,56393.97,0.0,8693.72,8693.72,0.0,,organic,2015,California
2017-12-24,1.82,138506.44,25276.34,58176.83,0.0,55053.27,54984.78,68.49,,organic,2017,California
2017-04-30,1.61,199903.62,29040.03,67606.93,7.79,103248.87,99212.47,4036.4,,organic,2017,California
2017-05-07,1.59,211442.68,27955.44,80576.31,1.61,102909.32,102120.45,788.87,0.0,organic,2017,California
2016-12-04,1.89,116895.28,24442.77,50935.56,10.75,41506.2,38051.1,3455.1,,organic,2016,California
2016-10-23,2.58,75897.66,,53304.49,6.17,13447.88,13409.33,38.55,,organic,2016,California
2018-03-25,1.7,190257.38,29644.09,70982.1,0.0,89631.19,89424.11,207.08,,organic,2018,California
2017-11-26,2.0,115472.08,23310.44,47380.19,0.0,44781.45,44756.79,24.66,,organic,2017,California
2016-08-14,1.47,208956.81,28111.21,84313.38,35.82,96496.4,88974.66,7521.74,0.0,organic,2016,California
2015-05-03,1.48,119059.56,54176.97,51542.88,0.0,13339.71,13339.71,0.0,,organic,2015,California
2015-06-14,1.68,116322.44,,54937.64,43.18,9733.63,9733.63,0.0,,organic,2015,California
2017-04-23,1.6,197179.76,,69003.58,4.7,100143.04,86815.31,13327.73,0.0,organic,2017,California
2016-05-01,1.24,225346.56,16747.64,132440.93,0.0,76157.99,76042.95,115.04,0.0,organic,2016,California
2018-03-18,1.75,202790.74,29398.11,70514.05,8.08,102870.5,102717.5,153.0,,organic,2018,California
2017-04-02,1.64,191988.18,31381.85,69457.56,17.3,91131.47,87215.5,3915.97,,organic,2017,California
2016-02-28,1.15,4481119.44,105867.52,3361015.9,84168.72,930067.3,867106.18,62961.12,,conventional,2016,Northeast
2017-01-08,1.25,4691937.5,203756.33,3517891.27,29359.1,940930.8,882013.66,58723.55,,conventional,2017,Northeast
2016-09-25,1.53,3458790.86,446786.96,1993513.53,18241.6,1000248.77,950223.22,49098.88,,conventional,2016,Northeast
2015-12-13,1.09,3696551.52,81055.1,2852333.86,4716.39,758446.17,706707.82,51734.84,,conventional,2015,Northeast
2015-01-11,1.28,3056024.77,97343.55,2070661.43,6915.47,881104.32,796190.93,84913.39,,conventional,2015,Northeast
2016-09-11,1.28,4456957.62,703699.41,2632018.36,25571.12,1095668.73,1028147.48,67007.79,513.46,conventional,2016,Northeast
2015-11-29,1.22,2593780.51,71191.69,1964333.5,3025.26,555230.06,513647.72,41582.34,,conventional,2015,Northeast
2017-09-17,1.54,3350043.59,255828.11,2093753.14,5689.66,994772.68,824931.93,168244.08,1596.67,conventional,2017,Northeast
2016-10-16,1.65,3107049.25,144612.79,2009401.22,13908.08,939127.16,892219.03,46084.52,,conventional,2016,Northeast
2017-09-03,1.75,3330799.31,269503.29,2097278.42,6901.98,957115.62,822614.03,106630.48,,conventional,2017,Northeast
2015-03-15,1.34,3135991.73,111777.91,2082038.09,5531.34,936644.39,843930.39,92714.0,,conventional,2015,Northeast
2017-04-16,1.65,4043204.76,222626.36,2576783.08,14146.92,1229648.4,1019859.84,200044.12,9744.44,conventional,2017,Northeast
2017-07-16,1.5,4180237.98,,2858828.89,30721.99,1024023.73,850086.41,138210.65,,conventional,2017,Northeast
2017-02-05,1.23,6724196.61,624600.42,4684187.02,375904.92,1039504.25,943595.66,84785.68,,conventional,2017,Northeast
2015-08-30,1.2,3825966.51,,2981372.2,11075.1,740291.22,678533.22,60808.49,,conventional,2015,Northeast
2017-10-22,1.51,3380058.07,289343.32,2157327.99,6149.33,927237.43,838555.26,88678.73,,conventional,2017,Northeast
2016-07-31,1.6,3813808.25,224803.7,2213892.51,57230.15,1317881.89,1265795.04,33486.76,18600.09,conventional,2016,Northeast
2017-08-27,1.7,3374546.02,,2076611.47,7302.53,1044181.46,892785.83,130586.74,,conventional,2017,Northeast
2017-11-12,1.26,200521.0,58938.0,69122.0,982.0,71479.0,69009.0,2411.0,59.0,conventional,2017,RichmondNorfolk
2017-04-23,1.25,262771.53,64102.11,92451.08,2142.77,104075.57,103485.2,577.83,,conventional,2017,RichmondNorfolk
2018-01-28,1.21,267305.91,63753.71,104053.12,1743.34,97755.74,87331.26,10414.48,10.0,conventional,2018,RichmondNorfolk
2015-11-15,0.94,198934.23,57421.46,101470.66,9940.86,30101.25,29466.63,634.62,,conventional,2015,RichmondNorfolk
2015-08-23,1.04,232074.44,76650.45,96308.77,12155.66,46959.56,46959.56,0.0,0.0,conventional,2015,RichmondNorfolk
2018-01-07,1.03,300234.79,,94172.95,1657.28,108364.11,99730.22,8633.89,,conventional,2018,RichmondNorfolk
2017-07-09,1.19,257780.31,,84932.95,2084.36,99081.02,89396.86,2634.16,7050.0,conventional,2017,RichmondNorfolk
2017-08-13,1.35,214146.34,,81849.06,1853.27,75096.98,67332.72,4184.26,,conventional,2017,RichmondNorfolk
2015-11-22,1.01,148242.89,44462.58,69493.08,6545.55,27741.68,27736.4,2.64,,conventional,2015,RichmondNorfolk
2015-06-21,1.01,264922.77,95486.41,99696.48,11120.6,58619.28,58619.28,0.0,,conventional,2015,RichmondNorfolk
2017-12-24,1.19,206250.4,49403.62,70977.27,1201.14,84668.37,75698.7,8969.67,,conventional,2017,RichmondNorfolk
2016-06-19,0.99,278178.65,67619.73,122627.22,15409.3,72522.4,67694.0,83.4,,conventional,2016,RichmondNorfolk
2015-07-05,1.01,287571.95,94880.31,118022.58,15212.24,59456.82,58905.71,551.11,0.0,conventional,2015,RichmondNorfolk
2016-07-17,1.06,264253.28,82855.27,92471.42,9386.11,79540.48,69396.45,683.2,,conventional,2016,RichmondNorfolk
2015-02-15,1.13,207249.74,,77855.03,10942.01,47574.75,41738.23,5836.52,,conventional,2015,RichmondNorfolk
2016-11-13,1.33,177641.28,,47266.81,4975.01,43970.14,43970.14,0.0,,conventional,2016,RichmondNorfolk
2017-10-22,1.39,206044.77,44086.63,86692.04,1441.14,73824.96,70959.97,2854.93,,conventional,2017,RichmondNorfolk
2017-10-29,1.33,217679.03,53015.01,82269.66,1275.09,81119.27,78089.52,3026.42,,conventional,2017,RichmondNorfolk
2017-06-25,1.21,251831.45,70138.76,97759.86,1913.81,82019.02,71831.35,4301.84,5885.83,conventional,2017,RichmondNorfolk
2015-01-25,1.17,194086.08,54046.97,75205.48,8644.27,56189.36,45878.25,10311.11,,conventional,2015,RichmondNorfolk
2016-10-23,1.34,178512.86,70435.52,54871.16,5858.15,47348.03,46850.78,497.25,,conventional,2016,RichmondNorfolk
2016-12-18,1.15,174209.1,64259.62,54299.21,2892.26,52758.01,51586.6,1171.41,,conventional,2016,RichmondNorfolk
2015-11-08,0.95,202831.97,,76222.46,12315.03,30658.71,29783.15,875.56,,conventional,2015,RichmondNorfolk
2015-03-29,1.15,205954.04,54695.88,96405.61,11552.86,43299.69,42423.09,876.6,,conventional,2015,RichmondNorfolk
2015-07-26,1.03,222882.86,74157.71,86910.45,11762.3,50052.4,50052.4,0.0,,conventional,2015,RichmondNorfolk
2015-09-13,1.99,902.5,13.86,105.13,0.0,783.51,783.51,0.0,,organic,2015,Albany
2016-03-20,1.76,1733.01,14.09,258.37,0.0,1460.55,1460.55,0.0,,organic,2016,Albany
2017-10-22,1.49,4337.67,3.52,268.83,0.0,4065.32,4061.99,3.33,0.0,organic,2017,Albany
2017-10-15,1.47,4522.84,18.71,237.43,0.0,4266.7,4266.7,0.0,,organic,2017,Albany
2017-03-19,1.87,2763.38,,175.98,0.0,2084.26,2084.26,0.0,,organic,2017,Albany
2016-07-10,1.58,2173.2,31.76,113.57,0.0,2027.87,2027.87,0.0,0.0,organic,2016,Albany
2016-02-21,1.79,1282.87,,213.64,0.0,1045.62,1045.62,0.0,,organic,2016,Albany
2017-08-27,1.91,2525.28,44.15,210.54,0.0,2270.59,2270.59,0.0,,organic,2017,Albany
2017-11-05,1.5,3425.86,,64.14,0.0,3358.16,3358.16,0.0,,organic,2017,Albany
2015-06-07,1.93,1547.03,25.6,125.66,0.0,1395.77,1395.77,0.0,,organic,2015,Albany
2017-06-04,1.63,3771.39,54.47,352.85,0.0,3364.07,3364.07,0.0,,organic,2017,Albany
2016-11-27,1.97,1646.78,50.76,177.08,0.0,1418.94,1418.94,0.0,,organic,2016,Albany
2016-08-21,1.67,1926.01,19.93,233.25,0.0,1672.83,1672.83,0.0,,organic,2016,Albany
2016-11-13,2.0,2084.37,75.8,191.07,0.0,1817.5,1817.5,0.0,,organic,2016,Albany
2015-02-15,1.81,1182.3,,83.02,0.0,1076.54,1076.54,0.0,,organic,2015,Albany
2016-01-24,1.83,1506.87,23.39,294.7,0.0,1188.78,1180.98,7.8,,organic,2016,Albany
2017-09-10,1.78,3139.84,45.5,196.27,0.0,2898.07,2894.74,3.33,0.0,organic,2017,Albany
2017-11-26,1.57,2841.29,27.75,182.15,0.0,2631.39,2631.39,0.0,,organic,2017,Albany
2016-04-03,1.56,1903.46,36.34,193.4,0.0,1673.72,1673.72,0.0,,organic,2016,Albany
2017-11-19,1.75,2506.38,0.0,252.98,0.0,2253.4,2250.07,3.33,,organic,2017,Albany
2015-12-20,1.89,1163.03,30.24,172.14,0.0,960.65,960.65,0.0,,organic,2015,Albany
2015-01-18,1.93,1118.47,8.02,178.78,0.0,931.67,931.67,0.0,0.0,organic,2015,Albany
2015-11-15,1.89,1208.54,,238.16,0.0,949.67,949.67,0.0,,organic,2015,Albany
2017-01-15,1.84,1982.65,82.3,328.02,0.0,1572.33,1572.33,0.0,,organic,2017,Albany
2017-01-01,1.87,1376.7,71.65,192.63,0.0,1112.42,1112.42,0.0,,organic,2017,Albany
2018-03-18,1.66,3154.45,275.89,297.96,0.0,2580.6,2577.27,3.33,,organic,2018,Albany
2017-03-26,2.02,2250.22,166.49,263.32,0.0,1820.41,1820.41,0.0,0.0,organic,2017,Albany
2015-03-15,1.63,9075.16,4595.6,4262.4,0.0,217.16,217.16,0.0,,organic,2015,Sacramento
2015-04-05,1.64,9013.89,4591.9,4319.15,0.0,102.84,102.84,0.0,0.0,organic,2015,Sacramento
2016-10-23,2.23,5525.46,1044.35,3807.61,5.34,668.16,668.16,0.0,,organic,2016,Sacramento
2016-11-27,2.61,4143.89,1531.72,2161.72,2.66,447.79,432.62,15.17,0.0,organic,2016,Sacramento
2018-02-11,1.87,7802.04,,3192.62,0.0,2401.11,2401.11,0.0,,organic,2018,Sacramento
2017-12-03,1.69,6289.72,2066.63,2100.86,0.0,2122.23,2105.56,16.67,,organic,2017,Sacramento
2017-07-23,1.97,7041.27,1474.65,2451.59,0.0,3115.03,3115.03,0.0,,organic,2017,Sacramento
2017-10-29,1.86,7341.92,2787.56,2909.91,0.0,1644.45,1644.45,0.0,0.0,organic,2017,Sacramento
2015-10-25,1.86,5859.11,1291.46,4345.56,0.0,222.09,222.09,0.0,,organic,2015,Sacramento
2015-07-26,2.12,8182.86,2850.16,5160.65,0.0,172.05,172.05,0.0,0.0,organic,2015,Sacramento
2017-10-15,1.92,6689.14,2439.7,3012.02,0.0,1237.42,1237.42,0.0,0.0,organic,2017,Sacramento
2015-03-29,1.64,9959.6,,4490.5,0.0,111.38,111.38,0.0,,organic,2015,Sacramento
2016-10-09,2.39,5634.61,1178.65,4135.76,0.0,320.2,320.2,0.0,,organic,2016,Sacramento
2015-06-07,1.85,9557.56,4934.71,4500.75,0.0,122.1,122.1,0.0,0.0,organic,2015,Sacramento
2016-12-18,2.36,3768.98,1376.52,2177.8,0.0,214.66,214.66,0.0,,organic,2016,Sacramento
2015-05-03,1.64,8315.7,4124.83,4001.1,0.0,189.77,189.77,0.0,,organic,2015,Sacramento
2017-03-26,2.44,6509.21,2084.95,3599.7,0.0,824.56,824.56,0.0,0.0,organic,2017,Sacramento
2016-06-12,2.11,7608.58,1478.16,5966.52,0.0,163.9,163.9,0.0,,organic,2016,Sacramento
2017-01-15,2.31,5267.55,1502.96,3492.53,0.0,272.06,265.39,6.67,,organic,2017,Sacramento
2017-01-08,2.15,5692.25,1630.79,3665.0,0.0,396.46,396.46,0.0,,organic,2017,Sacramento
2015-08-30,2.1,6389.53,1798.88,4370.66,0.0,219.99,219.99,0.0,,organic,2015,Sacramento
2016-05-08,1.4,12962.2,1851.63,10971.67,0.0,138.9,138.9,0.0,,organic,2016,Sacramento
2018-01-14,1.6,9939.69,3653.04,4484.42,0.0,1802.23,1802.23,0.0,0.0,organic,2018,Sacramento
2017-09-03,2.15,8230.33,2654.23,3298.64,0.0,2277.46,2277.46,0.0,0.0,organic,2017,Sacramento
2015-11-08,1.8,5951.51,1335.02,4090.76,0.0,525.73,247.95,277.78,,organic,2015,Sacramento
2017-06-25,2.37,5625.98,2005.87,2820.32,0.0,799.79,796.46,3.33,,organic,2017,Sacramento
2017-10-01,1.86,7334.65,2464.29,2785.94,0.0,2084.42,2077.75,6.67,,organic,2017,Sacramento
2016-09-04,2.19,6913.79,1311.6,5222.39,0.0,379.8,379.8,0.0,,organic,2016,Sacramento
2017-04-09,2.37,6283.41,2155.7,3467.14,0.0,660.57,653.9,6.67,0.0,organic,2017,Sacramento
2016-07-24,2.15,7348.62,1607.42,5412.41,2.66,326.13,326.13,0.0,,organic,2016,Sacramento
2016-08-14,1.96,7490.34,1651.39,5561.63,0.0,277.32,277.32,0.0,,organic,2016,Sacramento
2017-12-17,1.37,9321.92,,5.12,0.0,8381.55,8378.22,3.33,,organic,2017,Pittsburgh
2016-12-18,1.48,6429.27,693.2,13.9,0.0,5722.17,5309.07,413.1,,organic,2016,Pittsburgh
2016-01-17,1.45,1219.69,454.04,41.71,0.0,723.94,559.94,164.0,,organic,2016,Pittsburgh
2018-03-04,1.41,13219.33,1054.97,10.45,0.0,12153.91,12153.91,0.0,,organic,2018,Pittsburgh
2015-11-22,1.54,1158.22,,214.88,0.0,556.58,248.27,308.31,,organic,2015,Pittsburgh
2015-08-09,1.47,2156.53,464.78,6.79,0.0,1684.96,1217.54,467.42,0.0,organic,2015,Pittsburgh
2016-07-03,1.47,3486.32,252.15,525.74,0.0,2708.43,2617.74,90.69,,organic,2016,Pittsburgh
2016-12-11,1.52,7774.07,755.9,17.46,0.0,7000.71,6515.79,484.92,0.0,organic,2016,Pittsburgh
2016-05-15,1.41,2139.33,181.27,240.6,14.83,1702.63,1702.63,0.0,0.0,organic,2016,Pittsburgh
2016-11-06,1.53,8022.27,891.35,73.99,0.0,7056.93,6634.74,422.19,,organic,2016,Pittsburgh
2017-08-20,1.47,8511.04,990.99,14.06,0.0,7505.99,7502.66,3.33,,organic,2017,Pittsburgh
2017-06-11,1.57,3490.48,261.56,0.0,0.0,3228.92,3228.92,0.0,,organic,2017,Pittsburgh
2017-01-29,1.43,8952.16,940.32,19.9,0.0,7991.94,7464.93,527.01,,organic,2017,Pittsburgh
2015-05-10,1.49,2295.39,844.96,42.74,0.0,1407.69,1220.47,187.22,,organic,2015,Pittsburgh
2017-08-13,1.44,9150.32,833.85,36.67,0.0,8279.8,8273.14,6.66,,organic,2017,Pittsburgh
2015-07-26,1.46,1190.83,533.17,38.93,0.0,618.73,80.85,537.88,,organic,2015,Pittsburgh
2017-01-22,1.4,8828.82,,5.01,0.0,8054.99,7606.17,448.82,0.0,organic,2017,Pittsburgh
2015-08-02,1.57,1238.66,574.11,45.73,0.0,618.82,257.53,361.29,,organic,2015,Pittsburgh
2016-06-26,1.48,5570.89,544.91,256.53,0.0,4769.45,4769.45,0.0,,organic,2016,Pittsburgh
2017-11-26,1.37,9578.39,,10.53,0.0,8602.72,8596.05,6.67,,organic,2017,Pittsburgh
2015-11-15,1.43,1387.96,,33.94,0.0,887.99,360.84,527.15,,organic,2015,Pittsburgh
2016-09-11,1.49,6094.84,1073.85,114.5,0.0,4906.49,4522.54,383.95,,organic,2016,Pittsburgh
2017-04-02,1.51,9751.92,805.98,5.46,0.0,8940.48,8410.84,529.64,,organic,2017,Pittsburgh
2015-01-04,1.81,1339.36,754.0,124.33,0.0,461.03,447.01,14.02,,organic,2015,Pittsburgh
2016-01-10,1.4,1314.78,,21.03,0.0,920.09,815.85,104.24,,organic,2016,Pittsburgh
