avocado_missing.csv
Date,AveragePrice,Total Volume,4046,4225,4770,Total Bags,Small Bags,Large Bags,XLarge Bags,type,year,region
2015-05-31,1.58,716942.71,205250.19,333300.63,6835.09,171556.8,117664.54,53892.26,0.0,organic,2015,TotalUS
2017-02-12,1.41,1060775.98,136636.34,297764.4,3486.2,622889.04,410668.26,212220.78,,organic,2017,TotalUS
2018-02-18,1.52,1814929.97,,680037.45,1905.46,886241.96,783017.98,103184.01,,organic,2018,TotalUS
2017-07-23,1.76,1214158.19,,317184.04,3700.92,779486.6,624771.07,154712.59,2.94,organic,2017,TotalUS
2017-08-13,1.88,1014709.07,98007.24,230106.14,1414.21,684998.04,612544.62,72449.02,,organic,2017,TotalUS
2016-04-24,1.25,1475457.53,225429.09,524511.95,8687.81,716828.68,555986.43,160842.25,0.0,organic,2016,TotalUS
2017-02-05,1.36,1015621.03,136100.39,314011.26,2238.78,563270.6,342705.32,220565.28,,organic,2017,TotalUS
2015-02-15,1.58,616177.0,207650.64,228653.33,4950.01,174923.02,140602.0,34321.02,0.0,organic,2015,TotalUS
2016-03-13,1.29,1023655.87,132040.04,346341.46,6709.65,538564.72,282353.48,256211.24,,organic,2016,TotalUS
2017-01-22,1.37,994282.98,115700.02,281786.33,6707.82,590088.81,401805.9,188282.91,,organic,2017,TotalUS
2016-05-29,1.41,1085152.56,137449.41,468311.32,13698.09,465693.74,349592.45,116101.29,,organic,2016,TotalUS
2017-04-09,1.43,1387436.32,148803.12,362152.44,8972.11,867508.65,512721.31,354787.34,,organic,2017,TotalUS
2015-06-28,1.64,659947.03,192182.13,332739.27,5956.87,129068.76,80006.4,49062.36,,organic,2015,TotalUS
2015-11-29,1.5,507830.81,,208733.32,3749.48,216132.5,91658.24,124474.26,,organic,2015,TotalUS
2015-02-08,1.48,730874.31,215657.99,273897.84,5316.55,236001.93,179887.47,56114.46,,organic,2015,TotalUS
2016-05-15,1.45,1023252.17,146037.3,437584.52,8120.53,431509.82,309561.79,121948.03,,organic,2016,TotalUS
2017-11-19,1.77,967886.13,88110.88,213230.36,834.3,665229.98,587077.23,77963.17,,organic,2017,TotalUS
2016-11-27,1.64,761675.87,100240.54,198874.09,3381.69,459179.55,292770.32,166409.23,0.0,organic,2016,TotalUS
2018-01-14,1.59,1476651.08,145680.62,323669.83,1580.01,1005593.78,858772.69,146808.97,12.12,organic,2018,TotalUS
2016-10-02,1.71,790926.03,131467.24,272293.48,4904.25,382261.06,282727.98,99533.08,,organic,2016,TotalUS
2016-01-10,1.35,828670.59,,287590.19,8771.79,418440.98,183115.43,235325.55,,organic,2016,TotalUS
2018-02-11,1.56,1317000.47,98465.26,270798.27,1839.8,945638.02,768242.42,177144.0,,organic,2018,TotalUS
2018-01-28,1.61,1336979.09,118616.17,280080.34,1270.61,936859.49,796104.27,140652.84,,organic,2018,TotalUS
2016-02-28,1.44,845011.63,110120.49,347488.78,10423.3,376979.06,277995.45,98983.61,,organic,2016,TotalUS
2017-01-15,1.44,975724.28,121132.79,280287.84,8750.08,565553.57,400292.46,165261.11,0.0,organic,2017,TotalUS
2015-02-22,1.51,673446.69,272594.88,230342.87,4883.55,165625.39,133314.63,32310.76,0.0,organic,2015,TotalUS
2015-12-13,1.43,624300.31,91837.92,222314.6,11645.54,298502.25,149767.8,148734.45,0.0,organic,2015,TotalUS
2015-10-18,1.71,518034.86,108697.64,224038.49,5199.73,180099.0,101575.52,78523.48,,organic,2015,TotalUS
2015-09-20,1.77,515240.82,126318.13,244950.88,4880.83,139090.98,91117.47,47973.51,0.0,organic,2015,TotalUS
2016-06-26,1.5,1007378.78,,391129.07,6763.46,438431.87,310467.62,127964.25,,organic,2016,TotalUS
2016-06-19,1.45,1071066.66,166983.45,445194.49,12052.84,446835.88,302393.63,144442.25,,organic,2016,TotalUS
2017-04-02,2.0,16320.74,80.78,1392.51,0.0,14847.45,14307.53,539.92,,organic,2017,Boston
2015-08-02,2.12,3357.29,116.22,1353.43,0.0,1887.64,1887.64,0.0,,organic,2015,Boston
2016-07-10,1.59,12513.05,17.34,461.48,0.0,12034.23,11196.41,837.82,,organic,2016,Boston
2016-09-18,1.86,18371.82,,704.63,0.0,17658.82,17658.82,0.0,,organic,2016,Boston
2016-03-06,1.7,10200.05,11.43,1079.31,0.0,9109.31,7203.39,1905.92,0.0,organic,2016,Boston
2016-07-31,1.14,7313.26,16.14,576.55,0.0,6720.57,6710.26,10.31,,organic,2016,Boston
2017-01-22,1.93,15417.31,9.6,969.46,0.0,14438.25,14438.25,0.0,,organic,2017,Boston
2017-03-26,2.02,17307.58,182.23,1192.32,0.0,15933.03,14681.31,1251.72,0.0,organic,2017,Boston
2017-12-10,1.74,26314.71,14.46,1541.99,0.0,24758.26,19905.51,4852.75,,organic,2017,Boston
2015-04-26,1.86,3517.6,4.29,956.52,0.0,2556.79,2556.79,0.0,,organic,2015,Boston
2018-01-21,1.82,26704.98,60.87,2647.48,0.0,23996.63,21985.03,2011.6,,organic,2018,Boston
2015-11-22,1.27,7668.48,71.07,394.69,0.0,7202.72,7202.72,0.0,,organic,2015,Boston
2015-02-01,1.78,2943.85,12.18,1308.94,0.0,1622.73,1622.73,0.0,0.0,organic,2015,Boston
2016-07-24,1.49,9837.59,3.7,666.04,0.0,9167.85,8677.91,489.94,,organic,2016,Boston
2017-02-12,1.95,17727.36,13.45,1111.3,13.52,16589.09,15419.88,1169.21,,organic,2017,Boston
2018-02-18,1.83,27960.77,11.63,1603.22,0.0,26345.92,22938.29,3407.63,0.0,organic,2018,Boston
2016-11-06,1.72,9755.42,62.71,1259.58,0.0,8433.13,8433.13,0.0,,organic,2016,Boston
2015-10-25,1.27,8471.24,11.38,407.12,0.0,8052.74,6608.59,1444.15,,organic,2015,Boston
2015-05-24,1.21,267022.77,58855.6,80893.32,50072.71,77201.14,76580.12,621.02,0.0,conventional,2015,RaleighGreensboro
2015-10-25,1.22,199222.68,,50170.35,50086.92,46227.43,44925.95,1301.48,,conventional,2015,RaleighGreensboro
2015-08-09,1.23,234070.7,42925.31,65067.83,44441.11,81636.45,81028.63,607.82,0.0,conventional,2015,RaleighGreensboro
2018-02-04,0.97,525075.42,119688.78,132891.28,5891.9,266603.46,254234.83,12368.63,,conventional,2018,RaleighGreensboro
2017-04-30,1.44,309256.66,87512.66,108724.01,6537.73,106482.26,102811.33,3670.93,,conventional,2017,RaleighGreensboro
2016-07-17,1.28,279442.6,47084.06,109983.48,29372.59,93002.47,82748.32,685.82,9568.33,conventional,2016,RaleighGreensboro
2016-09-11,1.31,248257.02,55464.08,81087.7,19102.71,92602.53,88122.17,4475.36,,conventional,2016,RaleighGreensboro
2017-12-10,1.03,356980.37,91718.59,76259.58,4128.62,184873.58,180009.62,4863.96,,conventional,2017,RaleighGreensboro
2016-07-31,1.33,273951.5,59207.74,116645.19,25331.72,72766.85,68455.47,1258.6,,conventional,2016,RaleighGreensboro
2017-05-21,1.39,312273.14,87350.21,110400.31,6949.54,107573.08,104411.01,3162.07,,conventional,2017,RaleighGreensboro
2017-12-17,1.24,253164.73,,70218.88,3459.14,99975.18,97660.72,2310.02,,conventional,2017,RaleighGreensboro
2017-06-18,1.34,263858.47,63136.38,95583.32,6670.12,98468.65,93661.14,1772.51,3035.0,conventional,2017,RaleighGreensboro
2015-08-16,1.23,241120.74,50360.32,59216.72,47919.71,83623.99,83231.2,392.79,0.0,conventional,2015,RaleighGreensboro
2018-02-25,1.28,343583.53,,120240.34,5425.62,126662.06,119370.42,7291.64,0.0,conventional,2018,RaleighGreensboro
2016-03-06,1.08,298087.71,,140242.5,22198.37,69214.92,68588.92,626.0,0.0,conventional,2016,RaleighGreensboro
2016-08-21,1.29,279090.94,67590.68,102580.71,21071.46,87848.09,87548.68,299.41,,conventional,2016,RaleighGreensboro
2015-11-22,1.02,179083.03,,75630.56,25366.63,33965.32,33573.06,392.26,,conventional,2015,RaleighGreensboro
2015-10-04,1.29,187692.67,48417.65,56829.33,45935.19,36510.5,34300.9,2209.6,,conventional,2015,RaleighGreensboro
2016-04-24,1.07,311438.51,69533.11,135696.85,18008.74,88199.81,87008.55,1191.26,0.0,conventional,2016,RaleighGreensboro
2015-07-19,1.2,246513.23,46281.36,63762.88,45046.22,91422.77,90363.6,1059.17,,conventional,2015,RaleighGreensboro
2016-12-18,1.26,197054.39,60411.01,60081.51,8199.68,68362.19,66189.15,2173.04,,conventional,2016,RaleighGreensboro
2017-09-03,1.54,263532.84,63349.98,96363.44,5765.75,98053.67,91379.99,2160.35,4513.33,conventional,2017,RaleighGreensboro
2017-07-09,1.25,309542.11,92214.73,91091.46,5985.39,120250.53,113413.21,1835.65,5001.67,conventional,2017,RaleighGreensboro
2017-08-06,1.29,288674.63,84938.56,97693.5,5724.63,100317.94,95244.27,3590.34,1483.33,conventional,2017,RaleighGreensboro
2015-01-25,1.16,233277.19,61158.75,59374.75,36067.46,76676.23,63206.25,13469.98,0.0,conventional,2015,RaleighGreensboro
2015-12-20,0.98,189584.22,43169.56,78630.35,20913.36,46870.95,46617.48,253.47,,conventional,2015,RaleighGreensboro
2016-03-27,1.14,260487.14,44251.14,129664.47,15425.72,71145.81,70533.29,612.52,0.0,conventional,2016,RaleighGreensboro
2016-12-25,1.24,208041.0,57636.61,63983.54,6997.22,79423.63,76469.05,2793.47,161.11,conventional,2016,RaleighGreensboro
2015-02-22,0.85,5208272.73,3077730.66,1408136.41,81708.29,640697.37,529675.01,111022.36,,conventional,2015,SouthCentral
2016-03-06,0.78,5848140.87,3596735.53,903361.32,390174.57,957869.45,822317.08,128134.68,,conventional,2016,SouthCentral
2016-05-29,0.8,6239677.27,,1322066.02,347794.01,1299214.04,1034533.11,229576.24,,conventional,2016,SouthCentral
2016-09-11,0.82,6236078.55,3652516.49,1003811.64,15092.69,1564657.73,1379670.23,173092.74,,conventional,2016,SouthCentral
2017-09-03,1.24,4677784.49,2610726.8,799483.48,11103.09,1256471.12,925948.98,319844.34,10677.8,conventional,2017,SouthCentral
2016-10-02,1.01,5006659.75,2488198.8,1053485.59,17352.41,1447622.95,1091904.2,338402.33,17316.42,conventional,2016,SouthCentral
2016-12-18,0.72,5483207.89,2789696.38,1116482.22,15771.64,1561257.65,1144739.27,383503.55,,conventional,2016,SouthCentral
2016-01-17,0.81,5735627.03,2836077.92,1756468.7,373209.85,769870.56,621920.46,136801.89,,conventional,2016,SouthCentral
2016-09-18,0.86,6130653.55,3357771.2,1103971.44,16478.55,1652432.36,1446564.1,189481.99,16386.27,conventional,2016,SouthCentral
2017-05-14,0.92,6551804.0,3340446.93,1114123.07,22104.73,2075129.27,1494262.46,545591.74,35275.07,conventional,2017,SouthCentral
2017-01-08,0.74,6347964.79,3529761.56,1305030.08,18206.06,1494967.09,1296031.4,183062.26,15873.43,conventional,2017,SouthCentral
2016-06-26,0.89,6046264.46,,995499.7,425639.83,1477093.31,1226901.91,190503.41,,conventional,2016,SouthCentral
2015-01-18,0.79,5322625.57,2839359.92,1782045.18,146481.44,554739.03,497106.16,57607.18,25.69,conventional,2015,SouthCentral
2015-07-19,0.83,5703940.56,3141801.51,1766900.01,28797.39,766441.65,589126.53,177294.71,,conventional,2015,SouthCentral
2017-05-07,0.85,7922898.43,4093101.6,1453770.19,18738.51,2357288.13,1526967.7,810444.58,,conventional,2017,SouthCentral
2016-07-24,0.97,5528475.32,,1095930.61,29835.26,1329077.21,1169824.57,105002.77,,conventional,2016,SouthCentral
2017-12-31,0.85,6150665.32,2819105.97,1288524.97,22204.28,2020830.1,1456270.21,563984.42,575.47,conventional,2017,SouthCentral
2016-07-17,0.94,5449441.63,2950117.14,1052370.81,44558.77,1402394.91,1297883.28,87850.35,,conventional,2016,SouthCentral
2017-02-19,0.75,5953222.87,2869772.48,1114706.47,207634.25,1761109.67,1408219.68,330575.32,22314.67,conventional,2017,SouthCentral
2015-10-11,0.83,5236047.86,2351606.01,1833545.05,426600.81,624295.99,504922.39,119235.17,,conventional,2015,SouthCentral
2017-11-19,0.97,4864335.0,2719309.0,742890.0,17529.0,1384607.0,973474.0,409491.0,,conventional,2017,SouthCentral
2015-05-10,0.79,6400340.97,3969053.76,1709201.45,36330.84,685754.92,533597.59,152122.11,,conventional,2015,SouthCentral
2016-12-11,1.16,1887.69,0.0,710.07,0.0,1177.62,363.34,814.28,,organic,2016,Louisville
2015-10-25,1.64,1779.45,,1631.97,0.0,78.42,0.0,78.42,0.0,organic,2015,Louisville
2017-09-10,2.0,3517.63,2.58,948.75,0.0,2566.3,1066.09,1500.21,,organic,2017,Louisville
2015-12-27,1.82,862.59,9.98,690.02,0.0,162.59,60.0,102.59,0.0,organic,2015,Louisville
2016-09-25,1.81,1727.77,0.0,1385.64,0.0,342.13,263.34,78.79,,organic,2016,Louisville
2015-09-27,1.79,1602.79,24.36,1309.08,0.0,269.35,206.67,62.68,,organic,2015,Louisville
2017-07-16,1.55,4638.85,,1527.56,0.0,3111.29,924.38,2186.91,,organic,2017,Louisville
2015-01-18,1.79,1106.86,5.19,676.38,0.0,425.29,420.0,5.29,,organic,2015,Louisville
2016-08-28,1.23,3998.13,7.91,2027.99,0.0,1962.23,460.0,1502.23,,organic,2016,Louisville
2015-12-06,1.19,1391.25,15.13,868.57,0.0,507.55,0.0,507.55,,organic,2015,Louisville
2017-05-28,1.32,4451.69,0.0,1185.02,0.0,3266.67,763.33,2503.34,,organic,2017,Louisville
2015-01-25,1.68,1201.46,3.57,740.48,0.0,457.41,216.67,240.74,,organic,2015,Louisville
2017-06-18,1.19,4866.2,,1421.83,0.0,3444.37,6.67,3437.7,,organic,2017,Louisville
2016-02-21,1.64,897.77,27.95,646.39,0.0,223.43,53.33,170.1,0.0,organic,2016,Louisville
2016-01-17,1.85,1241.24,67.79,1037.86,0.0,135.59,0.0,135.59,0.0,organic,2016,Louisville
2016-10-09,1.08,4017.83,0.0,1676.0,0.0,2341.83,273.33,2068.5,,organic,2016,Louisville
2015-11-22,1.87,1202.46,7.6,1107.08,0.0,87.78,3.33,84.45,,organic,2015,Louisville
2015-05-31,1.34,2103.36,,1031.77,0.0,1062.94,370.98,691.96,0.0,organic,2015,Louisville
2017-11-12,1.69,2717.83,,944.43,0.0,1772.1,1111.38,660.72,,organic,2017,Louisville
2016-03-13,1.08,3691.76,0.0,1890.63,0.0,1801.13,200.0,1601.13,,organic,2016,Louisville
2016-02-07,1.59,1259.46,7.32,890.84,0.0,361.3,83.33,277.97,,organic,2016,Louisville
2016-02-28,1.24,89262.56,28679.61,6947.04,2.79,53633.12,38914.83,14718.29,0.0,organic,2016,SouthCentral
2016-08-07,1.26,138004.86,44893.49,5386.67,0.0,87724.7,52854.44,34870.26,,organic,2016,SouthCentral
2017-01-01,1.23,66616.54,,4797.17,17.37,39327.05,37358.81,1968.24,,organic,2017,SouthCentral
2017-03-26,1.03,197899.23,,5189.22,0.0,145963.29,135199.37,10763.92,,organic,2017,SouthCentral
2015-01-25,1.37,58961.59,34211.11,8792.21,0.0,15958.27,15613.33,344.94,,organic,2015,SouthCentral
2016-12-25,1.21,94378.68,28632.23,4227.39,0.0,61519.06,59525.98,1993.08,0.0,organic,2016,SouthCentral
2015-04-19,1.39,66454.5,44632.62,5565.23,31.07,16225.58,15914.33,311.25,,organic,2015,SouthCentral
2015-09-13,1.5,70718.4,30871.61,4925.51,0.0,34921.28,34652.38,268.9,0.0,organic,2015,SouthCentral
2017-11-26,1.57,91204.54,17430.38,3137.84,0.0,70636.32,69765.16,871.16,,organic,2017,SouthCentral
2016-07-24,1.21,136429.31,53040.76,6134.35,0.0,77254.2,65513.34,11740.86,,organic,2016,SouthCentral
2015-02-01,1.28,64156.46,33408.72,10410.41,0.0,20337.33,19943.33,394.0,,organic,2015,SouthCentral
2015-11-15,1.5,57245.86,25332.33,4491.84,2.84,27418.85,27000.42,418.43,,organic,2015,SouthCentral
2017-01-29,1.08,121203.53,35172.06,5405.54,0.0,80625.93,76958.46,3667.47,,organic,2017,SouthCentral
2017-05-14,1.46,142740.06,30921.33,12795.99,0.0,99022.74,93390.04,5632.7,,organic,2017,SouthCentral
2016-03-13,1.24,86860.92,,7254.38,0.0,46536.78,39531.89,7004.89,,organic,2016,SouthCentral
2017-07-30,1.52,124143.15,34533.3,4894.84,0.0,84715.01,82561.9,2153.11,,organic,2017,SouthCentral
2016-01-31,1.41,69115.72,29502.87,4582.19,2.77,35027.89,34397.13,630.76,,organic,2016,SouthCentral
2016-08-14,0.98,278711.99,76071.17,5041.32,0.0,197599.5,189805.15,7794.35,,organic,2016,SouthCentral
2015-06-07,1.37,49534.9,34890.42,5388.51,0.0,9255.97,8464.03,791.94,,organic,2015,SouthCentral
2017-08-13,1.52,112607.87,26288.07,4083.7,0.0,82236.1,81577.02,659.08,,organic,2017,SouthCentral
2017-12-10,1.5,102658.15,18348.97,3120.89,0.0,81188.29,70929.35,10258.94,0.0,organic,2017,SouthCentral
2015-03-29,1.42,60007.19,,5897.44,0.0,25236.92,25143.34,93.58,0.0,organic,2015,SouthCentral
2016-12-18,1.1,100860.88,23988.1,4296.17,0.0,72576.61,67763.58,4813.03,,organic,2016,SouthCentral
2015-10-18,1.49,60543.94,30085.91,4880.71,0.0,25577.32,24530.1,1047.22,,organic,2015,SouthCentral
2018-03-25,1.52,15372.8,2399.71,3164.8,0.0,9808.29,9789.7,18.59,,organic,2018,PhoenixTucson
2017-11-26,1.87,11120.24,2272.35,2038.36,0.0,6809.53,6809.53,0.0,0.0,organic,2017,PhoenixTucson
2017-10-01,1.8,11071.7,2624.47,142.4,0.0,8304.83,8270.68,34.15,,organic,2017,PhoenixTucson
2017-11-19,1.9,12057.89,2224.57,2164.09,0.0,7669.23,7651.82,17.41,,organic,2017,PhoenixTucson
2017-04-16,1.51,16022.22,3513.65,5291.51,0.0,7217.06,6768.0,449.06,,organic,2017,PhoenixTucson
2016-12-04,1.96,7009.95,2315.4,3214.55,0.0,1480.0,1469.13,10.87,0.0,organic,2016,PhoenixTucson
2015-07-19,1.85,6428.81,4840.08,1182.27,0.0,406.46,223.33,183.13,0.0,organic,2015,PhoenixTucson
2017-11-12,1.9,12462.54,2436.77,1918.4,0.0,8107.37,8096.02,11.35,,organic,2017,PhoenixTucson
2016-08-21,2.08,9183.92,4111.69,2936.92,0.0,2135.31,523.78,1611.53,,organic,2016,PhoenixTucson
2018-01-14,1.77,13514.36,3618.9,2795.53,0.0,7099.93,7086.72,13.21,0.0,organic,2018,PhoenixTucson
2017-10-08,1.78,11837.2,2749.91,124.43,0.0,8962.86,8921.88,40.98,,organic,2017,PhoenixTucson
2015-11-15,1.89,7451.55,6237.29,1005.37,0.0,208.89,203.33,5.56,,organic,2015,PhoenixTucson
2017-03-26,1.37,20102.19,4708.54,5221.26,0.0,10172.39,9863.66,308.73,,organic,2017,PhoenixTucson
2017-02-05,1.23,18884.1,5981.39,5129.05,0.0,7773.66,7773.66,0.0,0.0,organic,2017,PhoenixTucson
2016-11-13,1.86,11446.65,3176.7,3129.58,0.0,5140.37,4928.5,211.87,,organic,2016,PhoenixTucson
2015-12-27,1.72,7422.47,5038.15,906.49,0.0,1477.83,1324.33,153.5,,organic,2015,PhoenixTucson
2015-03-01,1.37,14618.92,11419.13,1565.66,0.0,1634.13,1626.67,7.46,,organic,2015,PhoenixTucson
2017-02-26,1.22,25773.92,,8709.92,0.0,11606.16,11557.93,48.23,,organic,2017,PhoenixTucson
2016-07-31,2.19,10363.16,4126.75,3944.27,0.0,2292.14,472.12,1820.02,,organic,2016,PhoenixTucson
2016-11-06,2.35,8304.78,,3921.27,0.0,1162.11,1048.78,113.33,,organic,2016,PhoenixTucson
2016-07-17,1.77,14216.44,6636.6,4590.54,0.0,2989.3,432.21,2557.09,0.0,organic,2016,PhoenixTucson
