avocado_missing.csv
Date,AveragePrice,Total Volume,4046,4225,4770,Total Bags,Small Bags,Large Bags,XLarge Bags,type,year,region
2015-03-08,1.37,330353.76,119664.32,178258.33,176.53,32254.58,14940.27,17314.31,,organic,2015,West
2016-09-11,1.48,197265.79,43258.13,39127.68,77.84,114802.14,46197.11,68605.03,,organic,2016,West
2017-09-17,2.4,139471.62,22989.15,25396.53,55.47,91030.47,60324.57,30664.81,41.09,organic,2017,West
2015-08-23,1.75,182568.08,,68168.99,86.19,51571.18,8054.58,43516.6,,organic,2015,West
2016-10-30,2.16,96943.41,,39555.64,60.88,14563.71,11572.83,2990.88,0.0,organic,2016,West
2015-06-28,1.59,228925.49,72925.55,121231.87,210.81,34557.26,4069.12,30488.14,,organic,2015,West
2016-12-04,1.31,202181.56,29864.64,36193.58,63.49,136059.85,20438.49,115621.36,,organic,2016,West
2016-05-29,1.37,249655.68,37317.27,123135.77,3020.45,86182.19,52709.61,33472.58,,organic,2016,West
2018-01-14,1.82,207999.67,33869.12,47435.14,433.52,126261.89,89115.78,37133.99,,organic,2018,West
2017-07-16,2.22,151281.1,20505.23,50838.62,1247.45,78689.8,32458.05,46231.75,,organic,2017,West
2017-12-31,1.48,229477.07,26883.07,53165.3,86.61,149342.09,66254.72,82977.6,109.77,organic,2017,West
2017-04-02,0.98,402676.23,,58330.53,207.85,310044.52,155701.41,154343.11,0.0,organic,2017,West
2018-03-18,1.73,210067.47,33437.98,47165.54,110.4,129353.55,73163.12,56020.24,170.19,organic,2018,West
2017-10-08,2.37,153186.84,25306.59,26921.31,62.43,100896.51,65388.81,35461.95,45.75,organic,2017,West
2017-04-30,1.4,259279.19,61897.14,51045.63,294.91,146041.51,37095.98,108945.53,,organic,2017,West
2015-01-04,1.4,187548.3,70313.71,72942.11,24.3,44268.18,10023.72,34244.46,,organic,2015,West
2017-10-01,2.45,122625.26,16845.73,24294.75,25.18,81459.6,44948.19,36434.83,76.58,organic,2017,West
2017-02-26,1.14,308828.87,43171.62,63444.18,108.13,202104.94,99636.02,102468.92,,organic,2017,West
2016-12-25,0.91,318683.18,19703.32,48083.12,142.0,250754.74,58951.54,191803.2,0.0,organic,2016,West
2016-12-11,1.34,163585.07,31859.03,32090.48,64.88,99570.68,24023.81,75546.87,0.0,organic,2016,West
2018-01-07,1.48,297190.6,34734.97,62967.74,157.77,199330.12,103761.55,95544.39,,organic,2018,West
2016-03-27,1.39,208015.17,34897.61,73832.59,73.54,99211.43,24069.73,75141.7,,organic,2016,West
2016-01-17,1.27,190161.43,28881.17,58843.29,69.26,102367.71,20133.83,82233.88,,organic,2016,West
2018-02-25,1.49,301985.61,34200.18,49139.34,85.58,218560.51,99989.62,118314.77,,organic,2018,West
2017-12-24,1.66,232395.98,30630.73,38800.38,84.09,162880.78,90385.44,72367.24,,organic,2017,West
2015-04-05,1.69,194132.3,69519.19,82145.27,78.72,42389.12,8993.07,33396.05,,organic,2015,West
2017-05-07,1.19,442825.93,85438.01,70952.57,396.53,286038.82,84763.47,201275.35,0.0,organic,2017,West
2018-02-11,1.47,275248.53,,61713.53,243.0,188559.45,88497.05,99810.8,251.6,organic,2018,West
2016-01-24,1.27,184872.75,28542.09,50418.71,133.0,105778.95,43105.63,62673.32,,organic,2016,West
2016-02-21,1.37,163120.64,,50654.13,60.78,90356.64,45278.4,45078.24,0.0,organic,2016,West
2017-10-22,2.0,168954.65,23092.88,31148.28,120.28,114593.21,79759.6,34775.7,,organic,2017,West
2016-11-06,1.84,140457.87,32388.45,43773.59,89.29,64206.54,14689.35,49517.19,,organic,2016,West
2015-10-04,2.25,15454.59,,11877.16,47.48,1551.24,428.68,1122.56,,organic,2015,NewYork
2017-01-15,2.09,42233.25,6002.05,18195.1,117.02,17919.08,17791.92,127.16,,organic,2017,NewYork
2016-04-10,2.2,30461.39,3080.48,11181.09,2403.64,13796.18,12723.77,1072.41,,organic,2016,NewYork
2015-09-20,2.01,17916.34,3810.93,12299.01,1110.43,695.97,695.97,0.0,,organic,2015,NewYork
2016-07-10,2.33,50300.29,4834.52,19429.86,2346.9,23689.01,23056.33,632.68,,organic,2016,NewYork
2017-02-26,1.77,91212.34,14208.53,48448.61,164.07,28391.13,28122.96,268.17,,organic,2017,NewYork
2016-02-14,2.11,28290.46,4689.2,9473.43,1200.23,12927.6,10463.68,2463.92,,organic,2016,NewYork
2017-12-10,1.79,79929.45,8727.63,19910.92,102.93,51187.97,50816.5,371.47,,organic,2017,NewYork
2015-05-17,2.06,21815.46,2917.8,10860.17,90.34,7947.15,7947.15,0.0,,organic,2015,NewYork
2018-01-28,1.75,96380.28,13196.3,24933.01,128.24,58122.73,56090.23,2032.5,,organic,2018,NewYork
2015-04-19,2.04,24265.78,2688.07,16785.46,34.25,4758.0,4758.0,0.0,0.0,organic,2015,NewYork
2016-06-19,2.26,37403.19,3233.43,14646.75,174.74,19348.27,18633.3,714.97,,organic,2016,NewYork
2015-01-11,2.03,14817.97,1744.44,10901.43,60.93,2111.17,2111.17,0.0,0.0,organic,2015,NewYork
2016-01-03,1.61,21072.22,,4127.37,1756.97,13885.59,869.14,13016.45,,organic,2016,NewYork
2017-10-08,2.06,67166.62,6353.85,16664.55,133.03,44015.19,43893.94,121.25,0.0,organic,2017,NewYork
2016-04-24,2.11,50334.94,,15498.3,2803.92,27549.57,27093.07,456.5,,organic,2016,NewYork
2017-08-13,2.07,73309.74,4392.15,21953.83,234.58,46729.18,46723.25,5.93,0.0,organic,2017,NewYork
2017-03-26,2.18,87897.32,12071.11,41311.15,90.5,34424.56,34341.53,83.03,,organic,2017,NewYork
2015-08-02,2.12,13852.18,,8910.09,213.73,2798.37,2798.37,0.0,,organic,2015,NewYork
2016-07-17,2.4,55607.08,4034.86,16488.14,2929.81,32154.27,31257.04,897.23,,organic,2016,NewYork
2015-04-12,1.86,25674.65,3711.04,14390.54,22.19,7550.88,7550.88,0.0,,organic,2015,NewYork
2015-09-27,2.22,17054.18,2222.04,12986.86,536.67,1308.61,898.99,409.62,,organic,2015,NewYork
2017-03-19,1.86,147248.57,30270.92,85793.31,114.28,31070.06,30832.74,237.32,,organic,2017,NewYork
2016-03-13,1.96,33409.96,7270.09,12040.43,2080.55,12018.89,10528.46,1490.43,,organic,2016,NewYork
2017-10-15,2.09,69241.11,6708.76,14018.78,100.55,48413.02,48265.51,147.51,0.0,organic,2017,NewYork
2018-03-18,1.7,189434.04,44234.93,80052.02,53.56,65093.53,64851.08,242.45,,organic,2018,NewYork
2017-04-09,2.22,69388.43,8494.69,34731.6,166.09,25996.05,25956.87,39.18,,organic,2017,NewYork
2016-10-23,2.1,8442.79,1932.33,4815.3,33.45,1661.71,1661.71,0.0,,organic,2016,NewYork
2016-09-25,2.34,31716.46,3786.22,10296.42,600.95,17032.87,16887.13,145.74,,organic,2016,NewYork
2018-02-25,1.72,112128.84,12369.59,43197.79,217.92,56343.54,56343.54,0.0,0.0,organic,2018,NewYork
2015-02-15,1.91,25037.76,2255.75,15250.35,49.9,7481.76,7481.76,0.0,,organic,2015,NewYork
2017-01-08,2.15,42755.8,6642.33,18205.31,338.5,17569.66,17103.64,466.02,,organic,2017,NewYork
2015-11-22,1.57,67773.07,,52934.16,0.0,6807.46,3107.27,3700.19,,organic,2015,GreatLakes
2016-04-17,1.33,122388.94,2776.24,73943.65,12.53,45656.52,18674.26,26982.26,0.0,organic,2016,GreatLakes
2016-07-31,1.66,116608.12,5611.64,67958.96,25.44,43012.08,20164.41,22847.67,,organic,2016,GreatLakes
2015-03-01,1.69,61260.09,3154.34,43284.57,0.0,14821.18,13128.9,1692.28,,organic,2015,GreatLakes
2017-07-30,1.65,178141.22,3482.46,65083.8,0.0,109284.6,76778.61,32505.99,0.0,organic,2017,GreatLakes
2016-03-13,1.33,106057.37,,67123.23,6.11,35387.04,11461.81,23925.23,,organic,2016,GreatLakes
2015-01-25,1.63,59906.52,3609.5,45327.3,0.0,10969.72,6137.81,4831.91,,organic,2015,GreatLakes
2016-08-14,1.67,116220.19,6686.26,68598.93,6.35,40928.65,14160.18,26768.47,,organic,2016,GreatLakes
2015-01-04,1.54,61615.1,3633.93,42963.06,0.0,15018.11,9763.55,5254.56,,organic,2015,GreatLakes
2018-03-11,1.31,324172.31,,117026.23,0.0,199137.6,158988.83,40148.77,,organic,2018,GreatLakes
2016-11-13,1.58,123515.34,4040.88,58221.76,0.0,61252.7,21907.65,39345.05,,organic,2016,GreatLakes
2015-04-12,1.42,149583.28,3254.92,135705.27,0.0,10623.09,8421.24,2201.85,,organic,2015,GreatLakes
2015-12-20,1.55,62669.16,7341.18,45409.35,6.23,9912.4,4761.67,5150.73,0.0,organic,2015,GreatLakes
2017-03-19,1.55,137494.38,5897.6,78592.68,0.0,53004.1,26849.16,26154.94,,organic,2017,GreatLakes
2016-06-12,1.34,152083.91,4237.01,93651.84,123.81,54071.25,17489.33,36581.92,,organic,2016,GreatLakes
2017-02-26,0.94,253169.88,4551.23,80014.82,0.0,168603.83,31222.06,137381.77,0.0,organic,2017,GreatLakes
2017-04-02,1.51,179232.9,4631.4,90013.63,0.0,84587.87,30833.38,53754.49,,organic,2017,GreatLakes
2018-02-18,1.45,157146.89,4271.27,44540.75,1.63,108112.62,98871.98,9240.64,,organic,2018,GreatLakes
2018-01-28,1.42,200318.01,4791.32,53866.78,0.0,141507.43,101734.66,39772.77,,organic,2018,GreatLakes
2016-01-03,1.44,83325.98,,56407.64,3.09,18435.6,5929.53,12506.07,,organic,2016,GreatLakes
2018-01-07,1.4,224698.1,8227.83,55921.31,0.0,160398.29,126158.83,34239.46,,organic,2018,GreatLakes
2017-12-10,1.49,148882.83,3001.05,51148.46,0.0,94204.9,82525.77,11679.13,,organic,2017,GreatLakes
2017-06-18,1.56,148060.59,3126.38,73192.35,0.0,71741.86,11087.54,60654.32,0.0,organic,2017,GreatLakes
2016-10-16,1.35,147526.08,,61066.85,0.0,81748.31,25550.93,56197.38,,organic,2016,GreatLakes
2016-09-04,1.47,139374.22,,74111.53,0.0,59031.59,13790.28,45241.31,0.0,organic,2016,GreatLakes
2017-08-27,1.73,150638.77,,41060.13,32.22,106294.09,83337.67,22956.42,0.0,organic,2017,GreatLakes
2016-10-30,1.86,112134.82,3718.89,73774.98,0.0,34640.95,19270.51,15370.44,,organic,2016,GreatLakes
2016-05-22,1.26,141771.45,3108.88,90216.06,62.5,48384.01,14127.21,34256.8,,organic,2016,GreatLakes
2015-05-17,1.44,82513.95,3514.15,57296.83,0.0,21702.97,8158.29,13544.68,0.0,organic,2015,GreatLakes
2015-06-14,1.58,80790.46,3599.24,60044.76,0.0,17146.46,11975.99,5170.47,0.0,organic,2015,GreatLakes
2017-09-10,1.1,1138315.8,606027.02,165584.72,2452.1,364251.96,259297.35,104954.61,,conventional,2017,Houston
2015-06-28,0.74,1135915.03,613485.76,337700.09,1935.65,182793.53,87444.74,95348.79,,conventional,2015,Houston
2016-07-10,0.89,1101543.61,,208421.56,41628.96,244423.19,201545.27,39452.64,,conventional,2016,Houston
2016-05-15,0.69,1343566.69,614769.67,335853.13,95672.31,297271.58,102106.82,192425.32,,conventional,2016,Houston
2017-11-19,0.89,1142126.0,620361.0,134476.0,2776.0,384513.0,298259.0,86254.0,,conventional,2017,Houston
2016-04-10,0.7,1271741.46,757578.32,188936.32,151966.39,173260.43,117792.84,50449.53,,conventional,2016,Houston
2018-03-25,0.56,2120511.03,837700.97,162473.38,4190.48,1116146.2,952254.7,161188.17,2703.33,conventional,2018,Houston
2016-08-07,0.92,1040953.31,,239657.73,5032.97,181492.43,121223.82,60268.61,0.0,conventional,2016,Houston
2016-10-16,0.98,992992.79,492462.88,223737.35,3348.82,273443.74,132407.09,141036.65,,conventional,2016,Houston
2016-11-27,0.82,854629.64,,173401.51,3567.44,152336.04,81852.59,70483.45,,conventional,2016,Houston
2017-01-15,0.53,1613159.67,,184545.5,2711.5,291152.19,242009.67,49139.19,,conventional,2017,Houston
2016-11-13,1.05,828866.8,431731.62,231630.38,4850.4,160654.4,61276.87,99274.75,,conventional,2016,Houston
2015-08-23,0.89,933166.17,509472.17,321616.5,4323.68,97753.82,62733.47,35020.35,,conventional,2015,Houston
2015-05-10,0.76,1201673.17,654227.6,424395.94,3776.21,119273.42,49686.88,69586.54,0.0,conventional,2015,Houston
2015-02-22,0.82,978807.74,520034.92,346617.64,6532.39,105622.79,73227.41,32395.38,,conventional,2015,Houston
2017-12-03,0.77,1398400.0,540763.0,289729.0,7694.0,560213.0,479680.0,80533.0,0.0,conventional,2017,Houston
2016-12-11,0.73,1015973.91,413907.52,275659.29,3480.07,322927.03,70239.25,252687.78,,conventional,2016,Houston
2015-12-27,0.78,944506.54,389773.22,288003.62,126150.81,140578.89,73711.94,36493.62,,conventional,2015,Houston
2017-05-28,0.87,1315258.8,627786.36,268181.39,5549.79,413741.26,187986.63,225754.63,,conventional,2017,Houston
2015-04-12,0.79,1096074.97,,353794.42,3936.53,107051.39,97144.19,9907.2,,conventional,2015,Houston
2015-11-08,0.75,983909.85,427828.16,411365.91,20404.29,124311.49,56573.89,67737.6,,conventional,2015,Houston
2015-06-14,0.62,1533409.28,924661.29,439063.48,4700.1,164984.41,85200.08,79784.33,,conventional,2015,Houston
2015-01-04,0.71,1062990.62,506426.58,436347.57,4378.92,115837.55,90299.85,25537.7,0.0,conventional,2015,Houston
2018-02-18,0.68,1572064.61,931553.8,160780.41,4045.42,475684.98,372117.42,103276.45,,conventional,2018,Houston
2017-09-17,1.58,462796.84,11826.63,323528.38,1322.39,126119.44,89622.85,36416.59,,conventional,2017,Boston
2016-12-18,1.09,579577.33,6123.84,488107.01,7765.43,77581.05,76135.49,1445.56,,conventional,2016,Boston
2016-01-17,1.02,665217.66,4392.86,486767.87,32505.74,141551.19,141307.39,243.8,,conventional,2016,Boston
2016-09-04,1.41,541671.24,,381830.77,10225.22,126133.31,125074.64,665.06,393.61,conventional,2016,Boston
2017-03-26,1.51,550948.58,6860.31,412840.77,3403.92,127843.58,115695.54,11461.93,,conventional,2017,Boston
2016-05-29,1.08,673496.13,7708.04,461424.99,72848.75,131514.35,129466.02,142.22,,conventional,2016,Boston
2016-06-05,1.26,634989.55,8833.67,417995.15,51385.74,156774.99,155072.41,120.91,,conventional,2016,Boston
2017-11-12,1.23,639092.0,,533027.0,5720.0,84655.0,74568.0,10086.0,,conventional,2017,Boston
2017-07-02,1.67,545128.14,6572.32,437068.51,4890.2,96597.11,88408.03,5364.08,2825.0,conventional,2017,Boston
2015-05-03,1.17,552368.94,3828.64,429586.28,239.76,118714.26,115148.87,3565.39,,conventional,2015,Boston
2015-08-23,1.07,589471.32,4744.11,488292.1,608.61,95826.5,95585.38,241.12,,conventional,2015,Boston
2018-01-28,1.22,800274.4,14384.54,680080.04,2656.9,103152.92,77511.92,25561.0,80.0,conventional,2018,Boston
2017-08-06,1.55,604758.68,8619.19,470232.85,3211.56,122695.08,85619.14,35182.6,,conventional,2017,Boston
2017-02-12,1.12,791126.41,83640.38,593329.02,11050.66,103106.35,97915.93,5190.42,0.0,conventional,2017,Boston
2015-03-01,1.11,485736.1,4106.42,383573.77,192.98,97862.93,97423.17,439.76,,conventional,2015,Boston
2017-04-23,1.63,520793.48,9577.17,382449.77,3293.6,125472.94,104839.16,20633.78,0.0,conventional,2017,Boston
2017-06-11,1.72,583709.06,5556.48,457512.97,3039.46,117600.15,109052.09,5650.84,,conventional,2017,Boston
2016-11-13,1.56,397601.1,5233.97,314434.8,3726.92,74205.41,74205.41,0.0,0.0,conventional,2016,Boston
2018-02-11,1.3,834304.52,23220.89,703749.06,6620.69,100713.88,86124.35,13366.2,,conventional,2018,Boston
2017-11-05,1.61,18723.45,256.08,154.47,5.48,18307.42,18300.82,6.6,,organic,2017,HarrisburgScranton
2017-02-19,1.62,13264.69,3590.54,2202.3,10.47,7461.38,7429.08,32.3,,organic,2017,HarrisburgScranton
2016-12-18,1.82,6655.29,325.22,257.46,4.28,6068.33,6034.87,33.46,0.0,organic,2016,HarrisburgScranton
2016-07-17,2.04,12285.03,236.86,185.69,536.89,11325.59,9574.3,1751.29,,organic,2016,HarrisburgScranton
2015-09-13,1.84,2056.82,83.47,177.37,8.35,1787.63,1787.63,0.0,0.0,organic,2015,HarrisburgScranton
2015-09-27,2.24,1140.95,106.54,222.08,8.74,803.59,803.59,0.0,,organic,2015,HarrisburgScranton
2017-03-12,2.21,7789.5,476.63,345.2,19.42,6948.25,6948.25,0.0,0.0,organic,2017,HarrisburgScranton
2015-05-24,1.84,4440.45,75.43,178.79,15.02,4171.21,4171.21,0.0,,organic,2015,HarrisburgScranton
2017-05-14,2.13,10398.91,,444.34,11.48,9660.85,9660.85,0.0,0.0,organic,2017,HarrisburgScranton
2017-07-30,1.59,14096.72,,177.87,9.09,13678.38,13673.94,4.44,,organic,2017,HarrisburgScranton
2015-12-20,2.09,2787.93,116.92,171.24,17.81,2481.96,1452.29,1029.67,,organic,2015,HarrisburgScranton
2016-08-28,1.69,3284.45,214.69,298.76,18.72,2752.28,2752.28,0.0,,organic,2016,HarrisburgScranton
2018-02-04,1.5,21055.52,,300.03,6.03,20426.93,20329.15,97.78,,organic,2018,HarrisburgScranton
2016-10-02,1.86,4651.52,199.5,142.72,18.24,4291.06,4282.53,8.53,,organic,2016,HarrisburgScranton
2016-07-24,1.62,5387.66,154.4,319.09,138.06,4776.11,4513.07,263.04,0.0,organic,2016,HarrisburgScranton
2015-01-18,1.94,1355.5,50.54,127.76,8.74,1168.46,1168.46,0.0,0.0,organic,2015,HarrisburgScranton
2017-07-23,1.43,21137.13,231.9,221.59,23.38,20660.26,20656.93,3.33,,organic,2017,HarrisburgScranton
2015-03-15,1.72,2403.77,52.73,270.59,0.0,2080.45,2080.45,0.0,,organic,2015,HarrisburgScranton
2015-11-08,1.99,1162.68,,263.8,11.95,720.94,648.49,72.45,,organic,2015,HarrisburgScranton
2016-01-24,1.79,7830.1,100.32,193.57,13.56,7522.65,1930.55,5592.1,,organic,2016,HarrisburgScranton
