avocado_missing.csv
Date,AveragePrice,Total Volume,4046,4225,4770,Total Bags,Small Bags,Large Bags,XLarge Bags,type,year,region
2017-04-30,1.38,3291328.16,,1301500.7,32879.9,1185502.1,1038439.12,142458.63,4604.35,conventional,2017,Midsouth
2016-12-25,1.23,2180512.1,,873785.28,33980.02,811135.44,680183.89,126818.99,,conventional,2016,Midsouth
2015-08-23,1.12,2765838.1,,1286342.3,210164.47,697778.71,654945.01,41707.37,1126.33,conventional,2015,Midsouth
2017-09-03,1.54,2561783.52,512114.91,1135717.01,24649.0,889302.6,747801.46,116289.45,,conventional,2017,Midsouth
2017-12-24,1.26,2494315.29,589482.87,939519.27,19763.67,945549.48,824335.49,118291.12,2922.87,conventional,2017,Midsouth
2018-02-04,0.96,5286412.87,1259113.31,1697962.55,30102.36,2299234.65,2012145.29,280722.16,,conventional,2018,Midsouth
2015-10-04,1.18,2233935.94,,1070891.86,194003.8,501338.98,438547.27,61454.54,,conventional,2015,Midsouth
2015-04-05,1.19,2519677.31,617567.29,1066608.5,183653.85,651847.67,607923.59,42910.27,,conventional,2015,Midsouth
2016-01-03,1.01,2967929.65,675102.33,1566127.03,150716.62,575983.67,504610.53,64629.99,6743.15,conventional,2016,Midsouth
2017-01-01,1.12,2878967.54,653896.0,1285364.27,64703.08,875004.19,719379.64,151226.51,,conventional,2017,Midsouth
2016-10-23,1.47,2287507.52,611972.37,851527.3,94122.62,729885.23,621196.02,104911.15,,conventional,2016,Midsouth
2015-05-10,1.17,2956859.19,721935.59,1299998.7,190755.81,744169.09,679213.0,64322.24,,conventional,2015,Midsouth
2015-05-24,1.14,3119050.91,719874.17,1431141.56,231744.91,736290.27,679537.84,55107.23,1645.2,conventional,2015,Midsouth
2015-10-11,1.13,2329757.67,469059.21,1057488.47,277954.43,525255.56,455592.88,68091.96,,conventional,2015,Midsouth
2015-06-07,1.14,2918298.91,724315.73,1217522.42,200001.49,776459.27,717859.42,56141.4,,conventional,2015,Midsouth
2017-01-15,1.23,3034320.24,,1293221.45,43787.1,1003636.5,876946.57,125271.44,,conventional,2017,Midsouth
2017-12-10,1.07,3370521.81,728666.15,1219626.41,17891.07,1404338.18,1229379.23,172927.24,2031.71,conventional,2017,Midsouth
2016-08-21,1.27,2840526.38,,1180365.78,96330.92,879371.22,774039.71,94491.42,10840.09,conventional,2016,Midsouth
2016-07-24,1.32,2914817.51,611049.2,1286835.89,133520.1,883412.32,738517.02,97932.68,46962.62,conventional,2016,Midsouth
2015-03-29,1.18,2523110.39,576473.89,1160794.38,203057.64,582784.48,547007.1,35421.43,,conventional,2015,Midsouth
2016-07-31,1.35,2787002.19,612846.55,1247700.03,127238.92,799216.69,705609.86,74747.99,,conventional,2016,Midsouth
2018-01-07,1.2,3437632.8,998436.07,1224229.25,24958.08,1190009.4,1033913.96,152674.33,,conventional,2018,Midsouth
2018-03-11,1.15,3874143.18,1003594.96,1291212.19,26832.41,1552503.62,1389780.99,153631.49,,conventional,2018,Midsouth
2016-04-17,1.06,3029003.02,544932.88,1613809.61,97349.53,772911.0,692332.57,75800.03,,conventional,2016,Midsouth
2017-10-08,1.72,2133166.39,515353.83,852450.97,19640.32,745721.27,630328.89,115357.54,34.84,conventional,2017,Midsouth
2015-11-08,1.04,2503008.26,568612.19,1248271.45,228267.05,457857.57,402488.58,52180.99,3188.0,conventional,2015,Midsouth
2015-11-29,1.05,1845443.13,417849.42,939038.5,101739.67,386815.54,344830.99,40738.63,,conventional,2015,Midsouth
2015-07-12,1.84,4614.82,585.84,1449.2,538.65,2041.13,1609.25,431.88,0.0,organic,2015,SouthCarolina
2016-03-27,1.41,7001.06,778.61,2339.58,242.07,3640.8,3388.69,252.11,,organic,2016,SouthCarolina
2017-12-17,1.44,13189.97,69.2,3091.47,78.86,9950.44,9296.79,653.65,,organic,2017,SouthCarolina
2018-02-11,1.47,14289.52,70.09,4206.95,84.14,9928.34,8754.94,1173.4,0.0,organic,2018,SouthCarolina
2016-12-25,1.59,6491.55,293.57,2329.01,197.27,3671.7,2797.68,874.02,,organic,2016,SouthCarolina
2015-07-26,1.81,3851.22,825.68,1299.64,416.03,1309.87,775.67,534.2,,organic,2015,SouthCarolina
2017-12-31,1.36,16505.2,72.42,4072.89,116.33,12243.56,11889.19,354.37,0.0,organic,2017,SouthCarolina
2015-12-13,1.74,3893.76,558.34,1373.19,268.34,1693.89,1601.85,92.04,,organic,2015,SouthCarolina
2017-03-26,1.7,7812.03,709.1,4844.72,260.45,1997.76,220.04,1777.72,,organic,2017,SouthCarolina
2016-02-07,1.61,4661.03,573.69,1792.04,364.71,1930.59,1801.35,129.24,,organic,2016,SouthCarolina
2015-09-13,1.98,3338.53,510.57,1315.43,465.66,1046.87,1036.36,10.51,,organic,2015,SouthCarolina
2015-02-08,1.56,6072.82,475.63,2142.16,552.27,2902.76,2600.0,302.76,0.0,organic,2015,SouthCarolina
2017-09-03,2.11,14334.93,,3882.22,127.89,10116.9,8988.45,1128.45,,organic,2017,SouthCarolina
2018-02-18,1.43,15443.91,145.58,4665.8,78.05,10554.48,9900.82,653.66,0.0,organic,2018,SouthCarolina
2017-08-20,1.88,14864.18,322.82,3927.75,88.54,10525.07,10329.68,195.39,,organic,2017,SouthCarolina
2017-06-18,1.72,13816.79,235.14,5136.73,132.12,8312.8,6835.95,1476.85,0.0,organic,2017,SouthCarolina
2016-04-17,1.47,8123.8,812.04,2592.81,324.57,4394.38,3937.03,457.35,,organic,2016,SouthCarolina
2016-08-14,1.61,13377.37,1080.09,3792.29,542.8,7962.19,6868.73,1093.46,,organic,2016,SouthCarolina
2017-09-17,2.21,11850.68,184.23,3603.67,86.44,7976.34,6711.54,1264.8,0.0,organic,2017,SouthCarolina
